Component: ARM Compiler 5.06 update 6 (build 750) Tool: armlink [4d35ed]

==============================================================================

Section Cross References

    startup_stm32f405xx.o(RESET) refers to startup_stm32f405xx.o(STACK) for __initial_sp
    startup_stm32f405xx.o(RESET) refers to startup_stm32f405xx.o(.text) for Reset_Handler
    startup_stm32f405xx.o(RESET) refers to stm32f4xx_it.o(i.NMI_Handler) for NMI_Handler
    startup_stm32f405xx.o(RESET) refers to stm32f4xx_it.o(i.HardFault_Handler) for HardFault_Handler
    startup_stm32f405xx.o(RESET) refers to stm32f4xx_it.o(i.MemManage_Handler) for MemManage_Handler
    startup_stm32f405xx.o(RESET) refers to stm32f4xx_it.o(i.BusFault_Handler) for BusFault_Handler
    startup_stm32f405xx.o(RESET) refers to stm32f4xx_it.o(i.UsageFault_Handler) for UsageFault_Handler
    startup_stm32f405xx.o(RESET) refers to stm32f4xx_it.o(i.SVC_Handler) for SVC_Handler
    startup_stm32f405xx.o(RESET) refers to stm32f4xx_it.o(i.DebugMon_Handler) for DebugMon_Handler
    startup_stm32f405xx.o(RESET) refers to stm32f4xx_it.o(i.PendSV_Handler) for PendSV_Handler
    startup_stm32f405xx.o(RESET) refers to stm32f4xx_it.o(i.SysTick_Handler) for SysTick_Handler
    startup_stm32f405xx.o(RESET) refers to stm32f4xx_it.o(i.TIM1_BRK_TIM9_IRQHandler) for TIM1_BRK_TIM9_IRQHandler
    startup_stm32f405xx.o(RESET) refers to stm32f4xx_it.o(i.DMA2_Stream0_IRQHandler) for DMA2_Stream0_IRQHandler
    startup_stm32f405xx.o(RESET) refers to stm32f4xx_it.o(i.DMA2_Stream3_IRQHandler) for DMA2_Stream3_IRQHandler
    startup_stm32f405xx.o(RESET) refers to stm32f4xx_it.o(i.OTG_FS_IRQHandler) for OTG_FS_IRQHandler
    startup_stm32f405xx.o(.text) refers to system_stm32f4xx.o(i.SystemInit) for SystemInit
    startup_stm32f405xx.o(.text) refers to entry.o(.ARM.Collect$$$$00000000) for __main
    main.o(i.SystemClock_Config) refers to memseta.o(.text) for __aeabi_memclr4
    main.o(i.SystemClock_Config) refers to stm32f4xx_hal_rcc.o(i.HAL_RCC_OscConfig) for HAL_RCC_OscConfig
    main.o(i.SystemClock_Config) refers to main.o(i.Error_Handler) for Error_Handler
    main.o(i.SystemClock_Config) refers to stm32f4xx_hal_rcc.o(i.HAL_RCC_ClockConfig) for HAL_RCC_ClockConfig
    main.o(i.fputc) refers to stm32f4xx_hal_uart.o(i.HAL_UART_Transmit) for HAL_UART_Transmit
    main.o(i.fputc) refers to usart.o(.bss) for huart4
    main.o(i.main) refers to stm32f4xx_hal.o(i.HAL_Init) for HAL_Init
    main.o(i.main) refers to main.o(i.SystemClock_Config) for SystemClock_Config
    main.o(i.main) refers to gpio.o(i.MX_GPIO_Init) for MX_GPIO_Init
    main.o(i.main) refers to dma.o(i.MX_DMA_Init) for MX_DMA_Init
    main.o(i.main) refers to spi.o(i.MX_SPI1_Init) for MX_SPI1_Init
    main.o(i.main) refers to tim.o(i.MX_TIM7_Init) for MX_TIM7_Init
    main.o(i.main) refers to usart.o(i.MX_UART4_Init) for MX_UART4_Init
    main.o(i.main) refers to tim.o(i.MX_TIM9_Init) for MX_TIM9_Init
    main.o(i.main) refers to i2c.o(i.MX_I2C1_Init) for MX_I2C1_Init
    main.o(i.main) refers to tim.o(i.MX_TIM6_Init) for MX_TIM6_Init
    main.o(i.main) refers to usb_device.o(i.MX_USB_DEVICE_Init) for MX_USB_DEVICE_Init
    main.o(i.main) refers to mpu6000.o(i.mpu6000Init) for mpu6000Init
    main.o(i.main) refers to pca9685.o(i.PCA9685_Init) for PCA9685_Init
    main.o(i.main) refers to stm32f4xx_hal_tim.o(i.HAL_TIM_Base_Start) for HAL_TIM_Base_Start
    main.o(i.main) refers to stm32f4xx_hal_tim.o(i.HAL_TIM_IC_Start_IT) for HAL_TIM_IC_Start_IT
    main.o(i.main) refers to mpu6000.o(i.mpu6000AccRead) for mpu6000AccRead
    main.o(i.main) refers to mpu6000.o(i.mpu6000GyroRead) for mpu6000GyroRead
    main.o(i.main) refers to kalman.o(i.KalmanCalculation) for KalmanCalculation
    main.o(i.main) refers to ano_dt.o(i.ANO_DT_Send_Status) for ANO_DT_Send_Status
    main.o(i.main) refers to tim.o(.bss) for htim6
    main.o(i.main) refers to main.o(.bss) for acc_data
    main.o(i.main) refers to main.o(.data) for roll
    gpio.o(i.MX_GPIO_Init) refers to memseta.o(.text) for __aeabi_memclr4
    gpio.o(i.MX_GPIO_Init) refers to stm32f4xx_hal_gpio.o(i.HAL_GPIO_WritePin) for HAL_GPIO_WritePin
    gpio.o(i.MX_GPIO_Init) refers to stm32f4xx_hal_gpio.o(i.HAL_GPIO_Init) for HAL_GPIO_Init
    dma.o(i.MX_DMA_Init) refers to stm32f4xx_hal_cortex.o(i.HAL_NVIC_SetPriority) for HAL_NVIC_SetPriority
    dma.o(i.MX_DMA_Init) refers to stm32f4xx_hal_cortex.o(i.HAL_NVIC_EnableIRQ) for HAL_NVIC_EnableIRQ
    i2c.o(i.HAL_I2C_MspDeInit) refers to stm32f4xx_hal_gpio.o(i.HAL_GPIO_DeInit) for HAL_GPIO_DeInit
    i2c.o(i.HAL_I2C_MspInit) refers to memseta.o(.text) for __aeabi_memclr4
    i2c.o(i.HAL_I2C_MspInit) refers to stm32f4xx_hal_gpio.o(i.HAL_GPIO_Init) for HAL_GPIO_Init
    i2c.o(i.MX_I2C1_Init) refers to stm32f4xx_hal_i2c.o(i.HAL_I2C_Init) for HAL_I2C_Init
    i2c.o(i.MX_I2C1_Init) refers to main.o(i.Error_Handler) for Error_Handler
    i2c.o(i.MX_I2C1_Init) refers to i2c.o(.bss) for hi2c1
[...]

    Global Symbols

    Symbol Name                              Value     Ov Type        Size  Object(Section)

    BuildAttributes$$THM_ISAv4$E$P$D$K$B$S$7EM$VFPi3$EXTD16$VFPS$VFMA$PE$A:L22UL41UL21$X:L11$S22US41US21$IEEE1$IW$USESV6$~STKCKD$USESV7$~SHL$OTIME$ROPI$IEEEX$EBA8$MICROLIB$REQ8$PRES8$EABIv2 0x00000000   Number         0  anon$$obj.o ABSOLUTE
    __ARM_use_no_argv                        0x00000000   Number         0  main.o ABSOLUTE
    __cpp_initialize__aeabi_                  - Undefined Weak Reference
    __cxa_finalize                            - Undefined Weak Reference
    _clock_init                               - Undefined Weak Reference
    _microlib_exit                            - Undefined Weak Reference
    __Vectors_Size                           0x00000188   Number         0  startup_stm32f405xx.o ABSOLUTE
    __Vectors                                0x08000000   Data           4  startup_stm32f405xx.o(RESET)
    __Vectors_End                            0x08000188   Data           0  startup_stm32f405xx.o(RESET)
    __main                                   0x08000189   Thumb Code     0  entry.o(.ARM.Collect$$$$00000000)
    _main_stk                                0x08000189   Thumb Code     0  entry2.o(.ARM.Collect$$$$00000001)
    _main_scatterload                        0x0800018d   Thumb Code     0  entry5.o(.ARM.Collect$$$$00000004)
    __main_after_scatterload                 0x08000191   Thumb Code     0  entry5.o(.ARM.Collect$$$$00000004)
    _main_clock                              0x08000191   Thumb Code     0  entry7b.o(.ARM.Collect$$$$00000008)
    _main_cpp_init                           0x08000191   Thumb Code     0  entry8b.o(.ARM.Collect$$$$0000000A)
    _main_init                               0x08000191   Thumb Code     0  entry9a.o(.ARM.Collect$$$$0000000B)
    __rt_final_cpp                           0x08000199   Thumb Code     0  entry10a.o(.ARM.Collect$$$$0000000D)
    __rt_final_exit                          0x08000199   Thumb Code     0  entry11a.o(.ARM.Collect$$$$0000000F)
    Reset_Handler                            0x0800019d   Thumb Code     8  startup_stm32f405xx.o(.text)
    ADC_IRQHandler                           0x080001b7   Thumb Code     0  startup_stm32f405xx.o(.text)
    CAN1_RX0_IRQHandler                      0x080001b7   Thumb Code     0  startup_stm32f405xx.o(.text)
    CAN1_RX1_IRQHandler                      0x080001b7   Thumb Code     0  startup_stm32f405xx.o(.text)
    CAN1_SCE_IRQHandler                      0x080001b7   Thumb Code     0  startup_stm32f405xx.o(.text)
    CAN1_TX_IRQHandler                       0x080001b7   Thumb Code     0  startup_stm32f405xx.o(.text)
    CAN2_RX0_IRQHandler                      0x080001b7   Thumb Code     0  startup_stm32f405xx.o(.text)
    CAN2_RX1_IRQHandler                      0x080001b7   Thumb Code     0  startup_stm32f405xx.o(.text)
    CAN2_SCE_IRQHandler                      0x080001b7   Thumb Code     0  startup_stm32f405xx.o(.text)
    CAN2_TX_IRQHandler                       0x080001b7   Thumb Code     0  startup_stm32f405xx.o(.text)
    DMA1_Stream0_IRQHandler                  0x080001b7   Thumb Code     0  startup_stm32f405xx.o(.text)
    DMA1_Stream1_IRQHandler                  0x080001b7   Thumb Code     0  startup_stm32f405xx.o(.text)
    DMA1_Stream2_IRQHandler                  0x080001b7   Thumb Code     0  startup_stm32f405xx.o(.text)
    DMA1_Stream3_IRQHandler                  0x080001b7   Thumb Code     0  startup_stm32f405xx.o(.text)
    DMA1_Stream4_IRQHandler                  0x080001b7   Thumb Code     0  startup_stm32f405xx.o(.text)
    DMA1_Stream5_IRQHandler                  0x080001b7   Thumb Code     0  startup_stm32f405xx.o(.text)
    DMA1_Stream6_IRQHandler                  0x080001b7   Thumb Code     0  startup_stm32f405xx.o(.text)
    DMA1_Stream7_IRQHandler                  0x080001b7   Thumb Code     0  startup_stm32f405xx.o(.text)
    DMA2_Stream1_IRQHandler                  0x080001b7   Thumb Code     0  startup_stm32f405xx.o(.text)
    DMA2_Stream2_IRQHandler                  0x080001b7   Thumb Code     0  startup_stm32f405xx.o(.text)
    DMA2_Stream4_IRQHandler                  0x080001b7   Thumb Code     0  startup_stm32f405xx.o(.text)
    DMA2_Stream5_IRQHandler                  0x080001b7   Thumb Code     0  startup_stm32f405xx.o(.text)
    DMA2_Stream6_IRQHandler                  0x080001b7   Thumb Code     0  startup_stm32f405xx.o(.text)
    DMA2_Stream7_IRQHandler                  0x080001b7   Thumb Code     0  startup_stm32f405xx.o(.text)
    EXTI0_IRQHandler                         0x080001b7   Thumb Code     0  startup_stm32f405xx.o(.text)
    EXTI15_10_IRQHandler                     0x080001b7   Thumb Code     0  startup_stm32f405xx.o(.text)
    EXTI1_IRQHandler                         0x080001b7   Thumb Code     0  startup_stm32f405xx.o(.text)
    EXTI2_IRQHandler                         0x080001b7   Thumb Code     0  startup_stm32f405xx.o(.text)
    EXTI3_IRQHandler                         0x080001b7   Thumb Code     0  startup_stm32f405xx.o(.text)
    EXTI4_IRQHandler                         0x080001b7   Thumb Code     0  startup_stm32f405xx.o(.text)
    EXTI9_5_IRQHandler                       0x080001b7   Thumb Code     0  startup_stm32f405xx.o(.text)
    FLASH_IRQHandler                         0x080001b7   Thumb Code     0  startup_stm32f405xx.o(.text)
    FMC_IRQHandler                           0x080001b7   Thumb Code     0  startup_stm32f405xx.o(.text)
    FPU_IRQHandler                           0x080001b7   Thumb Code     0  startup_stm32f405xx.o(.text)
    HASH_RNG_IRQHandler                      0x080001b7   Thumb Code     0  startup_stm32f405xx.o(.text)
    I2C1_ER_IRQHandler                       0x080001b7   Thumb Code     0  startup_stm32f405xx.o(.text)
    I2C1_EV_IRQHandler                       0x080001b7   Thumb Code     0  startup_stm32f405xx.o(.text)
    I2C2_ER_IRQHandler                       0x080001b7   Thumb Code     0  startup_stm32f405xx.o(.text)
    I2C2_EV_IRQHandler                       0x080001b7   Thumb Code     0  startup_stm32f405xx.o(.text)
    I2C3_ER_IRQHandler                       0x080001b7   Thumb Code     0  startup_stm32f405xx.o(.text)
    I2C3_EV_IRQHandler                       0x080001b7   Thumb Code     0  startup_stm32f405xx.o(.text)
    OTG_FS_WKUP_IRQHandler                   0x080001b7   Thumb Code     0  startup_stm32f405xx.o(.text)
    OTG_HS_EP1_IN_IRQHandler                 0x080001b7   Thumb Code     0  startup_stm32f405xx.o(.text)
    OTG_HS_EP1_OUT_IRQHandler                0x080001b7   Thumb Code     0  startup_stm32f405xx.o(.text)
    OTG_HS_IRQHandler                        0x080001b7   Thumb Code     0  startup_stm32f405xx.o(.text)
    OTG_HS_WKUP_IRQHandler                   0x080001b7   Thumb Code     0  startup_stm32f405xx.o(.text)
    PVD_IRQHandler                           0x080001b7   Thumb Code     0  startup_stm32f405xx.o(.text)
    RCC_IRQHandler                           0x080001b7   Thumb Code     0  startup_stm32f405xx.o(.text)
    RTC_Alarm_IRQHandler                     0x080001b7   Thumb Code     0  startup_stm32f405xx.o(.text)
    RTC_WKUP_IRQHandler                      0x080001b7   Thumb Code     0  startup_stm32f405xx.o(.text)
    SDIO_IRQHandler                          0x080001b7   Thumb Code     0  startup_stm32f405xx.o(.text)
    SPI1_IRQHandler                          0x080001b7   Thumb Code     0  startup_stm32f405xx.o(.text)
    SPI2_IRQHandler                          0x080001b7   Thumb Code     0  startup_stm32f405xx.o(.text)
    SPI3_IRQHandler                          0x080001b7   Thumb Code     0  startup_stm32f405xx.o(.text)
    TAMP_STAMP_IRQHandler                    0x080001b7   Thumb Code     0  startup_stm32f405xx.o(.text)
    TIM1_CC_IRQHandler                       0x080001b7   Thumb Code     0  startup_stm32f405xx.o(.text)
    TIM1_TRG_COM_TIM11_IRQHandler            0x080001b7   Thumb Code     0  startup_stm32f405xx.o(.text)
    TIM1_UP_TIM10_IRQHandler                 0x080001b7   Thumb Code     0  startup_stm32f405xx.o(.text)
    TIM2_IRQHandler                          0x080001b7   Thumb Code     0  startup_stm32f405xx.o(.text)
    TIM3_IRQHandler                          0x080001b7   Thumb Code     0  startup_stm32f405xx.o(.text)
    TIM4_IRQHandler                          0x080001b7   Thumb Code     0  startup_stm32f405xx.o(.text)
    TIM5_IRQHandler                          0x080001b7   Thumb Code     0  startup_stm32f405xx.o(.text)
    TIM6_DAC_IRQHandler                      0x080001b7   Thumb Code     0  startup_stm32f405xx.o(.text)
    TIM7_IRQHandler                          0x080001b7   Thumb Code     0  startup_stm32f405xx.o(.text)
    TIM8_BRK_TIM12_IRQHandler                0x080001b7   Thumb Code     0  startup_stm32f405xx.o(.text)
    TIM8_CC_IRQHandler                       0x080001b7   Thumb Code     0  startup_stm32f405xx.o(.text)
    TIM8_TRG_COM_TIM14_IRQHandler            0x080001b7   Thumb Code     0  startup_stm32f405xx.o(.text)
    TIM8_UP_TIM13_IRQHandler                 0x080001b7   Thumb Code     0  startup_stm32f405xx.o(.text)
    UART4_IRQHandler                         0x080001b7   Thumb Code     0  startup_stm32f405xx.o(.text)
    UART5_IRQHandler                         0x080001b7   Thumb Code     0  startup_stm32f405xx.o(.text)
    USART1_IRQHandler                        0x080001b7   Thumb Code     0  startup_stm32f405xx.o(.text)
    USART2_IRQHandler                        0x080001b7   Thumb Code     0  startup_stm32f405xx.o(.text)
    USART3_IRQHandler                        0x080001b7   Thumb Code     0  startup_stm32f405xx.o(.text)
    USART6_IRQHandler                        0x080001b7   Thumb Code     0  startup_stm32f405xx.o(.text)
    WWDG_IRQHandler                          0x080001b7   Thumb Code     0  startup_stm32f405xx.o(.text)
    __aeabi_uldivmod                         0x080001c1   Thumb Code    98  uldiv.o(.text)
    __aeabi_memcpy                           0x08000223   Thumb Code    36  memcpya.o(.text)
    __aeabi_memcpy4                          0x08000223   Thumb Code     0  memcpya.o(.text)
    __aeabi_memcpy8                          0x08000223   Thumb Code     0  memcpya.o(.text)
    __aeabi_memset                           0x08000247   Thumb Code    14  memseta.o(.text)
    __aeabi_memset4                          0x08000247   Thumb Code     0  memseta.o(.text)
    __aeabi_memset8                          0x08000247   Thumb Code     0  memseta.o(.text)
    __aeabi_memclr                           0x08000255   Thumb Code     4  memseta.o(.text)
    __aeabi_memclr4                          0x08000255   Thumb Code     0  memseta.o(.text)
    __aeabi_memclr8                          0x08000255   Thumb Code     0  memseta.o(.text)
    _memset$wrapper                          0x08000259   Thumb Code    18  memseta.o(.text)
    __aeabi_dadd                             0x0800026b   Thumb Code   322  dadd.o(.text)
    __aeabi_dsub                             0x080003ad   Thumb Code     6  dadd.o(.text)
    __aeabi_drsub                            0x080003b3   Thumb Code     6  dadd.o(.text)
    __aeabi_dmul                             0x080003b9   Thumb Code   228  dmul.o(.text)
    __aeabi_ddiv                             0x0800049d   Thumb Code   222  ddiv.o(.text)
    __aeabi_d2uiz                            0x0800057b   Thumb Code    50  dfixui.o(.text)
    __aeabi_f2d                              0x080005ad   Thumb Code    38  f2d.o(.text)
    __aeabi_d2f                              0x080005d3   Thumb Code    56  d2f.o(.text)
    __aeabi_llsl                             0x0800060b   Thumb Code    30  llshl.o(.text)
    _ll_shift_l                              0x0800060b   Thumb Code     0  llshl.o(.text)
    __aeabi_llsr                             0x08000629   Thumb Code    32  llushr.o(.text)
    _ll_ushift_r                             0x08000629   Thumb Code     0  llushr.o(.text)
    __aeabi_lasr                             0x08000649   Thumb Code    36  llsshr.o(.text)
    _ll_sshift_r                             0x08000649   Thumb Code     0  llsshr.o(.text)
    __I$use$fp                               0x0800066d   Thumb Code     0  iusefp.o(.text)
    _float_round                             0x0800066d   Thumb Code    18  fepilogue.o(.text)
    _float_epilogue                          0x0800067f   Thumb Code    92  fepilogue.o(.text)
    _double_round                            0x080006db   Thumb Code    30  depilogue.o(.text)
    _double_epilogue                         0x080006f9   Thumb Code   156  depilogue.o(.text)
    _dsqrt                                   0x08000795   Thumb Code   162  dsqrt.o(.text)
    __aeabi_cdrcmple                         0x08000839   Thumb Code    48  cdrcmple.o(.text)
    __scatterload                            0x08000869   Thumb Code    28  init.o(.text)
    __scatterload_rt2                        0x08000869   Thumb Code     0  init.o(.text)
    __decompress                             0x0800088d   Thumb Code     0  __dczerorl2.o(.text)
    __decompress1                            0x0800088d   Thumb Code    86  __dczerorl2.o(.text)
    ABs                                      0x080008e3   Thumb Code    26  kalman.o(i.ABs)
    ANO_DT_Send_Data                         0x080008fd   Thumb Code    20  ano_dt.o(i.ANO_DT_Send_Data)
    ANO_DT_Send_Status                       0x08000919   Thumb Code   336  ano_dt.o(i.ANO_DT_Send_Status)
    BusFault_Handler                         0x08000a71   Thumb Code     4  stm32f4xx_it.o(i.BusFault_Handler)
    DMA2_Stream0_IRQHandler                  0x08000b09   Thumb Code    10  stm32f4xx_it.o(i.DMA2_Stream0_IRQHandler)
    DMA2_Stream3_IRQHandler                  0x08000b19   Thumb Code    10  stm32f4xx_it.o(i.DMA2_Stream3_IRQHandler)
    DebugMon_Handler                         0x08000c07   Thumb Code     2  stm32f4xx_it.o(i.DebugMon_Handler)
    Error_Handler                            0x08000c09   Thumb Code     2  main.o(i.Error_Handler)
    GPIO_Set                                 0x08000c0b   Thumb Code   222  gpio.o(i.GPIO_Set)
    HAL_DMA_IRQHandler                       0x08000d1d   Thumb Code   570  stm32f4xx_hal_dma.o(i.HAL_DMA_IRQHandler)
    HAL_DMA_Init                             0x08000f5d   Thumb Code   232  stm32f4xx_hal_dma.o(i.HAL_DMA_Init)
    HAL_Delay                                0x08001049   Thumb Code    36  stm32f4xx_hal.o(i.HAL_Delay)
    HAL_GPIO_Init                            0x08001071   Thumb Code   466  stm32f4xx_hal_gpio.o(i.HAL_GPIO_Init)
    HAL_GPIO_WritePin                        0x08001271   Thumb Code    12  stm32f4xx_hal_gpio.o(i.HAL_GPIO_WritePin)
    HAL_GetTick                              0x0800127d   Thumb Code     6  stm32f4xx_hal.o(i.HAL_GetTick)
    HAL_I2C_Init                             0x08001289   Thumb Code   446  stm32f4xx_hal_i2c.o(i.HAL_I2C_Init)
    HAL_I2C_MspInit                          0x08001459   Thumb Code   122  i2c.o(i.HAL_I2C_MspInit)
    HAL_IncTick                              0x080014e1   Thumb Code    16  stm32f4xx_hal.o(i.HAL_IncTick)
    HAL_Init                                 0x080014f9   Thumb Code    54  stm32f4xx_hal.o(i.HAL_Init)
    HAL_InitTick                             0x08001535   Thumb Code    64  stm32f4xx_hal.o(i.HAL_InitTick)
    HAL_MspInit                              0x08001581   Thumb Code    68  stm32f4xx_hal_msp.o(i.HAL_MspInit)
    HAL_NVIC_EnableIRQ                       0x080015c9   Thumb Code    32  stm32f4xx_hal_cortex.o(i.HAL_NVIC_EnableIRQ)
    HAL_NVIC_SetPriority                     0x080015e9   Thumb Code   124  stm32f4xx_hal_cortex.o(i.HAL_NVIC_SetPriority)
    HAL_NVIC_SetPriorityGrouping             0x08001665   Thumb Code    32  stm32f4xx_hal_cortex.o(i.HAL_NVIC_SetPriorityGrouping)
    HAL_PCDEx_LPM_Callback                   0x0800168d   Thumb Code     2  stm32f4xx_hal_pcd_ex.o(i.HAL_PCDEx_LPM_Callback)
    HAL_PCDEx_SetRxFiFo                      0x0800168f   Thumb Code    10  stm32f4xx_hal_pcd_ex.o(i.HAL_PCDEx_SetRxFiFo)
    HAL_PCDEx_SetTxFiFo                      0x08001699   Thumb Code    78  stm32f4xx_hal_pcd_ex.o(i.HAL_PCDEx_SetTxFiFo)
    HAL_PCD_ConnectCallback                  0x080016e7   Thumb Code    14  usbd_conf.o(i.HAL_PCD_ConnectCallback)
    HAL_PCD_DataInStageCallback              0x080016f5   Thumb Code    32  usbd_conf.o(i.HAL_PCD_DataInStageCallback)
    HAL_PCD_DataOutStageCallback             0x08001715   Thumb Code    32  usbd_conf.o(i.HAL_PCD_DataOutStageCallback)
    HAL_PCD_DisconnectCallback               0x08001735   Thumb Code    14  usbd_conf.o(i.HAL_PCD_DisconnectCallback)
    HAL_PCD_EP_Close                         0x08001743   Thumb Code   106  stm32f4xx_hal_pcd.o(i.HAL_PCD_EP_Close)
    HAL_PCD_EP_ClrStall                      0x080017ad   Thumb Code   124  stm32f4xx_hal_pcd.o(i.HAL_PCD_EP_ClrStall)
    HAL_PCD_EP_GetRxCount                    0x08001829   Thumb Code    22  stm32f4xx_hal_pcd.o(i.HAL_PCD_EP_GetRxCount)
    HAL_PCD_EP_Open                          0x0800183f   Thumb Code   140  stm32f4xx_hal_pcd.o(i.HAL_PCD_EP_Open)
    HAL_PCD_EP_Receive                       0x080018cb   Thumb Code    88  stm32f4xx_hal_pcd.o(i.HAL_PCD_EP_Receive)
    HAL_PCD_EP_SetStall                      0x08001923   Thumb Code   138  stm32f4xx_hal_pcd.o(i.HAL_PCD_EP_SetStall)
    HAL_PCD_EP_Transmit                      0x080019ad   Thumb Code    90  stm32f4xx_hal_pcd.o(i.HAL_PCD_EP_Transmit)
    HAL_PCD_IRQHandler                       0x08001a07   Thumb Code  1372  stm32f4xx_hal_pcd.o(i.HAL_PCD_IRQHandler)
    HAL_PCD_ISOINIncompleteCallback          0x08001f63   Thumb Code    18  usbd_conf.o(i.HAL_PCD_ISOINIncompleteCallback)
    HAL_PCD_ISOOUTIncompleteCallback         0x08001f75   Thumb Code    18  usbd_conf.o(i.HAL_PCD_ISOOUTIncompleteCallback)
    HAL_PCD_Init                             0x08001f87   Thumb Code   358  stm32f4xx_hal_pcd.o(i.HAL_PCD_Init)
    HAL_PCD_MspInit                          0x080020ed   Thumb Code   160  usbd_conf.o(i.HAL_PCD_MspInit)
    HAL_PCD_ResetCallback                    0x08002195   Thumb Code    48  usbd_conf.o(i.HAL_PCD_ResetCallback)
    HAL_PCD_ResumeCallback                   0x080021c5   Thumb Code    14  usbd_conf.o(i.HAL_PCD_ResumeCallback)
    HAL_PCD_SOFCallback                      0x080021d3   Thumb Code    14  usbd_conf.o(i.HAL_PCD_SOFCallback)
    HAL_PCD_SetAddress                       0x080021e1   Thumb Code    54  stm32f4xx_hal_pcd.o(i.HAL_PCD_SetAddress)
    HAL_PCD_SetupStageCallback               0x08002217   Thumb Code    18  usbd_conf.o(i.HAL_PCD_SetupStageCallback)
    HAL_PCD_Start                            0x08002229   Thumb Code    74  stm32f4xx_hal_pcd.o(i.HAL_PCD_Start)
    HAL_PCD_SuspendCallback                  0x08002275   Thumb Code    46  usbd_conf.o(i.HAL_PCD_SuspendCallback)
    HAL_RCC_ClockConfig                      0x080022a9   Thumb Code   368  stm32f4xx_hal_rcc.o(i.HAL_RCC_ClockConfig)
    HAL_RCC_GetHCLKFreq                      0x0800242d   Thumb Code     6  stm32f4xx_hal_rcc.o(i.HAL_RCC_GetHCLKFreq)
    HAL_RCC_GetPCLK1Freq                     0x08002439   Thumb Code    22  stm32f4xx_hal_rcc.o(i.HAL_RCC_GetPCLK1Freq)
    HAL_RCC_GetPCLK2Freq                     0x08002459   Thumb Code    22  stm32f4xx_hal_rcc.o(i.HAL_RCC_GetPCLK2Freq)
    HAL_RCC_GetSysClockFreq                  0x08002479   Thumb Code   162  stm32f4xx_hal_rcc.o(i.HAL_RCC_GetSysClockFreq)
    HAL_RCC_OscConfig                        0x08002529   Thumb Code  1152  stm32f4xx_hal_rcc.o(i.HAL_RCC_OscConfig)
    HAL_SPI_Init                             0x080029b1   Thumb Code   140  stm32f4xx_hal_spi.o(i.HAL_SPI_Init)
    HAL_SPI_MspInit                          0x08002a3d   Thumb Code   254  spi.o(i.HAL_SPI_MspInit)
    HAL_SPI_Transmit                         0x08002b55   Thumb Code   418  stm32f4xx_hal_spi.o(i.HAL_SPI_Transmit)
    HAL_SPI_TransmitReceive                  0x08002cf7   Thumb Code   554  stm32f4xx_hal_spi.o(i.HAL_SPI_TransmitReceive)
    HAL_SYSTICK_Config                       0x08002f21   Thumb Code    52  stm32f4xx_hal_cortex.o(i.HAL_SYSTICK_Config)
    HAL_TIMEx_BreakCallback                  0x08002f55   Thumb Code     2  stm32f4xx_hal_tim_ex.o(i.HAL_TIMEx_BreakCallback)
    HAL_TIMEx_CommutCallback                 0x08002f57   Thumb Code     2  stm32f4xx_hal_tim_ex.o(i.HAL_TIMEx_CommutCallback)
    HAL_TIMEx_MasterConfigSynchronization    0x08002f59   Thumb Code   150  stm32f4xx_hal_tim_ex.o(i.HAL_TIMEx_MasterConfigSynchronization)
    HAL_TIM_Base_Init                        0x0800300d   Thumb Code    52  stm32f4xx_hal_tim.o(i.HAL_TIM_Base_Init)
    HAL_TIM_Base_MspInit                     0x08003041   Thumb Code    84  tim.o(i.HAL_TIM_Base_MspInit)
    HAL_TIM_Base_Start                       0x080030a1   Thumb Code    42  stm32f4xx_hal_tim.o(i.HAL_TIM_Base_Start)
    HAL_TIM_Base_Stop                        0x080030cb   Thumb Code    56  stm32f4xx_hal_tim.o(i.HAL_TIM_Base_Stop)
    HAL_TIM_IC_CaptureCallback               0x08003105   Thumb Code    94  ppm_signal.o(i.HAL_TIM_IC_CaptureCallback)
    HAL_TIM_IC_ConfigChannel                 0x08003179   Thumb Code   224  stm32f4xx_hal_tim.o(i.HAL_TIM_IC_ConfigChannel)
    HAL_TIM_IC_Init                          0x08003259   Thumb Code    52  stm32f4xx_hal_tim.o(i.HAL_TIM_IC_Init)
    HAL_TIM_IC_MspInit                       0x0800328d   Thumb Code   136  tim.o(i.HAL_TIM_IC_MspInit)
    HAL_TIM_IC_Start_IT                      0x08003321   Thumb Code   120  stm32f4xx_hal_tim.o(i.HAL_TIM_IC_Start_IT)
    HAL_TIM_IRQHandler                       0x08003399   Thumb Code   406  stm32f4xx_hal_tim.o(i.HAL_TIM_IRQHandler)
    HAL_TIM_OC_DelayElapsedCallback          0x0800352f   Thumb Code     2  stm32f4xx_hal_tim.o(i.HAL_TIM_OC_DelayElapsedCallback)
    HAL_TIM_PWM_PulseFinishedCallback        0x08003531   Thumb Code     2  stm32f4xx_hal_tim.o(i.HAL_TIM_PWM_PulseFinishedCallback)
    HAL_TIM_PeriodElapsedCallback            0x08003533   Thumb Code     2  stm32f4xx_hal_tim.o(i.HAL_TIM_PeriodElapsedCallback)
    HAL_TIM_ReadCapturedValue                0x08003535   Thumb Code    50  stm32f4xx_hal_tim.o(i.HAL_TIM_ReadCapturedValue)
    HAL_TIM_TriggerCallback                  0x08003567   Thumb Code     2  stm32f4xx_hal_tim.o(i.HAL_TIM_TriggerCallback)
    HAL_UART_Init                            0x08003569   Thumb Code   114  stm32f4xx_hal_uart.o(i.HAL_UART_Init)
    HAL_UART_MspInit                         0x080035dd   Thumb Code   122  usart.o(i.HAL_UART_MspInit)
    HAL_UART_Transmit                        0x08003665   Thumb Code   216  stm32f4xx_hal_uart.o(i.HAL_UART_Transmit)
    HardFault_Handler                        0x0800373d   Thumb Code     4  stm32f4xx_it.o(i.HardFault_Handler)
    KalmanCalculation                        0x08003781   Thumb Code  1528  kalman.o(i.KalmanCalculation)
    MX_DMA_Init                              0x08003d95   Thumb Code    68  dma.o(i.MX_DMA_Init)
    MX_GPIO_Init                             0x08003ddd   Thumb Code   206  gpio.o(i.MX_GPIO_Init)
    MX_I2C1_Init                             0x08003eb9   Thumb Code    48  i2c.o(i.MX_I2C1_Init)
    MX_SPI1_Init                             0x08003ef5   Thumb Code    62  spi.o(i.MX_SPI1_Init)
    MX_TIM6_Init                             0x08003f3d   Thumb Code    66  tim.o(i.MX_TIM6_Init)
    MX_TIM7_Init                             0x08003f89   Thumb Code    64  tim.o(i.MX_TIM7_Init)
    MX_TIM9_Init                             0x08003fd1   Thumb Code    84  tim.o(i.MX_TIM9_Init)
    MX_UART4_Init                            0x0800402d   Thumb Code    46  usart.o(i.MX_UART4_Init)
    MX_USB_DEVICE_Init                       0x08004065   Thumb Code    60  usb_device.o(i.MX_USB_DEVICE_Init)
    MemManage_Handler                        0x080040b1   Thumb Code     4  stm32f4xx_it.o(i.MemManage_Handler)
    NMI_Handler                              0x080040b5   Thumb Code     2  stm32f4xx_it.o(i.NMI_Handler)
    OTG_FS_IRQHandler                        0x080040b9   Thumb Code    10  stm32f4xx_it.o(i.OTG_FS_IRQHandler)
    PCA9685_AutoIncrement                    0x080040c9   Thumb Code    16  pca9685.o(i.PCA9685_AutoIncrement)
    PCA9685_Init                             0x080040d9   Thumb Code    62  pca9685.o(i.PCA9685_Init)
    PCA9685_RestartMode                      0x0800411d   Thumb Code    16  pca9685.o(i.PCA9685_RestartMode)
    PCA9685_SetBit                           0x0800412d   Thumb Code    26  pca9685.o(i.PCA9685_SetBit)
    PCA9685_SetPwm                           0x08004147   Thumb Code    68  pca9685.o(i.PCA9685_SetPwm)
    PCA9685_SetPwmFrequency                  0x0800418d   Thumb Code   200  pca9685.o(i.PCA9685_SetPwmFrequency)
    PCA9685_SetServoAngle                    0x08004275   Thumb Code    98  pca9685.o(i.PCA9685_SetServoAngle)
    PCA9685_SleepMode                        0x080042e5   Thumb Code    16  pca9685.o(i.PCA9685_SleepMode)
    PCA9685_SoftwareReset                    0x080042f5   Thumb Code    26  pca9685.o(i.PCA9685_SoftwareReset)
    PendSV_Handler                           0x080045a7   Thumb Code     2  stm32f4xx_it.o(i.PendSV_Handler)
    SOFT_I2C_Ack                             0x080045a9   Thumb Code    42  soft_i2c.o(i.SOFT_I2C_Ack)
    SOFT_I2C_Delay                           0x080045dd   Thumb Code    10  soft_i2c.o(i.SOFT_I2C_Delay)
    SOFT_I2C_NAck                            0x080045e9   Thumb Code    44  soft_i2c.o(i.SOFT_I2C_NAck)
    SOFT_I2C_Read_Byte                       0x0800461d   Thumb Code    90  soft_i2c.o(i.SOFT_I2C_Read_Byte)
    SOFT_I2C_SDA_IN                          0x08004681   Thumb Code    24  soft_i2c.o(i.SOFT_I2C_SDA_IN)
    SOFT_I2C_SDA_OUT                         0x0800469d   Thumb Code    24  soft_i2c.o(i.SOFT_I2C_SDA_OUT)
    SOFT_I2C_Send_Byte                       0x080046b9   Thumb Code    62  soft_i2c.o(i.SOFT_I2C_Send_Byte)
    SOFT_I2C_Start                           0x08004701   Thumb Code    38  soft_i2c.o(i.SOFT_I2C_Start)
    SOFT_I2C_Stop                            0x08004731   Thumb Code    32  soft_i2c.o(i.SOFT_I2C_Stop)
    SOFT_I2C_Wait_Ack                        0x08004759   Thumb Code    68  soft_i2c.o(i.SOFT_I2C_Wait_Ack)
    SVC_Handler                              0x080048b9   Thumb Code     2  stm32f4xx_it.o(i.SVC_Handler)
    SysTick_Handler                          0x080048cd   Thumb Code     8  stm32f4xx_it.o(i.SysTick_Handler)
    SystemClock_Config                       0x080048d5   Thumb Code   170  main.o(i.SystemClock_Config)
    SystemInit                               0x08004989   Thumb Code    24  system_stm32f4xx.o(i.SystemInit)
    TIM1_BRK_TIM9_IRQHandler                 0x080049a5   Thumb Code    10  stm32f4xx_it.o(i.TIM1_BRK_TIM9_IRQHandler)
    TIM_Base_SetConfig                       0x080049b5   Thumb Code   170  stm32f4xx_hal_tim.o(i.TIM_Base_SetConfig)
    TIM_CCxChannelCmd                        0x08004a8d   Thumb Code    34  stm32f4xx_hal_tim.o(i.TIM_CCxChannelCmd)
    TIM_TI1_SetConfig                        0x08004ab1   Thumb Code   114  stm32f4xx_hal_tim.o(i.TIM_TI1_SetConfig)
    USBD_CDC_GetDeviceQualifierDescriptor    0x0800518d   Thumb Code    10  usbd_cdc.o(i.USBD_CDC_GetDeviceQualifierDescriptor)
    USBD_CDC_ReceivePacket                   0x0800528d   Thumb Code    58  usbd_cdc.o(i.USBD_CDC_ReceivePacket)
    USBD_CDC_RegisterInterface               0x080052c7   Thumb Code    16  usbd_cdc.o(i.USBD_CDC_RegisterInterface)
    USBD_CDC_SetRxBuffer                     0x080052d7   Thumb Code    14  usbd_cdc.o(i.USBD_CDC_SetRxBuffer)
    USBD_CDC_SetTxBuffer                     0x080052e5   Thumb Code    20  usbd_cdc.o(i.USBD_CDC_SetTxBuffer)
    USBD_ClrClassConfig                      0x080053f3   Thumb Code    28  usbd_core.o(i.USBD_ClrClassConfig)
    USBD_CtlContinueRx                       0x0800544d   Thumb Code    24  usbd_ioreq.o(i.USBD_CtlContinueRx)
    USBD_CtlContinueSendData                 0x08005465   Thumb Code    24  usbd_ioreq.o(i.USBD_CtlContinueSendData)
    USBD_CtlError                            0x0800547d   Thumb Code    24  usbd_ctlreq.o(i.USBD_CtlError)
    USBD_CtlPrepareRx                        0x08005495   Thumb Code    40  usbd_ioreq.o(i.USBD_CtlPrepareRx)
    USBD_CtlReceiveStatus                    0x080054bd   Thumb Code    26  usbd_ioreq.o(i.USBD_CtlReceiveStatus)
    USBD_CtlSendData                         0x080054d7   Thumb Code    34  usbd_ioreq.o(i.USBD_CtlSendData)
    USBD_CtlSendStatus                       0x080054f9   Thumb Code    26  usbd_ioreq.o(i.USBD_CtlSendStatus)
    USBD_FS_ConfigStrDescriptor              0x08005515   Thumb Code    34  usbd_desc.o(i.USBD_FS_ConfigStrDescriptor)
    USBD_FS_DeviceDescriptor                 0x08005549   Thumb Code    10  usbd_desc.o(i.USBD_FS_DeviceDescriptor)
    USBD_FS_InterfaceStrDescriptor           0x08005559   Thumb Code    34  usbd_desc.o(i.USBD_FS_InterfaceStrDescriptor)
    USBD_FS_LangIDStrDescriptor              0x08005591   Thumb Code    10  usbd_desc.o(i.USBD_FS_LangIDStrDescriptor)
    USBD_FS_ManufacturerStrDescriptor        0x080055a1   Thumb Code    20  usbd_desc.o(i.USBD_FS_ManufacturerStrDescriptor)
    USBD_FS_ProductStrDescriptor             0x080055cd   Thumb Code    34  usbd_desc.o(i.USBD_FS_ProductStrDescriptor)
    USBD_FS_SerialStrDescriptor              0x0800560d   Thumb Code    18  usbd_desc.o(i.USBD_FS_SerialStrDescriptor)
    USBD_GetString                           0x080058e7   Thumb Code    84  usbd_ctlreq.o(i.USBD_GetString)
    USBD_Get_USB_Status                      0x0800593b   Thumb Code    44  usbd_conf.o(i.USBD_Get_USB_Status)
    USBD_Init                                0x08005967   Thumb Code    68  usbd_core.o(i.USBD_Init)
    USBD_LL_ClearStallEP                     0x080059ab   Thumb Code    38  usbd_conf.o(i.USBD_LL_ClearStallEP)
    USBD_LL_CloseEP                          0x080059d1   Thumb Code    38  usbd_conf.o(i.USBD_LL_CloseEP)
    USBD_LL_DataInStage                      0x080059f7   Thumb Code   230  usbd_core.o(i.USBD_LL_DataInStage)
    USBD_LL_DataOutStage                     0x08005add   Thumb Code   146  usbd_core.o(i.USBD_LL_DataOutStage)
    USBD_LL_DevConnected                     0x08005b6f   Thumb Code     6  usbd_core.o(i.USBD_LL_DevConnected)
    USBD_LL_DevDisconnected                  0x08005b75   Thumb Code    32  usbd_core.o(i.USBD_LL_DevDisconnected)
    USBD_LL_GetRxDataSize                    0x08005b95   Thumb Code    18  usbd_conf.o(i.USBD_LL_GetRxDataSize)
    USBD_LL_Init                             0x08005ba9   Thumb Code   100  usbd_conf.o(i.USBD_LL_Init)
    USBD_LL_IsStallEP                        0x08005c11   Thumb Code    56  usbd_conf.o(i.USBD_LL_IsStallEP)
    USBD_LL_IsoINIncomplete                  0x08005c49   Thumb Code     6  usbd_core.o(i.USBD_LL_IsoINIncomplete)
    USBD_LL_IsoOUTIncomplete                 0x08005c4f   Thumb Code     6  usbd_core.o(i.USBD_LL_IsoOUTIncomplete)
    USBD_LL_OpenEP                           0x08005c55   Thumb Code    48  usbd_conf.o(i.USBD_LL_OpenEP)
    USBD_LL_PrepareReceive                   0x08005c85   Thumb Code    48  usbd_conf.o(i.USBD_LL_PrepareReceive)
    USBD_LL_Reset                            0x08005cb5   Thumb Code    90  usbd_core.o(i.USBD_LL_Reset)
    USBD_LL_Resume                           0x08005d0f   Thumb Code    22  usbd_core.o(i.USBD_LL_Resume)
    USBD_LL_SOF                              0x08005d25   Thumb Code    34  usbd_core.o(i.USBD_LL_SOF)
    USBD_LL_SetSpeed                         0x08005d47   Thumb Code     8  usbd_core.o(i.USBD_LL_SetSpeed)
    USBD_LL_SetUSBAddress                    0x08005d4f   Thumb Code    38  usbd_conf.o(i.USBD_LL_SetUSBAddress)
    USBD_LL_SetupStage                       0x08005d75   Thumb Code   118  usbd_core.o(i.USBD_LL_SetupStage)
    USBD_LL_StallEP                          0x08005deb   Thumb Code    38  usbd_conf.o(i.USBD_LL_StallEP)
    USBD_LL_Start                            0x08005e11   Thumb Code    30  usbd_conf.o(i.USBD_LL_Start)
    USBD_LL_Suspend                          0x08005e2f   Thumb Code    20  usbd_core.o(i.USBD_LL_Suspend)
    USBD_LL_Transmit                         0x08005e43   Thumb Code    48  usbd_conf.o(i.USBD_LL_Transmit)
    USBD_ParseSetupRequest                   0x08005e73   Thumb Code    54  usbd_ctlreq.o(i.USBD_ParseSetupRequest)
    USBD_RegisterClass                       0x08005ea9   Thumb Code    38  usbd_core.o(i.USBD_RegisterClass)
    USBD_RunTestMode                         0x08005ecf   Thumb Code     6  usbd_core.o(i.USBD_RunTestMode)
    USBD_SetClassConfig                      0x08005f2f   Thumb Code    32  usbd_core.o(i.USBD_SetClassConfig)
    USBD_Start                               0x08006065   Thumb Code    12  usbd_core.o(i.USBD_Start)
    USBD_StdDevReq                           0x08006071   Thumb Code   166  usbd_ctlreq.o(i.USBD_StdDevReq)
    USBD_StdEPReq                            0x08006117   Thumb Code   554  usbd_ctlreq.o(i.USBD_StdEPReq)
    USBD_StdItfReq                           0x08006341   Thumb Code   126  usbd_ctlreq.o(i.USBD_StdItfReq)
    USB_ActivateEndpoint                     0x080063c1   Thumb Code   202  stm32f4xx_ll_usb.o(i.USB_ActivateEndpoint)
    USB_ActivateSetup                        0x08006491   Thumb Code    40  stm32f4xx_ll_usb.o(i.USB_ActivateSetup)
    USB_CoreInit                             0x080064b9   Thumb Code   128  stm32f4xx_ll_usb.o(i.USB_CoreInit)
    USB_DeactivateEndpoint                   0x08006589   Thumb Code   318  stm32f4xx_ll_usb.o(i.USB_DeactivateEndpoint)
    USB_DevConnect                           0x080066d5   Thumb Code    36  stm32f4xx_ll_usb.o(i.USB_DevConnect)
    USB_DevDisconnect                        0x080066f9   Thumb Code    36  stm32f4xx_ll_usb.o(i.USB_DevDisconnect)
    USB_DevInit                              0x0800671d   Thumb Code   472  stm32f4xx_ll_usb.o(i.USB_DevInit)
    USB_DisableGlobalInt                     0x080068fd   Thumb Code    14  stm32f4xx_ll_usb.o(i.USB_DisableGlobalInt)
    USB_EP0StartXfer                         0x0800690d   Thumb Code   468  stm32f4xx_ll_usb.o(i.USB_EP0StartXfer)
    USB_EP0_OutStart                         0x08006ae5   Thumb Code   106  stm32f4xx_ll_usb.o(i.USB_EP0_OutStart)
    USB_EPClearStall                         0x08006b55   Thumb Code   142  stm32f4xx_ll_usb.o(i.USB_EPClearStall)
    USB_EPSetStall                           0x08006be3   Thumb Code   154  stm32f4xx_ll_usb.o(i.USB_EPSetStall)
    USB_EPStartXfer                          0x08006c7d   Thumb Code   832  stm32f4xx_ll_usb.o(i.USB_EPStartXfer)
    USB_EnableGlobalInt                      0x08006fc1   Thumb Code    14  stm32f4xx_ll_usb.o(i.USB_EnableGlobalInt)
    USB_FlushRxFifo                          0x08006fd1   Thumb Code    38  stm32f4xx_ll_usb.o(i.USB_FlushRxFifo)
    USB_FlushTxFifo                          0x08006ffd   Thumb Code    44  stm32f4xx_ll_usb.o(i.USB_FlushTxFifo)
    USB_GetDevSpeed                          0x0800702d   Thumb Code    38  stm32f4xx_ll_usb.o(i.USB_GetDevSpeed)
    USB_GetMode                              0x08007053   Thumb Code    10  stm32f4xx_ll_usb.o(i.USB_GetMode)
    USB_ReadDevAllInEpInterrupt              0x0800705d   Thumb Code    20  stm32f4xx_ll_usb.o(i.USB_ReadDevAllInEpInterrupt)
    USB_ReadDevAllOutEpInterrupt             0x08007071   Thumb Code    20  stm32f4xx_ll_usb.o(i.USB_ReadDevAllOutEpInterrupt)
    USB_ReadDevInEPInterrupt                 0x08007085   Thumb Code    50  stm32f4xx_ll_usb.o(i.USB_ReadDevInEPInterrupt)
    USB_ReadDevOutEPInterrupt                0x080070b7   Thumb Code    26  stm32f4xx_ll_usb.o(i.USB_ReadDevOutEPInterrupt)
    USB_ReadInterrupts                       0x080070d1   Thumb Code    10  stm32f4xx_ll_usb.o(i.USB_ReadInterrupts)
    USB_ReadPacket                           0x080070db   Thumb Code    34  stm32f4xx_ll_usb.o(i.USB_ReadPacket)
    USB_SetCurrentMode                       0x080070fd   Thumb Code    54  stm32f4xx_ll_usb.o(i.USB_SetCurrentMode)
    USB_SetDevAddress                        0x08007133   Thumb Code    42  stm32f4xx_ll_usb.o(i.USB_SetDevAddress)
    USB_SetDevSpeed                          0x0800715d   Thumb Code    18  stm32f4xx_ll_usb.o(i.USB_SetDevSpeed)
    USB_SetTurnaroundTime                    0x08007171   Thumb Code   192  stm32f4xx_ll_usb.o(i.USB_SetTurnaroundTime)
    USB_WritePacket                          0x08007259   Thumb Code    60  stm32f4xx_ll_usb.o(i.USB_WritePacket)
    UsageFault_Handler                       0x08007295   Thumb Code     4  stm32f4xx_it.o(i.UsageFault_Handler)
    __ARM_fpclassify                         0x08007299   Thumb Code    48  fpclassify.o(i.__ARM_fpclassify)
    __hardfp_atan                            0x08007301   Thumb Code   622  atan.o(i.__hardfp_atan)
    __hardfp_floor                           0x080075d9   Thumb Code   252  floor.o(i.__hardfp_floor)
    __hardfp_sqrt                            0x080076f1   Thumb Code   122  sqrt.o(i.__hardfp_sqrt)
    __kernel_poly                            0x0800776b   Thumb Code   248  poly.o(i.__kernel_poly)
    __mathlib_dbl_infnan                     0x08007863   Thumb Code    20  dunder.o(i.__mathlib_dbl_infnan)
    __mathlib_dbl_underflow                  0x08007879   Thumb Code    24  dunder.o(i.__mathlib_dbl_underflow)
    __scatterload_copy                       0x08007899   Thumb Code    14  handlers.o(i.__scatterload_copy)
    __scatterload_null                       0x080078a7   Thumb Code     2  handlers.o(i.__scatterload_null)
    __scatterload_zeroinit                   0x080078a9   Thumb Code    14  handlers.o(i.__scatterload_zeroinit)
    __set_errno                              0x080078b9   Thumb Code     6  errno.o(i.__set_errno)
    delay_quarter_us                         0x080078c5   Thumb Code    52  tim.o(i.delay_quarter_us)
    fabs                                     0x080078fd   Thumb Code    24  fabs.o(i.fabs)
    free                                     0x08007915   Thumb Code    76  malloc.o(i.free)
    i2cdevReadByte                           0x08007965   Thumb Code    80  soft_i2c.o(i.i2cdevReadByte)
    i2cdevWrite                              0x080079b5   Thumb Code   100  soft_i2c.o(i.i2cdevWrite)
    i2cdevWriteBit                           0x08007a19   Thumb Code    80  soft_i2c.o(i.i2cdevWriteBit)
    i2cdevWriteByte                          0x08007a69   Thumb Code    82  soft_i2c.o(i.i2cdevWriteByte)
    limit                                    0x08007abd   Thumb Code    46  kalman.o(i.limit)
    main                                     0x08007af1   Thumb Code   132  main.o(i.main)
    malloc                                   0x08007b8d   Thumb Code    92  malloc.o(i.malloc)
    mpu6000AccRead                           0x08007bf9   Thumb Code   180  mpu6000.o(i.mpu6000AccRead)
    mpu6000GyroRead                          0x08007cb5   Thumb Code   180  mpu6000.o(i.mpu6000GyroRead)
    mpu6000Init                              0x08007d75   Thumb Code   214  mpu6000.o(i.mpu6000Init)
    mpu6000SpiReadRegister                   0x08007e51   Thumb Code    76  mpu6000.o(i.mpu6000SpiReadRegister)
    mpu6000SpiWriteRegister                  0x08007ea5   Thumb Code    62  mpu6000.o(i.mpu6000SpiWriteRegister)
    AHBPrescTable                            0x08007ef4   Data          16  system_stm32f4xx.o(.constdata)
    APBPrescTable                            0x08007f04   Data           8  system_stm32f4xx.o(.constdata)
    Region$$Table$$Base                      0x08007fa8   Number         0  anon$$obj.o(Region$$Table)
    Region$$Table$$Limit                     0x08007fc8   Number         0  anon$$obj.o(Region$$Table)
    i                                        0x20000000   Data           1  main.o(.data)
    Altitude                                 0x20000004   Data           4  main.o(.data)
    pitch                                    0x20000008   Data           4  main.o(.data)
    roll                                     0x2000000c   Data           4  main.o(.data)
    DATA                                     0x20000010   Data           1  main.o(.data)
    cnt                                      0x20000012   Data           2  main.o(.data)
    total_cnt                                0x20000014   Data           2  main.o(.data)
    show                                     0x20000016   Data           2  main.o(.data)
    FS_Desc                                  0x20000018   Data          28  usbd_desc.o(.data)
    USBD_FS_DeviceDesc                       0x20000034   Data          18  usbd_desc.o(.data)
    USBD_LangIDDesc                          0x20000048   Data           4  usbd_desc.o(.data)
    USBD_StringSerial                        0x2000004c   Data          26  usbd_desc.o(.data)
    USBD_Interface_fops_FS                   0x20000068   Data          20  usbd_cdc_if.o(.data)
    uwTick                                   0x2000007c   Data           4  stm32f4xx_hal.o(.data)
    uwTickPrio                               0x20000080   Data           4  stm32f4xx_hal.o(.data)
    uwTickFreq                               0x20000084   Data           1  stm32f4xx_hal.o(.data)
    SystemCoreClock                          0x20000088   Data           4  system_stm32f4xx.o(.data)
    capureVal                                0x20000090   Data           2  ppm_signal.o(.data)
    capureValDiff                            0x20000092   Data           2  ppm_signal.o(.data)
    prevCapureVal                            0x20000094   Data           2  ppm_signal.o(.data)
    rc_channel_cnt                           0x20000096   Data           1  ppm_signal.o(.data)
    rc_flag                                  0x20000097   Data           1  ppm_signal.o(.data)
    angle                                    0x20000098   Data          20  ppm_signal.o(.data)
    icc                                      0x200000ac   Data           4  kalman.o(.data)
    Q_ROLL                                   0x200000b0   Data           4  kalman.o(.data)
    Q_PITCH                                  0x200000b4   Data           4  kalman.o(.data)
    Q_Yaw                                    0x200000b8   Data           4  kalman.o(.data)
    R_ROLL                                   0x200000bc   Data           4  kalman.o(.data)
    R_PITCH                                  0x200000c0   Data           4  kalman.o(.data)
    R_Yaw                                    0x200000c4   Data           4  kalman.o(.data)
    dt                                       0x200000c8   Data           4  kalman.o(.data)
    yaw_dt                                   0x200000cc   Data           4  kalman.o(.data)
    oyaw                                     0x200000d0   Data           4  kalman.o(.data)
    fyaw                                     0x200000d4   Data           4  kalman.o(.data)
    dyaw                                     0x200000d8   Data           4  kalman.o(.data)
    yaw_bias                                 0x200000dc   Data           4  kalman.o(.data)
    DeltaPitch                               0x200000e0   Data           4  kalman.o(.data)
    DeltaRoll                                0x200000e4   Data           4  kalman.o(.data)
    DeltaYaw                                 0x200000e8   Data           4  kalman.o(.data)
    Pitch_Kalman                             0x200000ec   Data           4  kalman.o(.data)
    Roll_Kalman                              0x200000f0   Data           4  kalman.o(.data)
    Yaw_Kalman                               0x200000f4   Data           4  kalman.o(.data)
    Pitch_tan                                0x200000f8   Data           4  kalman.o(.data)
    Roll_tan                                 0x200000fc   Data           4  kalman.o(.data)
    Roll_z                                   0x20000100   Data           4  kalman.o(.data)
    Pitch_z                                  0x20000104   Data           4  kalman.o(.data)
    Yaw_z                                    0x20000108   Data           4  kalman.o(.data)
    Roll_hat_pri                             0x2000010c   Data           4  kalman.o(.data)
    Pitch_hat_pri                            0x20000110   Data           4  kalman.o(.data)
    Yaw_hat_pri                              0x20000114   Data           4  kalman.o(.data)
    Roll_hat_pos                             0x20000118   Data           4  kalman.o(.data)
    Pitch_hat_pos                            0x2000011c   Data           4  kalman.o(.data)
    Yaw_hat_pos                              0x20000120   Data           4  kalman.o(.data)
    P_Roll_hat_pri                           0x20000124   Data           4  kalman.o(.data)
    P_Pitch_hat_pri                          0x20000128   Data           4  kalman.o(.data)
    P_Yaw_hat_pri                            0x2000012c   Data           4  kalman.o(.data)
    P_Roll_hat_pos                           0x20000130   Data           4  kalman.o(.data)
    P_Pitch_hat_pos                          0x20000134   Data           4  kalman.o(.data)
    P_Yaw_hat_pos                            0x20000138   Data           4  kalman.o(.data)
    KalmanGain_Pitch                         0x2000013c   Data           4  kalman.o(.data)
    KalmanGain_Roll                          0x20000140   Data           4  kalman.o(.data)
    KalmanGain_Yaw                           0x20000144   Data           4  kalman.o(.data)
    Roll_Diff_Q                              0x20000148   Data           4  kalman.o(.data)
    Pitch_Diff_Q                             0x2000014c   Data           4  kalman.o(.data)
    Roll_Diff_R                              0x20000150   Data           4  kalman.o(.data)
    Pitch_Diff_R                             0x20000154   Data           4  kalman.o(.data)
    to_Roll_Diff_R                           0x20000158   Data           4  kalman.o(.data)
    to_Pitch_Diff_R                          0x2000015c   Data           4  kalman.o(.data)
    to_Roll_Diff_Q                           0x20000160   Data           4  kalman.o(.data)
    to_Pitch_Diff_Q                          0x20000164   Data           4  kalman.o(.data)
    USBD_CDC                                 0x20000178   Data          56  usbd_cdc.o(.data)
    __microlib_freelist                      0x2000027c   Data           4  mvars.o(.data)
    __microlib_freelist_initialised          0x20000280   Data           4  mvars.o(.data)
    acc_data                                 0x20000288   Data          12  main.o(.bss)
    gyro_data                                0x20000294   Data          12  main.o(.bss)
    hi2c1                                    0x200002a0   Data          84  i2c.o(.bss)
    hspi1                                    0x200002f4   Data          88  spi.o(.bss)
    hdma_spi1_rx                             0x2000034c   Data          96  spi.o(.bss)
    hdma_spi1_tx                             0x200003ac   Data          96  spi.o(.bss)
    htim6                                    0x2000040c   Data          64  tim.o(.bss)
    htim7                                    0x2000044c   Data          64  tim.o(.bss)
    htim9                                    0x2000048c   Data          64  tim.o(.bss)
    huart4                                   0x200004cc   Data          64  usart.o(.bss)
    hUsbDeviceFS                             0x2000050c   Data         720  usb_device.o(.bss)
    hpcd_USB_OTG_FS                          0x200007dc   Data        1032  usbd_conf.o(.bss)
    USBD_StrDesc                             0x20000be4   Data         512  usbd_desc.o(.bss)
    UserRxBufferFS                           0x20000de4   Data        2048  usbd_cdc_if.o(.bss)
    UserTxBufferFS                           0x200015e4   Data        2048  usbd_cdc_if.o(.bss)
    rc_sginal                                0x20001de4   Data          22  ppm_signal.o(.bss)
    rc_channel                               0x20001dfc   Data          40  ppm_signal.o(.bss)
    f                                        0x20001e24   Data          13  ano_dt.o(.bss)
    data_to_send                             0x20001e31   Data          50  ano_dt.o(.bss)
    __heap_base                              0x20001e68   Data           0  startup_stm32f405xx.o(HEAP)
    __heap_limit                             0x20002068   Data           0  startup_stm32f405xx.o(HEAP)
    __initial_sp                             0x20002468   Data           0  startup_stm32f405xx.o(STACK)



==============================================================================

Memory Map of the image

  Image Entry point : 0x08000189

  Load Region LR_IROM1 (Base: 0x08000000, Size: 0x00008250, Max: 0x00100000, ABSOLUTE, COMPRESSED[0x000080b0])

    Execution Region ER_IROM1 (Exec base: 0x08000000, Load base: 0x08000000, Size: 0x00007fc8, Max: 0x00100000, ABSOLUTE)

    Exec Addr    Load Addr    Size         Type   Attr      Idx    E Section Name        Object

    0x08000000   0x08000000   0x00000188   Data   RO            3    RESET               startup_stm32f405xx.o
    0x08000188   0x08000188   0x00000000   Code   RO         5885  * .ARM.Collect$$$$00000000  mc_w.l(entry.o)
    0x08000188   0x08000188   0x00000004   Code   RO         5965    .ARM.Collect$$$$00000001  mc_w.l(entry2.o)
    0x0800018c   0x0800018c   0x00000004   Code   RO         5968    .ARM.Collect$$$$00000004  mc_w.l(entry5.o)
    0x08000190   0x08000190   0x00000000   Code   RO         5970    .ARM.Collect$$$$00000008  mc_w.l(entry7b.o)
    0x08000190   0x08000190   0x00000000   Code   RO         5972    .ARM.Collect$$$$0000000A  mc_w.l(entry8b.o)
    0x08000190   0x08000190   0x00000008   Code   RO         5973    .ARM.Collect$$$$0000000B  mc_w.l(entry9a.o)
    0x08000198   0x08000198   0x00000000   Code   RO         5975    .ARM.Collect$$$$0000000D  mc_w.l(entry10a.o)
    0x08000198   0x08000198   0x00000000   Code   RO         5977    .ARM.Collect$$$$0000000F  mc_w.l(entry11a.o)
    0x08000198   0x08000198   0x00000004   Code   RO         5966    .ARM.Collect$$$$00002712  mc_w.l(entry2.o)
    0x0800019c   0x0800019c   0x00000024   Code   RO            4    .text               startup_stm32f405xx.o
    0x080001c0   0x080001c0   0x00000062   Code   RO         5888    .text               mc_w.l(uldiv.o)
    0x08000222   0x08000222   0x00000024   Code   RO         5892    .text               mc_w.l(memcpya.o)
    0x08000246   0x08000246   0x00000024   Code   RO         5894    .text               mc_w.l(memseta.o)
    0x0800026a   0x0800026a   0x0000014e   Code   RO         5926    .text               mf_w.l(dadd.o)
    0x080003b8   0x080003b8   0x000000e4   Code   RO         5928    .text               mf_w.l(dmul.o)
    0x0800049c   0x0800049c   0x000000de   Code   RO         5930    .text               mf_w.l(ddiv.o)
    0x0800057a   0x0800057a   0x00000032   Code   RO         5934    .text               mf_w.l(dfixui.o)
    0x080005ac   0x080005ac   0x00000026   Code   RO         5936    .text               mf_w.l(f2d.o)
    0x080005d2   0x080005d2   0x00000038   Code   RO         5938    .text               mf_w.l(d2f.o)
    0x0800060a   0x0800060a   0x0000001e   Code   RO         5979    .text               mc_w.l(llshl.o)
    0x08000628   0x08000628   0x00000020   Code   RO         5981    .text               mc_w.l(llushr.o)
    0x08000648   0x08000648   0x00000024   Code   RO         5983    .text               mc_w.l(llsshr.o)
    0x0800066c   0x0800066c   0x00000000   Code   RO         5994    .text               mc_w.l(iusefp.o)
    0x0800066c   0x0800066c   0x0000006e   Code   RO         5995    .text               mf_w.l(fepilogue.o)
    0x080006da   0x080006da   0x000000ba   Code   RO         5997    .text               mf_w.l(depilogue.o)
    0x08000794   0x08000794   0x000000a2   Code   RO         6001    .text               mf_w.l(dsqrt.o)
    0x08000836   0x08000836   0x00000002   PAD
    0x08000838   0x08000838   0x00000030   Code   RO         6007    .text               mf_w.l(cdrcmple.o)
    0x08000868   0x08000868   0x00000024   Code   RO         6009    .text               mc_w.l(init.o)
    0x0800088c   0x0800088c   0x00000056   Code   RO         6019    .text               mc_w.l(__dczerorl2.o)
    0x080008e2   0x080008e2   0x0000001a   Code   RO         5310    i.ABs               kalman.o
    0x080008fc   0x080008fc   0x0000001c   Code   RO         5357    i.ANO_DT_Send_Data  ano_dt.o
    0x08000918   0x08000918   0x00000158   Code   RO         5363    i.ANO_DT_Send_Status  ano_dt.o
    0x08000a70   0x08000a70   0x00000004   Code   RO          899    i.BusFault_Handler  stm32f4xx_it.o
    0x08000a74   0x08000a74   0x00000044   Code   RO          842    i.CDC_Control_FS    usbd_cdc_if.o
    0x08000ab8   0x08000ab8   0x00000004   Code   RO          843    i.CDC_DeInit_FS     usbd_cdc_if.o
    0x08000abc   0x08000abc   0x00000024   Code   RO          844    i.CDC_Init_FS       usbd_cdc_if.o
    0x08000ae0   0x08000ae0   0x0000001c   Code   RO          845    i.CDC_Receive_FS    usbd_cdc_if.o
    0x08000afc   0x08000afc   0x0000000c   Code   RO          846    i.CDC_TransmitCplt_FS  usbd_cdc_if.o
    0x08000b08   0x08000b08   0x00000010   Code   RO          900    i.DMA2_Stream0_IRQHandler  stm32f4xx_it.o
    0x08000b18   0x08000b18   0x00000010   Code   RO          901    i.DMA2_Stream3_IRQHandler  stm32f4xx_it.o
    0x08000b28   0x08000b28   0x00000034   Code   RO         2106    i.DMA_CalcBaseAndBitshift  stm32f4xx_hal_dma.o
    0x08000b5c   0x08000b5c   0x000000aa   Code   RO         2107    i.DMA_CheckFifoParam  stm32f4xx_hal_dma.o
    0x08000c06   0x08000c06   0x00000002   Code   RO          902    i.DebugMon_Handler  stm32f4xx_it.o
    0x08000c08   0x08000c08   0x00000002   Code   RO           13    i.Error_Handler     main.o
    0x08000c0a   0x08000c0a   0x000000de   Code   RO          242    i.GPIO_Set          gpio.o
    0x08000ce8   0x08000ce8   0x00000034   Code   RO          752    i.Get_SerialNum     usbd_desc.o
    0x08000d1c   0x08000d1c   0x00000240   Code   RO         2114    i.HAL_DMA_IRQHandler  stm32f4xx_hal_dma.o
    0x08000f5c   0x08000f5c   0x000000ec   Code   RO         2115    i.HAL_DMA_Init      stm32f4xx_hal_dma.o
    0x08001048   0x08001048   0x00000028   Code   RO         2533    i.HAL_Delay         stm32f4xx_hal.o
    0x08001070   0x08001070   0x00000200   Code   RO         2002    i.HAL_GPIO_Init     stm32f4xx_hal_gpio.o
    0x08001270   0x08001270   0x0000000c   Code   RO         2006    i.HAL_GPIO_WritePin  stm32f4xx_hal_gpio.o
    0x0800127c   0x0800127c   0x0000000c   Code   RO         2539    i.HAL_GetTick       stm32f4xx_hal.o
    0x08001288   0x08001288   0x000001d0   Code   RO         2795    i.HAL_I2C_Init      stm32f4xx_hal_i2c.o
    0x08001458   0x08001458   0x00000088   Code   RO          300    i.HAL_I2C_MspInit   i2c.o
    0x080014e0   0x080014e0   0x00000018   Code   RO         2545    i.HAL_IncTick       stm32f4xx_hal.o
    0x080014f8   0x080014f8   0x0000003c   Code   RO         2546    i.HAL_Init          stm32f4xx_hal.o
    0x08001534   0x08001534   0x0000004c   Code   RO         2547    i.HAL_InitTick      stm32f4xx_hal.o
    0x08001580   0x08001580   0x00000048   Code   RO          999    i.HAL_MspInit       stm32f4xx_hal_msp.o
    0x080015c8   0x080015c8   0x00000020   Code   RO         2391    i.HAL_NVIC_EnableIRQ  stm32f4xx_hal_cortex.o
    0x080015e8   0x080015e8   0x0000007c   Code   RO         2397    i.HAL_NVIC_SetPriority  stm32f4xx_hal_cortex.o
    0x08001664   0x08001664   0x00000028   Code   RO         2398    i.HAL_NVIC_SetPriorityGrouping  stm32f4xx_hal_cortex.o
    0x0800168c   0x0800168c   0x00000002   Code   RO         1255    i.HAL_PCDEx_LPM_Callback  stm32f4xx_hal_pcd_ex.o
    0x0800168e   0x0800168e   0x0000000a   Code   RO         1256    i.HAL_PCDEx_SetRxFiFo  stm32f4xx_hal_pcd_ex.o
    0x08001698   0x08001698   0x0000004e   Code   RO         1257    i.HAL_PCDEx_SetTxFiFo  stm32f4xx_hal_pcd_ex.o
    0x080016e6   0x080016e6   0x0000000e   Code   RO          557    i.HAL_PCD_ConnectCallback  usbd_conf.o
    0x080016f4   0x080016f4   0x00000020   Code   RO          558    i.HAL_PCD_DataInStageCallback  usbd_conf.o
    0x08001714   0x08001714   0x00000020   Code   RO          559    i.HAL_PCD_DataOutStageCallback  usbd_conf.o
    0x08001734   0x08001734   0x0000000e   Code   RO          560    i.HAL_PCD_DisconnectCallback  usbd_conf.o
    0x08001742   0x08001742   0x0000006a   Code   RO         1032    i.HAL_PCD_EP_Close  stm32f4xx_hal_pcd.o
    0x080017ac   0x080017ac   0x0000007c   Code   RO         1033    i.HAL_PCD_EP_ClrStall  stm32f4xx_hal_pcd.o
    0x08001828   0x08001828   0x00000016   Code   RO         1035    i.HAL_PCD_EP_GetRxCount  stm32f4xx_hal_pcd.o
    0x0800183e   0x0800183e   0x0000008c   Code   RO         1036    i.HAL_PCD_EP_Open   stm32f4xx_hal_pcd.o
    0x080018ca   0x080018ca   0x00000058   Code   RO         1037    i.HAL_PCD_EP_Receive  stm32f4xx_hal_pcd.o
    0x08001922   0x08001922   0x0000008a   Code   RO         1038    i.HAL_PCD_EP_SetStall  stm32f4xx_hal_pcd.o
    0x080019ac   0x080019ac   0x0000005a   Code   RO         1039    i.HAL_PCD_EP_Transmit  stm32f4xx_hal_pcd.o
    0x08001a06   0x08001a06   0x0000055c   Code   RO         1041    i.HAL_PCD_IRQHandler  stm32f4xx_hal_pcd.o
    0x08001f62   0x08001f62   0x00000012   Code   RO          561    i.HAL_PCD_ISOINIncompleteCallback  usbd_conf.o
    0x08001f74   0x08001f74   0x00000012   Code   RO          562    i.HAL_PCD_ISOOUTIncompleteCallback  usbd_conf.o
    0x08001f86   0x08001f86   0x00000166   Code   RO         1044    i.HAL_PCD_Init      stm32f4xx_hal_pcd.o
    0x080020ec   0x080020ec   0x000000a8   Code   RO          564    i.HAL_PCD_MspInit   usbd_conf.o
    0x08002194   0x08002194   0x00000030   Code   RO          565    i.HAL_PCD_ResetCallback  usbd_conf.o
    0x080021c4   0x080021c4   0x0000000e   Code   RO          566    i.HAL_PCD_ResumeCallback  usbd_conf.o
    0x080021d2   0x080021d2   0x0000000e   Code   RO          567    i.HAL_PCD_SOFCallback  usbd_conf.o
    0x080021e0   0x080021e0   0x00000036   Code   RO         1050    i.HAL_PCD_SetAddress  stm32f4xx_hal_pcd.o
    0x08002216   0x08002216   0x00000012   Code   RO          568    i.HAL_PCD_SetupStageCallback  usbd_conf.o
    0x08002228   0x08002228   0x0000004a   Code   RO         1052    i.HAL_PCD_Start     stm32f4xx_hal_pcd.o
    0x08002272   0x08002272   0x00000002   PAD
    0x08002274   0x08002274   0x00000034   Code   RO          569    i.HAL_PCD_SuspendCallback  usbd_conf.o
    0x080022a8   0x080022a8   0x00000184   Code   RO         1603    i.HAL_RCC_ClockConfig  stm32f4xx_hal_rcc.o
    0x0800242c   0x0800242c   0x0000000c   Code   RO         1608    i.HAL_RCC_GetHCLKFreq  stm32f4xx_hal_rcc.o
    0x08002438   0x08002438   0x00000020   Code   RO         1610    i.HAL_RCC_GetPCLK1Freq  stm32f4xx_hal_rcc.o
    0x08002458   0x08002458   0x00000020   Code   RO         1611    i.HAL_RCC_GetPCLK2Freq  stm32f4xx_hal_rcc.o
    0x08002478   0x08002478   0x000000b0   Code   RO         1612    i.HAL_RCC_GetSysClockFreq  stm32f4xx_hal_rcc.o
    0x08002528   0x08002528   0x00000488   Code   RO         1615    i.HAL_RCC_OscConfig  stm32f4xx_hal_rcc.o
    0x080029b0   0x080029b0   0x0000008c   Code   RO         3285    i.HAL_SPI_Init      stm32f4xx_hal_spi.o
    0x08002a3c   0x08002a3c   0x00000118   Code   RO          342    i.HAL_SPI_MspInit   spi.o
    0x08002b54   0x08002b54   0x000001a2   Code   RO         3293    i.HAL_SPI_Transmit  stm32f4xx_hal_spi.o
    0x08002cf6   0x08002cf6   0x0000022a   Code   RO         3294    i.HAL_SPI_TransmitReceive  stm32f4xx_hal_spi.o
    0x08002f20   0x08002f20   0x00000034   Code   RO         2402    i.HAL_SYSTICK_Config  stm32f4xx_hal_cortex.o
    0x08002f54   0x08002f54   0x00000002   Code   RO         4284    i.HAL_TIMEx_BreakCallback  stm32f4xx_hal_tim_ex.o
    0x08002f56   0x08002f56   0x00000002   Code   RO         4285    i.HAL_TIMEx_CommutCallback  stm32f4xx_hal_tim_ex.o
    0x08002f58   0x08002f58   0x000000b4   Code   RO         4302    i.HAL_TIMEx_MasterConfigSynchronization  stm32f4xx_hal_tim_ex.o
    0x0800300c   0x0800300c   0x00000034   Code   RO         3598    i.HAL_TIM_Base_Init  stm32f4xx_hal_tim.o
    0x08003040   0x08003040   0x00000060   Code   RO          384    i.HAL_TIM_Base_MspInit  tim.o
    0x080030a0   0x080030a0   0x0000002a   Code   RO         3601    i.HAL_TIM_Base_Start  stm32f4xx_hal_tim.o
    0x080030ca   0x080030ca   0x00000038   Code   RO         3604    i.HAL_TIM_Base_Stop  stm32f4xx_hal_tim.o
    0x08003102   0x08003102   0x00000002   PAD
    0x08003104   0x08003104   0x00000074   Code   RO         5180    i.HAL_TIM_IC_CaptureCallback  ppm_signal.o
    0x08003178   0x08003178   0x000000e0   Code   RO         3629    i.HAL_TIM_IC_ConfigChannel  stm32f4xx_hal_tim.o
    0x08003258   0x08003258   0x00000034   Code   RO         3632    i.HAL_TIM_IC_Init   stm32f4xx_hal_tim.o
    0x0800328c   0x0800328c   0x00000094   Code   RO          386    i.HAL_TIM_IC_MspInit  tim.o
    0x08003320   0x08003320   0x00000078   Code   RO         3637    i.HAL_TIM_IC_Start_IT  stm32f4xx_hal_tim.o
    0x08003398   0x08003398   0x00000196   Code   RO         3641    i.HAL_TIM_IRQHandler  stm32f4xx_hal_tim.o
    0x0800352e   0x0800352e   0x00000002   Code   RO         3644    i.HAL_TIM_OC_DelayElapsedCallback  stm32f4xx_hal_tim.o
    0x08003530   0x08003530   0x00000002   Code   RO         3671    i.HAL_TIM_PWM_PulseFinishedCallback  stm32f4xx_hal_tim.o
    0x08003532   0x08003532   0x00000002   Code   RO         3679    i.HAL_TIM_PeriodElapsedCallback  stm32f4xx_hal_tim.o
    0x08003534   0x08003534   0x00000032   Code   RO         3681    i.HAL_TIM_ReadCapturedValue  stm32f4xx_hal_tim.o
    0x08003566   0x08003566   0x00000002   Code   RO         3684    i.HAL_TIM_TriggerCallback  stm32f4xx_hal_tim.o
    0x08003568   0x08003568   0x00000072   Code   RO         4560    i.HAL_UART_Init     stm32f4xx_hal_uart.o
    0x080035da   0x080035da   0x00000002   PAD
    0x080035dc   0x080035dc   0x00000088   Code   RO          468    i.HAL_UART_MspInit  usart.o
    0x08003664   0x08003664   0x000000d8   Code   RO         4568    i.HAL_UART_Transmit  stm32f4xx_hal_uart.o
    0x0800373c   0x0800373c   0x00000004   Code   RO          903    i.HardFault_Handler  stm32f4xx_it.o
    0x08003740   0x08003740   0x0000003e   Code   RO          753    i.IntToUnicode      usbd_desc.o
    0x0800377e   0x0800377e   0x00000002   PAD
    0x08003780   0x08003780   0x00000614   Code   RO         5311    i.KalmanCalculation  kalman.o
    0x08003d94   0x08003d94   0x00000048   Code   RO          275    i.MX_DMA_Init       dma.o
    0x08003ddc   0x08003ddc   0x000000dc   Code   RO          243    i.MX_GPIO_Init      gpio.o
    0x08003eb8   0x08003eb8   0x0000003c   Code   RO          301    i.MX_I2C1_Init      i2c.o
    0x08003ef4   0x08003ef4   0x00000048   Code   RO          343    i.MX_SPI1_Init      spi.o
    0x08003f3c   0x08003f3c   0x0000004c   Code   RO          387    i.MX_TIM6_Init      tim.o
    0x08003f88   0x08003f88   0x00000048   Code   RO          388    i.MX_TIM7_Init      tim.o
    0x08003fd0   0x08003fd0   0x0000005c   Code   RO          389    i.MX_TIM9_Init      tim.o
    0x0800402c   0x0800402c   0x00000038   Code   RO          469    i.MX_UART4_Init     usart.o
    0x08004064   0x08004064   0x0000004c   Code   RO          509    i.MX_USB_DEVICE_Init  usb_device.o
    0x080040b0   0x080040b0   0x00000004   Code   RO          904    i.MemManage_Handler  stm32f4xx_it.o
    0x080040b4   0x080040b4   0x00000002   Code   RO          905    i.NMI_Handler       stm32f4xx_it.o
    0x080040b6   0x080040b6   0x00000002   PAD
    0x080040b8   0x080040b8   0x00000010   Code   RO          906    i.OTG_FS_IRQHandler  stm32f4xx_it.o
    0x080040c8   0x080040c8   0x00000010   Code   RO         5215    i.PCA9685_AutoIncrement  pca9685.o
    0x080040d8   0x080040d8   0x00000044   Code   RO         5216    i.PCA9685_Init      pca9685.o
    0x0800411c   0x0800411c   0x00000010   Code   RO         5217    i.PCA9685_RestartMode  pca9685.o
    0x0800412c   0x0800412c   0x0000001a   Code   RO         5218    i.PCA9685_SetBit    pca9685.o
    0x08004146   0x08004146   0x00000044   Code   RO         5220    i.PCA9685_SetPwm    pca9685.o
    0x0800418a   0x0800418a   0x00000002   PAD
    0x0800418c   0x0800418c   0x000000e8   Code   RO         5221    i.PCA9685_SetPwmFrequency  pca9685.o
    0x08004274   0x08004274   0x00000070   Code   RO         5222    i.PCA9685_SetServoAngle  pca9685.o
    0x080042e4   0x080042e4   0x00000010   Code   RO         5223    i.PCA9685_SleepMode  pca9685.o
    0x080042f4   0x080042f4   0x0000001a   Code   RO         5224    i.PCA9685_SoftwareReset  pca9685.o
    0x0800430e   0x0800430e   0x00000002   PAD
    0x08004310   0x08004310   0x00000064   Code   RO         1056    i.PCD_EP_OutSetupPacket_int  stm32f4xx_hal_pcd.o
    0x08004374   0x08004374   0x0000017c   Code   RO         1057    i.PCD_EP_OutXfrComplete_int  stm32f4xx_hal_pcd.o
    0x080044f0   0x080044f0   0x000000b6   Code   RO         1058    i.PCD_WriteEmptyTxFifo  stm32f4xx_hal_pcd.o
    0x080045a6   0x080045a6   0x00000002   Code   RO          907    i.PendSV_Handler    stm32f4xx_it.o
    0x080045a8   0x080045a8   0x00000034   Code   RO         4953    i.SOFT_I2C_Ack      soft_i2c.o
    0x080045dc   0x080045dc   0x0000000a   Code   RO         4954    i.SOFT_I2C_Delay    soft_i2c.o
    0x080045e6   0x080045e6   0x00000002   PAD
    0x080045e8   0x080045e8   0x00000034   Code   RO         4955    i.SOFT_I2C_NAck     soft_i2c.o
    0x0800461c   0x0800461c   0x00000064   Code   RO         4956    i.SOFT_I2C_Read_Byte  soft_i2c.o
    0x08004680   0x08004680   0x0000001c   Code   RO         4957    i.SOFT_I2C_SDA_IN   soft_i2c.o
    0x0800469c   0x0800469c   0x0000001c   Code   RO         4958    i.SOFT_I2C_SDA_OUT  soft_i2c.o
    0x080046b8   0x080046b8   0x00000048   Code   RO         4959    i.SOFT_I2C_Send_Byte  soft_i2c.o
    0x08004700   0x08004700   0x00000030   Code   RO         4960    i.SOFT_I2C_Start    soft_i2c.o
    0x08004730   0x08004730   0x00000028   Code   RO         4961    i.SOFT_I2C_Stop     soft_i2c.o
    0x08004758   0x08004758   0x0000004c   Code   RO         4962    i.SOFT_I2C_Wait_Ack  soft_i2c.o
    0x080047a4   0x080047a4   0x0000006c   Code   RO         3323    i.SPI_EndRxTxTransaction  stm32f4xx_hal_spi.o
    0x08004810   0x08004810   0x000000a8   Code   RO         3328    i.SPI_WaitFlagStateUntilTimeout  stm32f4xx_hal_spi.o
    0x080048b8   0x080048b8   0x00000002   Code   RO          908    i.SVC_Handler       stm32f4xx_it.o
    0x080048ba   0x080048ba   0x00000012   Code   RO         5574    i.SWAPBYTE          usbd_ctlreq.o
    0x080048cc   0x080048cc   0x00000008   Code   RO          909    i.SysTick_Handler   stm32f4xx_it.o
    0x080048d4   0x080048d4   0x000000b4   Code   RO           14    i.SystemClock_Config  main.o
    0x08004988   0x08004988   0x0000001c   Code   RO         4867    i.SystemInit        system_stm32f4xx.o
    0x080049a4   0x080049a4   0x00000010   Code   RO          910    i.TIM1_BRK_TIM9_IRQHandler  stm32f4xx_it.o
    0x080049b4   0x080049b4   0x000000d8   Code   RO         3686    i.TIM_Base_SetConfig  stm32f4xx_hal_tim.o
    0x08004a8c   0x08004a8c   0x00000022   Code   RO         3687    i.TIM_CCxChannelCmd  stm32f4xx_hal_tim.o
    0x08004aae   0x08004aae   0x00000002   PAD
    0x08004ab0   0x08004ab0   0x00000090   Code   RO         3705    i.TIM_TI1_SetConfig  stm32f4xx_hal_tim.o
    0x08004b40   0x08004b40   0x0000003a   Code   RO         3707    i.TIM_TI2_SetConfig  stm32f4xx_hal_tim.o
    0x08004b7a   0x08004b7a   0x00000038   Code   RO         3708    i.TIM_TI3_SetConfig  stm32f4xx_hal_tim.o
    0x08004bb2   0x08004bb2   0x0000003c   Code   RO         3709    i.TIM_TI4_SetConfig  stm32f4xx_hal_tim.o
    0x08004bee   0x08004bee   0x00000002   PAD
    0x08004bf0   0x08004bf0   0x000003e8   Code   RO         4587    i.UART_SetConfig    stm32f4xx_hal_uart.o
    0x08004fd8   0x08004fd8   0x0000006c   Code   RO         4589    i.UART_WaitOnFlagUntilTimeout  stm32f4xx_hal_uart.o
    0x08005044   0x08005044   0x0000008c   Code   RO         5737    i.USBD_CDC_DataIn   usbd_cdc.o
    0x080050d0   0x080050d0   0x00000034   Code   RO         5738    i.USBD_CDC_DataOut  usbd_cdc.o
    0x08005104   0x08005104   0x00000054   Code   RO         5739    i.USBD_CDC_DeInit   usbd_cdc.o
    0x08005158   0x08005158   0x00000032   Code   RO         5740    i.USBD_CDC_EP0_RxReady  usbd_cdc.o
    0x0800518a   0x0800518a   0x00000002   PAD
    0x0800518c   0x0800518c   0x00000010   Code   RO         5741    i.USBD_CDC_GetDeviceQualifierDescriptor  usbd_cdc.o
    0x0800519c   0x0800519c   0x00000010   Code   RO         5742    i.USBD_CDC_GetFSCfgDesc  usbd_cdc.o
    0x080051ac   0x080051ac   0x00000010   Code   RO         5743    i.USBD_CDC_GetHSCfgDesc  usbd_cdc.o
    0x080051bc   0x080051bc   0x00000010   Code   RO         5744    i.USBD_CDC_GetOtherSpeedCfgDesc  usbd_cdc.o
    0x080051cc   0x080051cc   0x000000c0   Code   RO         5745    i.USBD_CDC_Init     usbd_cdc.o
    0x0800528c   0x0800528c   0x0000003a   Code   RO         5746    i.USBD_CDC_ReceivePacket  usbd_cdc.o
    0x080052c6   0x080052c6   0x00000010   Code   RO         5747    i.USBD_CDC_RegisterInterface  usbd_cdc.o
    0x080052d6   0x080052d6   0x0000000e   Code   RO         5748    i.USBD_CDC_SetRxBuffer  usbd_cdc.o
    0x080052e4   0x080052e4   0x00000014   Code   RO         5749    i.USBD_CDC_SetTxBuffer  usbd_cdc.o
    0x080052f8   0x080052f8   0x000000fa   Code   RO         5750    i.USBD_CDC_Setup    usbd_cdc.o
    0x080053f2   0x080053f2   0x0000001c   Code   RO         5436    i.USBD_ClrClassConfig  usbd_core.o
    0x0800540e   0x0800540e   0x0000003e   Code   RO         5575    i.USBD_ClrFeature   usbd_ctlreq.o
    0x0800544c   0x0800544c   0x00000018   Code   RO         5677    i.USBD_CtlContinueRx  usbd_ioreq.o
    0x08005464   0x08005464   0x00000018   Code   RO         5678    i.USBD_CtlContinueSendData  usbd_ioreq.o
    0x0800547c   0x0800547c   0x00000018   Code   RO         5576    i.USBD_CtlError     usbd_ctlreq.o
    0x08005494   0x08005494   0x00000028   Code   RO         5679    i.USBD_CtlPrepareRx  usbd_ioreq.o
    0x080054bc   0x080054bc   0x0000001a   Code   RO         5680    i.USBD_CtlReceiveStatus  usbd_ioreq.o
    0x080054d6   0x080054d6   0x00000022   Code   RO         5681    i.USBD_CtlSendData  usbd_ioreq.o
    0x080054f8   0x080054f8   0x0000001a   Code   RO         5682    i.USBD_CtlSendStatus  usbd_ioreq.o
    0x08005512   0x08005512   0x00000002   PAD
    0x08005514   0x08005514   0x00000034   Code   RO          754    i.USBD_FS_ConfigStrDescriptor  usbd_desc.o
    0x08005548   0x08005548   0x00000010   Code   RO          755    i.USBD_FS_DeviceDescriptor  usbd_desc.o
    0x08005558   0x08005558   0x00000038   Code   RO          756    i.USBD_FS_InterfaceStrDescriptor  usbd_desc.o
    0x08005590   0x08005590   0x00000010   Code   RO          757    i.USBD_FS_LangIDStrDescriptor  usbd_desc.o
    0x080055a0   0x080055a0   0x0000002c   Code   RO          758    i.USBD_FS_ManufacturerStrDescriptor  usbd_desc.o
    0x080055cc   0x080055cc   0x00000040   Code   RO          759    i.USBD_FS_ProductStrDescriptor  usbd_desc.o
    0x0800560c   0x0800560c   0x00000018   Code   RO          760    i.USBD_FS_SerialStrDescriptor  usbd_desc.o
    0x08005624   0x08005624   0x00000056   Code   RO         5577    i.USBD_GetConfig    usbd_ctlreq.o
    0x0800567a   0x0800567a   0x000001fc   Code   RO         5578    i.USBD_GetDescriptor  usbd_ctlreq.o
    0x08005876   0x08005876   0x00000016   Code   RO         5579    i.USBD_GetLen       usbd_ctlreq.o
    0x0800588c   0x0800588c   0x0000005a   Code   RO         5580    i.USBD_GetStatus    usbd_ctlreq.o
    0x080058e6   0x080058e6   0x00000054   Code   RO         5581    i.USBD_GetString    usbd_ctlreq.o
    0x0800593a   0x0800593a   0x0000002c   Code   RO          570    i.USBD_Get_USB_Status  usbd_conf.o
    0x08005966   0x08005966   0x00000044   Code   RO         5438    i.USBD_Init         usbd_core.o
    0x080059aa   0x080059aa   0x00000026   Code   RO          571    i.USBD_LL_ClearStallEP  usbd_conf.o
    0x080059d0   0x080059d0   0x00000026   Code   RO          572    i.USBD_LL_CloseEP   usbd_conf.o
    0x080059f6   0x080059f6   0x000000e6   Code   RO         5439    i.USBD_LL_DataInStage  usbd_core.o
    0x08005adc   0x08005adc   0x00000092   Code   RO         5440    i.USBD_LL_DataOutStage  usbd_core.o
    0x08005b6e   0x08005b6e   0x00000006   Code   RO         5441    i.USBD_LL_DevConnected  usbd_core.o
    0x08005b74   0x08005b74   0x00000020   Code   RO         5442    i.USBD_LL_DevDisconnected  usbd_core.o
    0x08005b94   0x08005b94   0x00000012   Code   RO          576    i.USBD_LL_GetRxDataSize  usbd_conf.o
    0x08005ba6   0x08005ba6   0x00000002   PAD
    0x08005ba8   0x08005ba8   0x00000068   Code   RO          577    i.USBD_LL_Init      usbd_conf.o
    0x08005c10   0x08005c10   0x00000038   Code   RO          578    i.USBD_LL_IsStallEP  usbd_conf.o
    0x08005c48   0x08005c48   0x00000006   Code   RO         5443    i.USBD_LL_IsoINIncomplete  usbd_core.o
    0x08005c4e   0x08005c4e   0x00000006   Code   RO         5444    i.USBD_LL_IsoOUTIncomplete  usbd_core.o
    0x08005c54   0x08005c54   0x00000030   Code   RO          579    i.USBD_LL_OpenEP    usbd_conf.o
    0x08005c84   0x08005c84   0x00000030   Code   RO          580    i.USBD_LL_PrepareReceive  usbd_conf.o
    0x08005cb4   0x08005cb4   0x0000005a   Code   RO         5445    i.USBD_LL_Reset     usbd_core.o
    0x08005d0e   0x08005d0e   0x00000016   Code   RO         5446    i.USBD_LL_Resume    usbd_core.o
    0x08005d24   0x08005d24   0x00000022   Code   RO         5447    i.USBD_LL_SOF       usbd_core.o
    0x08005d46   0x08005d46   0x00000008   Code   RO         5448    i.USBD_LL_SetSpeed  usbd_core.o
    0x08005d4e   0x08005d4e   0x00000026   Code   RO          581    i.USBD_LL_SetUSBAddress  usbd_conf.o
    0x08005d74   0x08005d74   0x00000076   Code   RO         5449    i.USBD_LL_SetupStage  usbd_core.o
    0x08005dea   0x08005dea   0x00000026   Code   RO          582    i.USBD_LL_StallEP   usbd_conf.o
    0x08005e10   0x08005e10   0x0000001e   Code   RO          583    i.USBD_LL_Start     usbd_conf.o
    0x08005e2e   0x08005e2e   0x00000014   Code   RO         5450    i.USBD_LL_Suspend   usbd_core.o
    0x08005e42   0x08005e42   0x00000030   Code   RO          585    i.USBD_LL_Transmit  usbd_conf.o
    0x08005e72   0x08005e72   0x00000036   Code   RO         5582    i.USBD_ParseSetupRequest  usbd_ctlreq.o
    0x08005ea8   0x08005ea8   0x00000026   Code   RO         5451    i.USBD_RegisterClass  usbd_core.o
    0x08005ece   0x08005ece   0x00000006   Code   RO         5452    i.USBD_RunTestMode  usbd_core.o
    0x08005ed4   0x08005ed4   0x0000005a   Code   RO         5583    i.USBD_SetAddress   usbd_ctlreq.o
    0x08005f2e   0x08005f2e   0x00000020   Code   RO         5453    i.USBD_SetClassConfig  usbd_core.o
    0x08005f4e   0x08005f4e   0x00000002   PAD
    0x08005f50   0x08005f50   0x000000fc   Code   RO         5584    i.USBD_SetConfig    usbd_ctlreq.o
    0x0800604c   0x0800604c   0x00000018   Code   RO         5585    i.USBD_SetFeature   usbd_ctlreq.o
    0x08006064   0x08006064   0x0000000c   Code   RO         5454    i.USBD_Start        usbd_core.o
    0x08006070   0x08006070   0x000000a6   Code   RO         5586    i.USBD_StdDevReq    usbd_ctlreq.o
    0x08006116   0x08006116   0x0000022a   Code   RO         5587    i.USBD_StdEPReq     usbd_ctlreq.o
    0x08006340   0x08006340   0x0000007e   Code   RO         5588    i.USBD_StdItfReq    usbd_ctlreq.o
    0x080063be   0x080063be   0x00000002   PAD
    0x080063c0   0x080063c0   0x000000d0   Code   RO         1297    i.USB_ActivateEndpoint  stm32f4xx_ll_usb.o
    0x08006490   0x08006490   0x00000028   Code   RO         1299    i.USB_ActivateSetup  stm32f4xx_ll_usb.o
    0x080064b8   0x080064b8   0x00000084   Code   RO         1301    i.USB_CoreInit      stm32f4xx_ll_usb.o
    0x0800653c   0x0800653c   0x0000004c   Code   RO         1302    i.USB_CoreReset     stm32f4xx_ll_usb.o
    0x08006588   0x08006588   0x0000014c   Code   RO         1305    i.USB_DeactivateEndpoint  stm32f4xx_ll_usb.o
    0x080066d4   0x080066d4   0x00000024   Code   RO         1306    i.USB_DevConnect    stm32f4xx_ll_usb.o
    0x080066f8   0x080066f8   0x00000024   Code   RO         1307    i.USB_DevDisconnect  stm32f4xx_ll_usb.o
    0x0800671c   0x0800671c   0x000001e0   Code   RO         1308    i.USB_DevInit       stm32f4xx_ll_usb.o
    0x080068fc   0x080068fc   0x0000000e   Code   RO         1309    i.USB_DisableGlobalInt  stm32f4xx_ll_usb.o
    0x0800690a   0x0800690a   0x00000002   PAD
    0x0800690c   0x0800690c   0x000001d8   Code   RO         1312    i.USB_EP0StartXfer  stm32f4xx_ll_usb.o
    0x08006ae4   0x08006ae4   0x00000070   Code   RO         1313    i.USB_EP0_OutStart  stm32f4xx_ll_usb.o
    0x08006b54   0x08006b54   0x0000008e   Code   RO         1314    i.USB_EPClearStall  stm32f4xx_ll_usb.o
    0x08006be2   0x08006be2   0x0000009a   Code   RO         1315    i.USB_EPSetStall    stm32f4xx_ll_usb.o
    0x08006c7c   0x08006c7c   0x00000344   Code   RO         1316    i.USB_EPStartXfer   stm32f4xx_ll_usb.o
    0x08006fc0   0x08006fc0   0x0000000e   Code   RO         1317    i.USB_EnableGlobalInt  stm32f4xx_ll_usb.o
    0x08006fce   0x08006fce   0x00000002   PAD
    0x08006fd0   0x08006fd0   0x0000002c   Code   RO         1318    i.USB_FlushRxFifo   stm32f4xx_ll_usb.o
    0x08006ffc   0x08006ffc   0x00000030   Code   RO         1319    i.USB_FlushTxFifo   stm32f4xx_ll_usb.o
    0x0800702c   0x0800702c   0x00000026   Code   RO         1321    i.USB_GetDevSpeed   stm32f4xx_ll_usb.o
    0x08007052   0x08007052   0x0000000a   Code   RO         1323    i.USB_GetMode       stm32f4xx_ll_usb.o
    0x0800705c   0x0800705c   0x00000014   Code   RO         1330    i.USB_ReadDevAllInEpInterrupt  stm32f4xx_ll_usb.o
    0x08007070   0x08007070   0x00000014   Code   RO         1331    i.USB_ReadDevAllOutEpInterrupt  stm32f4xx_ll_usb.o
    0x08007084   0x08007084   0x00000032   Code   RO         1332    i.USB_ReadDevInEPInterrupt  stm32f4xx_ll_usb.o
    0x080070b6   0x080070b6   0x0000001a   Code   RO         1333    i.USB_ReadDevOutEPInterrupt  stm32f4xx_ll_usb.o
    0x080070d0   0x080070d0   0x0000000a   Code   RO         1334    i.USB_ReadInterrupts  stm32f4xx_ll_usb.o
    0x080070da   0x080070da   0x00000022   Code   RO         1335    i.USB_ReadPacket    stm32f4xx_ll_usb.o
    0x080070fc   0x080070fc   0x00000036   Code   RO         1337    i.USB_SetCurrentMode  stm32f4xx_ll_usb.o
    0x08007132   0x08007132   0x0000002a   Code   RO         1338    i.USB_SetDevAddress  stm32f4xx_ll_usb.o
    0x0800715c   0x0800715c   0x00000012   Code   RO         1339    i.USB_SetDevSpeed   stm32f4xx_ll_usb.o
    0x0800716e   0x0800716e   0x00000002   PAD
    0x08007170   0x08007170   0x000000e8   Code   RO         1340    i.USB_SetTurnaroundTime  stm32f4xx_ll_usb.o
    0x08007258   0x08007258   0x0000003c   Code   RO         1343    i.USB_WritePacket   stm32f4xx_ll_usb.o
    0x08007294   0x08007294   0x00000004   Code   RO          911    i.UsageFault_Handler  stm32f4xx_it.o
    0x08007298   0x08007298   0x00000030   Code   RO         5960    i.__ARM_fpclassify  m_wm.l(fpclassify.o)
    0x080072c8   0x080072c8   0x00000010   Code   RO         2404    i.__NVIC_GetPriorityGrouping  stm32f4xx_hal_cortex.o
    0x080072d8   0x080072d8   0x00000028   Code   RO         2405    i.__NVIC_SetPriority  stm32f4xx_hal_cortex.o
    0x08007300   0x08007300   0x000002d8   Code   RO         5839    i.__hardfp_atan     m_wm.l(atan.o)
    0x080075d8   0x080075d8   0x00000118   Code   RO         5853    i.__hardfp_floor    m_wm.l(floor.o)
    0x080076f0   0x080076f0   0x0000007a   Code   RO         5873    i.__hardfp_sqrt     m_wm.l(sqrt.o)
    0x0800776a   0x0800776a   0x000000f8   Code   RO         5962    i.__kernel_poly     m_wm.l(poly.o)
    0x08007862   0x08007862   0x00000014   Code   RO         5941    i.__mathlib_dbl_infnan  m_wm.l(dunder.o)
    0x08007876   0x08007876   0x00000002   PAD
    0x08007878   0x08007878   0x00000020   Code   RO         5946    i.__mathlib_dbl_underflow  m_wm.l(dunder.o)
    0x08007898   0x08007898   0x0000000e   Code   RO         6013    i.__scatterload_copy  mc_w.l(handlers.o)
    0x080078a6   0x080078a6   0x00000002   Code   RO         6014    i.__scatterload_null  mc_w.l(handlers.o)
    0x080078a8   0x080078a8   0x0000000e   Code   RO         6015    i.__scatterload_zeroinit  mc_w.l(handlers.o)
    0x080078b6   0x080078b6   0x00000002   PAD
    0x080078b8   0x080078b8   0x0000000c   Code   RO         5989    i.__set_errno       mc_w.l(errno.o)
    0x080078c4   0x080078c4   0x00000038   Code   RO          391    i.delay_quarter_us  tim.o
    0x080078fc   0x080078fc   0x00000018   Code   RO         5956    i.fabs              m_wm.l(fabs.o)
    0x08007914   0x08007914   0x00000050   Code   RO         5898    i.free              mc_w.l(malloc.o)
    0x08007964   0x08007964   0x00000050   Code   RO         4965    i.i2cdevReadByte    soft_i2c.o
    0x080079b4   0x080079b4   0x00000064   Code   RO         4966    i.i2cdevWrite       soft_i2c.o
    0x08007a18   0x08007a18   0x00000050   Code   RO         4967    i.i2cdevWriteBit    soft_i2c.o
    0x08007a68   0x08007a68   0x00000052   Code   RO         4969    i.i2cdevWriteByte   soft_i2c.o
    0x08007aba   0x08007aba   0x00000002   PAD
    0x08007abc   0x08007abc   0x00000034   Code   RO         5312    i.limit             kalman.o
    0x08007af0   0x08007af0   0x0000009c   Code   RO           16    i.main              main.o
    0x08007b8c   0x08007b8c   0x0000006c   Code   RO         5899    i.malloc            mc_w.l(malloc.o)
    0x08007bf8   0x08007bf8   0x000000bc   Code   RO         4903    i.mpu6000AccRead    mpu6000.o
    0x08007cb4   0x08007cb4   0x000000c0   Code   RO         4904    i.mpu6000GyroRead   mpu6000.o
    0x08007d74   0x08007d74   0x000000dc   Code   RO         4905    i.mpu6000Init       mpu6000.o
    0x08007e50   0x08007e50   0x00000054   Code   RO         4906    i.mpu6000SpiReadRegister  mpu6000.o
    0x08007ea4   0x08007ea4   0x00000048   Code   RO         4907    i.mpu6000SpiWriteRegister  mpu6000.o
    0x08007eec   0x08007eec   0x00000008   Data   RO         2121    .constdata          stm32f4xx_hal_dma.o
    0x08007ef4   0x08007ef4   0x00000018   Data   RO         4868    .constdata          system_stm32f4xx.o
    0x08007f0c   0x08007f0c   0x00000004   PAD
    0x08007f10   0x08007f10   0x00000098   Data   RO         5842    .constdata          m_wm.l(atan.o)
    0x08007fa8   0x08007fa8   0x00000020   Data   RO         6011    Region$$Table       anon$$obj.o


    Execution Region RW_IRAM2 (Exec base: 0x10000000, Load base: 0x080080b0, Size: 0x00000000, Max: 0x00010000, ABSOLUTE)

    **** No section assigned to this execution region ****


    Execution Region RW_IRAM1 (Exec base: 0x20000000, Load base: 0x08007fc8, Size: 0x00002468, Max: 0x00020000, ABSOLUTE, COMPRESSED[0x000000e8])

    Exec Addr    Load Addr    Size         Type   Attr      Idx    E Section Name        Object

    0x20000000   COMPRESSED   0x00000018   Data   RW           18    .data               main.o
    0x20000018   COMPRESSED   0x0000004e   Data   RW          762    .data               usbd_desc.o
    0x20000066   COMPRESSED   0x00000002   PAD
    0x20000068   COMPRESSED   0x00000014   Data   RW          849    .data               usbd_cdc_if.o
    0x2000007c   COMPRESSED   0x00000009   Data   RW         2553    .data               stm32f4xx_hal.o
    0x20000085   COMPRESSED   0x00000003   PAD
    0x20000088   COMPRESSED   0x00000004   Data   RW         4869    .data               system_stm32f4xx.o
    0x2000008c   COMPRESSED   0x00000001   Data   RW         4908    .data               mpu6000.o
    0x2000008d   COMPRESSED   0x00000003   PAD
    0x20000090   COMPRESSED   0x0000001c   Data   RW         5183    .data               ppm_signal.o
    0x200000ac   COMPRESSED   0x000000bc   Data   RW         5314    .data               kalman.o
    0x20000168   COMPRESSED   0x00000001   Data   RW         5589    .data               usbd_ctlreq.o
    0x20000169   COMPRESSED   0x00000003   PAD
    0x2000016c   COMPRESSED   0x0000010f   Data   RW         5752    .data               usbd_cdc.o
    0x2000027b   COMPRESSED   0x00000001   PAD
    0x2000027c   COMPRESSED   0x00000004   Data   RW         5985    .data               mc_w.l(mvars.o)
    0x20000280   COMPRESSED   0x00000004   Data   RW         5986    .data               mc_w.l(mvars.o)
    0x20000284   COMPRESSED   0x00000004   Data   RW         5990    .data               mc_w.l(errno.o)
    0x20000288        -       0x00000018   Zero   RW           17    .bss                main.o
    0x200002a0        -       0x00000054   Zero   RW          302    .bss                i2c.o
    0x200002f4        -       0x00000118   Zero   RW          344    .bss                spi.o
    0x2000040c        -       0x000000c0   Zero   RW          393    .bss                tim.o
    0x200004cc        -       0x00000040   Zero   RW          470    .bss                usart.o
    0x2000050c        -       0x000002d0   Zero   RW          510    .bss                usb_device.o
    0x200007dc        -       0x00000408   Zero   RW          586    .bss                usbd_conf.o
    0x20000be4        -       0x00000200   Zero   RW          761    .bss                usbd_desc.o
    0x20000de4        -       0x00001000   Zero   RW          848    .bss                usbd_cdc_if.o
    0x20001de4        -       0x00000040   Zero   RW         5182    .bss                ppm_signal.o
    0x20001e24        -       0x0000003f   Zero   RW         5365    .bss                ano_dt.o
    0x20001e63   COMPRESSED   0x00000005   PAD
    0x20001e68        -       0x00000200   Zero   RW            2    HEAP                startup_stm32f405xx.o
    0x20002068        -       0x00000400   Zero   RW            1    STACK               startup_stm32f405xx.o


==============================================================================

Image component sizes


      Code (inc. data)   RO Data    RW Data    ZI Data      Debug   Object Name

       372         16          0          0         63       3121   ano_dt.o
        72          4          0          0          0        774   dma.o
       442         14          0          0          0       1822   gpio.o
       196         26          0          0         84       1665   i2c.o
      1634        230          0        188          0       4395   kalman.o
       338         34          0         24         24     670895   main.o
       756         44          0          1          0       4908   mpu6000.o
       580         52          0          0          0       5777   pca9685.o
       116         22          0         28         64       1439   ppm_signal.o
       848         72          0          0          0       9134   soft_i2c.o
       352         36          0          0        280       1871   spi.o
        36          8        392          0       1536        848   startup_stm32f405xx.o
       212         36          0          9          0       9481   stm32f4xx_hal.o
       304         22          0          0          0      34535   stm32f4xx_hal_cortex.o
      1034         16          8          0          0       3948   stm32f4xx_hal_dma.o
       524         46          0          0          0       2344   stm32f4xx_hal_gpio.o
       464         18          0          0          0       2091   stm32f4xx_hal_i2c.o
        72          4          0          0          0        854   stm32f4xx_hal_msp.o
      3228         14          0          0          0      13041   stm32f4xx_hal_pcd.o
        90          0          0          0          0       2481   stm32f4xx_hal_pcd_ex.o
      1800         84          0          0          0       5696   stm32f4xx_hal_rcc.o
      1388          8          0          0          0       5856   stm32f4xx_hal_spi.o
      1578         76          0          0          0      13502   stm32f4xx_hal_tim.o
       184         30          0          0          0       2541   stm32f4xx_hal_tim_ex.o
      1438          8          0          0          0       3856   stm32f4xx_hal_uart.o
        96         24          0          0          0       6249   stm32f4xx_it.o
      3790        102          0          0          0      22942   stm32f4xx_ll_usb.o
        28          4         24          4          0       1167   system_stm32f4xx.o
       540         54          0          0        192       4096   tim.o
       192         24          0          0         64       1688   usart.o
        76         16          0          0        720       2563   usb_device.o
       940         24          0        271          0      12891   usbd_cdc.o
       148         16          0         20       4096       3438   usbd_cdc_if.o
       990         18          0          0       1032      15988   usbd_conf.o
       902          0          0          0          0      13465   usbd_core.o
      2160         28          0          1          0      17072   usbd_ctlreq.o
       386        122          0         78        512       6745   usbd_desc.o
       174          0          0          0          0       4796   usbd_ioreq.o

    ----------------------------------------------------------------------
     28518       1352        460        636       8672     919975   Object Totals
         0          0         32          0          0          0   (incl. Generated)
        38          0          4         12          5          0   (incl. Padding)

    ----------------------------------------------------------------------

      Code (inc. data)   RO Data    RW Data    ZI Data      Debug   Library Member Name

       728        106        152          0          0        228   atan.o
        52          8          0          0          0        248   dunder.o
        24          0          0          0          0        124   fabs.o
       280         28          0          0          0        156   floor.o
        48          0          0          0          0        124   fpclassify.o
       248          0          0          0          0        152   poly.o
       122          0          0          0          0        148   sqrt.o
        86          0          0          0          0          0   __dczerorl2.o
         0          0          0          0          0          0   entry.o
         0          0          0          0          0          0   entry10a.o
         0          0          0          0          0          0   entry11a.o
         8          4          0          0          0          0   entry2.o
         4          0          0          0          0          0   entry5.o
         0          0          0          0          0          0   entry7b.o
         0          0          0          0          0          0   entry8b.o
         8          4          0          0          0          0   entry9a.o
        12          6          0          4          0         68   errno.o
        30          0          0          0          0          0   handlers.o
        36          8          0          0          0         68   init.o
         0          0          0          0          0          0   iusefp.o
        30          0          0          0          0         68   llshl.o
        36          0          0          0          0         68   llsshr.o
        32          0          0          0          0         68   llushr.o
       188         20          0          0          0        160   malloc.o
        36          0          0          0          0         68   memcpya.o
        36          0          0          0          0        108   memseta.o
         0          0          0          8          0          0   mvars.o
        98          0          0          0          0         92   uldiv.o
        48          0          0          0          0         68   cdrcmple.o
        56          0          0          0          0         88   d2f.o
       334          0          0          0          0        148   dadd.o
       222          0          0          0          0        100   ddiv.o
       186          0          0          0          0        176   depilogue.o
        50          0          0          0          0         76   dfixui.o
       228          0          0          0          0         96   dmul.o
       162          0          0          0          0        100   dsqrt.o
        38          0          0          0          0         68   f2d.o
       110          0          0          0          0        168   fepilogue.o

    ----------------------------------------------------------------------
      3582        184        152         12          0       3036   Library Totals
         6          0          0          0          0          0   (incl. Padding)

    ----------------------------------------------------------------------

      Code (inc. data)   RO Data    RW Data    ZI Data      Debug   Library Name

      1502        142        152          0          0       1180   m_wm.l
       640         42          0         12          0        768   mc_w.l
      1434          0          0          0          0       1088   mf_w.l

    ----------------------------------------------------------------------
      3582        184        152         12          0       3036   Library Totals

    ----------------------------------------------------------------------

==============================================================================


      Code (inc. data)   RO Data    RW Data    ZI Data      Debug   

     32100       1536        612        648       8672     896411   Grand Totals
     32100       1536        612        232       8672     896411   ELF Image Totals (compressed)
     32100       1536        612        232          0          0   ROM Totals

==============================================================================

    Total RO  Size (Code + RO Data)                32712 (  31.95kB)
    Total RW  Size (RW Data + ZI Data)              9320 (   9.10kB)
    Total ROM Size (Code + RO Data + RW Data)      32944 (  32.17kB)

==============================================================================

