Component: ARM Compiler 5.06 update 6 (build 750) Tool: armlink [4d35ed]

==============================================================================

Section Cross References

    startup_stm32f405xx.o(RESET) refers to startup_stm32f405xx.o(STACK) for __initial_sp
    startup_stm32f405xx.o(RESET) refers to startup_stm32f405xx.o(.text) for Reset_Handler
    startup_stm32f405xx.o(RESET) refers to stm32f4xx_it.o(i.NMI_Handler) for NMI_Handler
    startup_stm32f405xx.o(RESET) refers to stm32f4xx_it.o(i.HardFault_Handler) for HardFault_Handler
    startup_stm32f405xx.o(RESET) refers to stm32f4xx_it.o(i.MemManage_Handler) for MemManage_Handler
    startup_stm32f405xx.o(RESET) refers to stm32f4xx_it.o(i.BusFault_Handler) for BusFault_Handler
    startup_stm32f405xx.o(RESET) refers to stm32f4xx_it.o(i.UsageFault_Handler) for UsageFault_Handler
    startup_stm32f405xx.o(RESET) refers to stm32f4xx_it.o(i.SVC_Handler) for SVC_Handler
    startup_stm32f405xx.o(RESET) refers to stm32f4xx_it.o(i.DebugMon_Handler) for DebugMon_Handler
    startup_stm32f405xx.o(RESET) refers to stm32f4xx_it.o(i.PendSV_Handler) for PendSV_Handler
    startup_stm32f405xx.o(RESET) refers to stm32f4xx_it.o(i.SysTick_Handler) for SysTick_Handler
    startup_stm32f405xx.o(RESET) refers to stm32f4xx_it.o(i.TIM1_BRK_TIM9_IRQHandler) for TIM1_BRK_TIM9_IRQHandler
    startup_stm32f405xx.o(RESET) refers to stm32f4xx_it.o(i.DMA2_Stream0_IRQHandler) for DMA2_Stream0_IRQHandler
    startup_stm32f405xx.o(RESET) refers to stm32f4xx_it.o(i.DMA2_Stream3_IRQHandler) for DMA2_Stream3_IRQHandler
    startup_stm32f405xx.o(RESET) refers to stm32f4xx_it.o(i.OTG_FS_IRQHandler) for OTG_FS_IRQHandler
    startup_stm32f405xx.o(.text) refers to system_stm32f4xx.o(i.SystemInit) for SystemInit
    startup_stm32f405xx.o(.text) refers to entry.o(.ARM.Collect$$$$00000000) for __main
    main.o(i.Send_Status) refers to printfa.o(i.__0printf) for __2printf
    main.o(i.SystemClock_Config) refers to memseta.o(.text) for __aeabi_memclr4
    main.o(i.SystemClock_Config) refers to stm32f4xx_hal_rcc.o(i.HAL_RCC_OscConfig) for HAL_RCC_OscConfig
    main.o(i.SystemClock_Config) refers to main.o(i.Error_Handler) for Error_Handler
    main.o(i.SystemClock_Config) refers to stm32f4xx_hal_rcc.o(i.HAL_RCC_ClockConfig) for HAL_RCC_ClockConfig
    main.o(i.fputc) refers to stm32f4xx_hal_uart.o(i.HAL_UART_Transmit) for HAL_UART_Transmit
    main.o(i.fputc) refers to usart.o(.bss) for huart4
    main.o(i.main) refers to stm32f4xx_hal.o(i.HAL_Init) for HAL_Init
    main.o(i.main) refers to main.o(i.SystemClock_Config) for SystemClock_Config
    main.o(i.main) refers to gpio.o(i.MX_GPIO_Init) for MX_GPIO_Init
    main.o(i.main) refers to dma.o(i.MX_DMA_Init) for MX_DMA_Init
    main.o(i.main) refers to spi.o(i.MX_SPI1_Init) for MX_SPI1_Init
    main.o(i.main) refers to tim.o(i.MX_TIM7_Init) for MX_TIM7_Init
    main.o(i.main) refers to usart.o(i.MX_UART4_Init) for MX_UART4_Init
    main.o(i.main) refers to tim.o(i.MX_TIM9_Init) for MX_TIM9_Init
    main.o(i.main) refers to i2c.o(i.MX_I2C1_Init) for MX_I2C1_Init
    main.o(i.main) refers to tim.o(i.MX_TIM6_Init) for MX_TIM6_Init
    main.o(i.main) refers to usb_device.o(i.MX_USB_DEVICE_Init) for MX_USB_DEVICE_Init
    main.o(i.main) refers to mpu6000.o(i.mpu6000Init) for mpu6000Init
    main.o(i.main) refers to pca9685.o(i.PCA9685_Init) for PCA9685_Init
    main.o(i.main) refers to stm32f4xx_hal_tim.o(i.HAL_TIM_Base_Start) for HAL_TIM_Base_Start
    main.o(i.main) refers to stm32f4xx_hal_tim.o(i.HAL_TIM_IC_Start_IT) for HAL_TIM_IC_Start_IT
    main.o(i.main) refers to mpu6000.o(i.mpu6000AccRead) for mpu6000AccRead
    main.o(i.main) refers to mpu6000.o(i.mpu6000GyroRead) for mpu6000GyroRead
    main.o(i.main) refers to kalman.o(i.complementary_filter) for complementary_filter
    main.o(i.main) refers to kalman.o(i.rotate) for rotate
    main.o(i.main) refers to ano_dt.o(i.ANO_DT_Send_Status) for ANO_DT_Send_Status
    main.o(i.main) refers to tim.o(.bss) for htim6
    main.o(i.main) refers to main.o(.bss) for acc_data
    main.o(i.main) refers to main.o(.data) for roll
    gpio.o(i.MX_GPIO_Init) refers to memseta.o(.text) for __aeabi_memclr4
    gpio.o(i.MX_GPIO_Init) refers to stm32f4xx_hal_gpio.o(i.HAL_GPIO_WritePin) for HAL_GPIO_WritePin
    gpio.o(i.MX_GPIO_Init) refers to stm32f4xx_hal_gpio.o(i.HAL_GPIO_Init) for HAL_GPIO_Init
    dma.o(i.MX_DMA_Init) refers to stm32f4xx_hal_cortex.o(i.HAL_NVIC_SetPriority) for HAL_NVIC_SetPriority
    dma.o(i.MX_DMA_Init) refers to stm32f4xx_hal_cortex.o(i.HAL_NVIC_EnableIRQ) for HAL_NVIC_EnableIRQ
    i2c.o(i.HAL_I2C_MspDeInit) refers to stm32f4xx_hal_gpio.o(i.HAL_GPIO_DeInit) for HAL_GPIO_DeInit
    i2c.o(i.HAL_I2C_MspInit) refers to memseta.o(.text) for __aeabi_memclr4
    i2c.o(i.HAL_I2C_MspInit) refers to stm32f4xx_hal_gpio.o(i.HAL_GPIO_Init) for HAL_GPIO_Init
    i2c.o(i.MX_I2C1_Init) refers to stm32f4xx_hal_i2c.o(i.HAL_I2C_Init) for HAL_I2C_Init
[...]
    _main_scatterload                        0x0800018d   Thumb Code     0  entry5.o(.ARM.Collect$$$$00000004)
    __main_after_scatterload                 0x08000191   Thumb Code     0  entry5.o(.ARM.Collect$$$$00000004)
    _main_clock                              0x08000191   Thumb Code     0  entry7b.o(.ARM.Collect$$$$00000008)
    _main_cpp_init                           0x08000191   Thumb Code     0  entry8b.o(.ARM.Collect$$$$0000000A)
    _main_init                               0x08000191   Thumb Code     0  entry9a.o(.ARM.Collect$$$$0000000B)
    __rt_final_cpp                           0x08000199   Thumb Code     0  entry10a.o(.ARM.Collect$$$$0000000D)
    __rt_final_exit                          0x08000199   Thumb Code     0  entry11a.o(.ARM.Collect$$$$0000000F)
    Reset_Handler                            0x0800019d   Thumb Code     8  startup_stm32f405xx.o(.text)
    ADC_IRQHandler                           0x080001b7   Thumb Code     0  startup_stm32f405xx.o(.text)
    CAN1_RX0_IRQHandler                      0x080001b7   Thumb Code     0  startup_stm32f405xx.o(.text)
    CAN1_RX1_IRQHandler                      0x080001b7   Thumb Code     0  startup_stm32f405xx.o(.text)
    CAN1_SCE_IRQHandler                      0x080001b7   Thumb Code     0  startup_stm32f405xx.o(.text)
    CAN1_TX_IRQHandler                       0x080001b7   Thumb Code     0  startup_stm32f405xx.o(.text)
    CAN2_RX0_IRQHandler                      0x080001b7   Thumb Code     0  startup_stm32f405xx.o(.text)
    CAN2_RX1_IRQHandler                      0x080001b7   Thumb Code     0  startup_stm32f405xx.o(.text)
    CAN2_SCE_IRQHandler                      0x080001b7   Thumb Code     0  startup_stm32f405xx.o(.text)
    CAN2_TX_IRQHandler                       0x080001b7   Thumb Code     0  startup_stm32f405xx.o(.text)
    DMA1_Stream0_IRQHandler                  0x080001b7   Thumb Code     0  startup_stm32f405xx.o(.text)
    DMA1_Stream1_IRQHandler                  0x080001b7   Thumb Code     0  startup_stm32f405xx.o(.text)
    DMA1_Stream2_IRQHandler                  0x080001b7   Thumb Code     0  startup_stm32f405xx.o(.text)
    DMA1_Stream3_IRQHandler                  0x080001b7   Thumb Code     0  startup_stm32f405xx.o(.text)
    DMA1_Stream4_IRQHandler                  0x080001b7   Thumb Code     0  startup_stm32f405xx.o(.text)
    DMA1_Stream5_IRQHandler                  0x080001b7   Thumb Code     0  startup_stm32f405xx.o(.text)
    DMA1_Stream6_IRQHandler                  0x080001b7   Thumb Code     0  startup_stm32f405xx.o(.text)
    DMA1_Stream7_IRQHandler                  0x080001b7   Thumb Code     0  startup_stm32f405xx.o(.text)
    DMA2_Stream1_IRQHandler                  0x080001b7   Thumb Code     0  startup_stm32f405xx.o(.text)
    DMA2_Stream2_IRQHandler                  0x080001b7   Thumb Code     0  startup_stm32f405xx.o(.text)
    DMA2_Stream4_IRQHandler                  0x080001b7   Thumb Code     0  startup_stm32f405xx.o(.text)
    DMA2_Stream5_IRQHandler                  0x080001b7   Thumb Code     0  startup_stm32f405xx.o(.text)
    DMA2_Stream6_IRQHandler                  0x080001b7   Thumb Code     0  startup_stm32f405xx.o(.text)
    DMA2_Stream7_IRQHandler                  0x080001b7   Thumb Code     0  startup_stm32f405xx.o(.text)
    EXTI0_IRQHandler                         0x080001b7   Thumb Code     0  startup_stm32f405xx.o(.text)
    EXTI15_10_IRQHandler                     0x080001b7   Thumb Code     0  startup_stm32f405xx.o(.text)
    EXTI1_IRQHandler                         0x080001b7   Thumb Code     0  startup_stm32f405xx.o(.text)
    EXTI2_IRQHandler                         0x080001b7   Thumb Code     0  startup_stm32f405xx.o(.text)
    EXTI3_IRQHandler                         0x080001b7   Thumb Code     0  startup_stm32f405xx.o(.text)
    EXTI4_IRQHandler                         0x080001b7   Thumb Code     0  startup_stm32f405xx.o(.text)
    EXTI9_5_IRQHandler                       0x080001b7   Thumb Code     0  startup_stm32f405xx.o(.text)
    FLASH_IRQHandler                         0x080001b7   Thumb Code     0  startup_stm32f405xx.o(.text)
    FMC_IRQHandler                           0x080001b7   Thumb Code     0  startup_stm32f405xx.o(.text)
    FPU_IRQHandler                           0x080001b7   Thumb Code     0  startup_stm32f405xx.o(.text)
    HASH_RNG_IRQHandler                      0x080001b7   Thumb Code     0  startup_stm32f405xx.o(.text)
    I2C1_ER_IRQHandler                       0x080001b7   Thumb Code     0  startup_stm32f405xx.o(.text)
    I2C1_EV_IRQHandler                       0x080001b7   Thumb Code     0  startup_stm32f405xx.o(.text)
    I2C2_ER_IRQHandler                       0x080001b7   Thumb Code     0  startup_stm32f405xx.o(.text)
    I2C2_EV_IRQHandler                       0x080001b7   Thumb Code     0  startup_stm32f405xx.o(.text)
    I2C3_ER_IRQHandler                       0x080001b7   Thumb Code     0  startup_stm32f405xx.o(.text)
    I2C3_EV_IRQHandler                       0x080001b7   Thumb Code     0  startup_stm32f405xx.o(.text)
    OTG_FS_WKUP_IRQHandler                   0x080001b7   Thumb Code     0  startup_stm32f405xx.o(.text)
    OTG_HS_EP1_IN_IRQHandler                 0x080001b7   Thumb Code     0  startup_stm32f405xx.o(.text)
    OTG_HS_EP1_OUT_IRQHandler                0x080001b7   Thumb Code     0  startup_stm32f405xx.o(.text)
    OTG_HS_IRQHandler                        0x080001b7   Thumb Code     0  startup_stm32f405xx.o(.text)
    OTG_HS_WKUP_IRQHandler                   0x080001b7   Thumb Code     0  startup_stm32f405xx.o(.text)
    PVD_IRQHandler                           0x080001b7   Thumb Code     0  startup_stm32f405xx.o(.text)
    RCC_IRQHandler                           0x080001b7   Thumb Code     0  startup_stm32f405xx.o(.text)
    RTC_Alarm_IRQHandler                     0x080001b7   Thumb Code     0  startup_stm32f405xx.o(.text)
    RTC_WKUP_IRQHandler                      0x080001b7   Thumb Code     0  startup_stm32f405xx.o(.text)
    SDIO_IRQHandler                          0x080001b7   Thumb Code     0  startup_stm32f405xx.o(.text)
    SPI1_IRQHandler                          0x080001b7   Thumb Code     0  startup_stm32f405xx.o(.text)
    SPI2_IRQHandler                          0x080001b7   Thumb Code     0  startup_stm32f405xx.o(.text)
    SPI3_IRQHandler                          0x080001b7   Thumb Code     0  startup_stm32f405xx.o(.text)
    TAMP_STAMP_IRQHandler                    0x080001b7   Thumb Code     0  startup_stm32f405xx.o(.text)
    TIM1_CC_IRQHandler                       0x080001b7   Thumb Code     0  startup_stm32f405xx.o(.text)
    TIM1_TRG_COM_TIM11_IRQHandler            0x080001b7   Thumb Code     0  startup_stm32f405xx.o(.text)
    TIM1_UP_TIM10_IRQHandler                 0x080001b7   Thumb Code     0  startup_stm32f405xx.o(.text)
    TIM2_IRQHandler                          0x080001b7   Thumb Code     0  startup_stm32f405xx.o(.text)
    TIM3_IRQHandler                          0x080001b7   Thumb Code     0  startup_stm32f405xx.o(.text)
    TIM4_IRQHandler                          0x080001b7   Thumb Code     0  startup_stm32f405xx.o(.text)
    TIM5_IRQHandler                          0x080001b7   Thumb Code     0  startup_stm32f405xx.o(.text)
    TIM6_DAC_IRQHandler                      0x080001b7   Thumb Code     0  startup_stm32f405xx.o(.text)
    TIM7_IRQHandler                          0x080001b7   Thumb Code     0  startup_stm32f405xx.o(.text)
    TIM8_BRK_TIM12_IRQHandler                0x080001b7   Thumb Code     0  startup_stm32f405xx.o(.text)
    TIM8_CC_IRQHandler                       0x080001b7   Thumb Code     0  startup_stm32f405xx.o(.text)
    TIM8_TRG_COM_TIM14_IRQHandler            0x080001b7   Thumb Code     0  startup_stm32f405xx.o(.text)
    TIM8_UP_TIM13_IRQHandler                 0x080001b7   Thumb Code     0  startup_stm32f405xx.o(.text)
    UART4_IRQHandler                         0x080001b7   Thumb Code     0  startup_stm32f405xx.o(.text)
    UART5_IRQHandler                         0x080001b7   Thumb Code     0  startup_stm32f405xx.o(.text)
    USART1_IRQHandler                        0x080001b7   Thumb Code     0  startup_stm32f405xx.o(.text)
    USART2_IRQHandler                        0x080001b7   Thumb Code     0  startup_stm32f405xx.o(.text)
    USART3_IRQHandler                        0x080001b7   Thumb Code     0  startup_stm32f405xx.o(.text)
    USART6_IRQHandler                        0x080001b7   Thumb Code     0  startup_stm32f405xx.o(.text)
    WWDG_IRQHandler                          0x080001b7   Thumb Code     0  startup_stm32f405xx.o(.text)
    __aeabi_uldivmod                         0x080001c1   Thumb Code    98  uldiv.o(.text)
    __aeabi_memcpy                           0x08000223   Thumb Code    36  memcpya.o(.text)
    __aeabi_memcpy4                          0x08000223   Thumb Code     0  memcpya.o(.text)
    __aeabi_memcpy8                          0x08000223   Thumb Code     0  memcpya.o(.text)
    __aeabi_memset                           0x08000247   Thumb Code    14  memseta.o(.text)
    __aeabi_memset4                          0x08000247   Thumb Code     0  memseta.o(.text)
    __aeabi_memset8                          0x08000247   Thumb Code     0  memseta.o(.text)
    __aeabi_memclr                           0x08000255   Thumb Code     4  memseta.o(.text)
    __aeabi_memclr4                          0x08000255   Thumb Code     0  memseta.o(.text)
    __aeabi_memclr8                          0x08000255   Thumb Code     0  memseta.o(.text)
    _memset$wrapper                          0x08000259   Thumb Code    18  memseta.o(.text)
    __aeabi_dadd                             0x0800026b   Thumb Code   322  dadd.o(.text)
    __aeabi_dsub                             0x080003ad   Thumb Code     6  dadd.o(.text)
    __aeabi_drsub                            0x080003b3   Thumb Code     6  dadd.o(.text)
    __aeabi_dmul                             0x080003b9   Thumb Code   228  dmul.o(.text)
    __aeabi_ddiv                             0x0800049d   Thumb Code   222  ddiv.o(.text)
    __aeabi_d2uiz                            0x0800057b   Thumb Code    50  dfixui.o(.text)
    __aeabi_f2d                              0x080005ad   Thumb Code    38  f2d.o(.text)
    __aeabi_cdrcmple                         0x080005d5   Thumb Code    48  cdrcmple.o(.text)
    __aeabi_d2f                              0x08000605   Thumb Code    56  d2f.o(.text)
    __aeabi_llsl                             0x0800063d   Thumb Code    30  llshl.o(.text)
    _ll_shift_l                              0x0800063d   Thumb Code     0  llshl.o(.text)
    __aeabi_llsr                             0x0800065b   Thumb Code    32  llushr.o(.text)
    _ll_ushift_r                             0x0800065b   Thumb Code     0  llushr.o(.text)
    __aeabi_lasr                             0x0800067b   Thumb Code    36  llsshr.o(.text)
    _ll_sshift_r                             0x0800067b   Thumb Code     0  llsshr.o(.text)
    __I$use$fp                               0x0800069f   Thumb Code     0  iusefp.o(.text)
    _float_round                             0x0800069f   Thumb Code    18  fepilogue.o(.text)
    _float_epilogue                          0x080006b1   Thumb Code    92  fepilogue.o(.text)
    _double_round                            0x0800070d   Thumb Code    30  depilogue.o(.text)
    _double_epilogue                         0x0800072b   Thumb Code   156  depilogue.o(.text)
    _dsqrt                                   0x080007c7   Thumb Code   162  dsqrt.o(.text)
    __scatterload                            0x08000869   Thumb Code    28  init.o(.text)
    __scatterload_rt2                        0x08000869   Thumb Code     0  init.o(.text)
    __decompress                             0x0800088d   Thumb Code     0  __dczerorl2.o(.text)
    __decompress1                            0x0800088d   Thumb Code    86  __dczerorl2.o(.text)
    ANO_DT_Send_Data                         0x080008e5   Thumb Code    20  ano_dt.o(i.ANO_DT_Send_Data)
    ANO_DT_Send_Status                       0x08000901   Thumb Code   336  ano_dt.o(i.ANO_DT_Send_Status)
    BusFault_Handler                         0x08000a59   Thumb Code     4  stm32f4xx_it.o(i.BusFault_Handler)
    DMA2_Stream0_IRQHandler                  0x08000af1   Thumb Code    10  stm32f4xx_it.o(i.DMA2_Stream0_IRQHandler)
    DMA2_Stream3_IRQHandler                  0x08000b01   Thumb Code    10  stm32f4xx_it.o(i.DMA2_Stream3_IRQHandler)
    DebugMon_Handler                         0x08000bef   Thumb Code     2  stm32f4xx_it.o(i.DebugMon_Handler)
    Error_Handler                            0x08000bf1   Thumb Code     2  main.o(i.Error_Handler)
    GPIO_Set                                 0x08000bf3   Thumb Code   222  gpio.o(i.GPIO_Set)
    HAL_DMA_IRQHandler                       0x08000d05   Thumb Code   570  stm32f4xx_hal_dma.o(i.HAL_DMA_IRQHandler)
    HAL_DMA_Init                             0x08000f45   Thumb Code   232  stm32f4xx_hal_dma.o(i.HAL_DMA_Init)
    HAL_Delay                                0x08001031   Thumb Code    36  stm32f4xx_hal.o(i.HAL_Delay)
    HAL_GPIO_Init                            0x08001059   Thumb Code   466  stm32f4xx_hal_gpio.o(i.HAL_GPIO_Init)
    HAL_GPIO_WritePin                        0x08001259   Thumb Code    12  stm32f4xx_hal_gpio.o(i.HAL_GPIO_WritePin)
    HAL_GetTick                              0x08001265   Thumb Code     6  stm32f4xx_hal.o(i.HAL_GetTick)
    HAL_I2C_Init                             0x08001271   Thumb Code   446  stm32f4xx_hal_i2c.o(i.HAL_I2C_Init)
    HAL_I2C_MspInit                          0x08001441   Thumb Code   122  i2c.o(i.HAL_I2C_MspInit)
    HAL_IncTick                              0x080014c9   Thumb Code    16  stm32f4xx_hal.o(i.HAL_IncTick)
    HAL_Init                                 0x080014e1   Thumb Code    54  stm32f4xx_hal.o(i.HAL_Init)
    HAL_InitTick                             0x0800151d   Thumb Code    64  stm32f4xx_hal.o(i.HAL_InitTick)
    HAL_MspInit                              0x08001569   Thumb Code    68  stm32f4xx_hal_msp.o(i.HAL_MspInit)
    HAL_NVIC_EnableIRQ                       0x080015b1   Thumb Code    32  stm32f4xx_hal_cortex.o(i.HAL_NVIC_EnableIRQ)
    HAL_NVIC_SetPriority                     0x080015d1   Thumb Code   124  stm32f4xx_hal_cortex.o(i.HAL_NVIC_SetPriority)
    HAL_NVIC_SetPriorityGrouping             0x0800164d   Thumb Code    32  stm32f4xx_hal_cortex.o(i.HAL_NVIC_SetPriorityGrouping)
    HAL_PCDEx_LPM_Callback                   0x08001675   Thumb Code     2  stm32f4xx_hal_pcd_ex.o(i.HAL_PCDEx_LPM_Callback)
    HAL_PCDEx_SetRxFiFo                      0x08001677   Thumb Code    10  stm32f4xx_hal_pcd_ex.o(i.HAL_PCDEx_SetRxFiFo)
    HAL_PCDEx_SetTxFiFo                      0x08001681   Thumb Code    78  stm32f4xx_hal_pcd_ex.o(i.HAL_PCDEx_SetTxFiFo)
    HAL_PCD_ConnectCallback                  0x080016cf   Thumb Code    14  usbd_conf.o(i.HAL_PCD_ConnectCallback)
    HAL_PCD_DataInStageCallback              0x080016dd   Thumb Code    32  usbd_conf.o(i.HAL_PCD_DataInStageCallback)
    HAL_PCD_DataOutStageCallback             0x080016fd   Thumb Code    32  usbd_conf.o(i.HAL_PCD_DataOutStageCallback)
    HAL_PCD_DisconnectCallback               0x0800171d   Thumb Code    14  usbd_conf.o(i.HAL_PCD_DisconnectCallback)
    HAL_PCD_EP_Close                         0x0800172b   Thumb Code   106  stm32f4xx_hal_pcd.o(i.HAL_PCD_EP_Close)
    HAL_PCD_EP_ClrStall                      0x08001795   Thumb Code   124  stm32f4xx_hal_pcd.o(i.HAL_PCD_EP_ClrStall)
    HAL_PCD_EP_GetRxCount                    0x08001811   Thumb Code    22  stm32f4xx_hal_pcd.o(i.HAL_PCD_EP_GetRxCount)
    HAL_PCD_EP_Open                          0x08001827   Thumb Code   140  stm32f4xx_hal_pcd.o(i.HAL_PCD_EP_Open)
    HAL_PCD_EP_Receive                       0x080018b3   Thumb Code    88  stm32f4xx_hal_pcd.o(i.HAL_PCD_EP_Receive)
    HAL_PCD_EP_SetStall                      0x0800190b   Thumb Code   138  stm32f4xx_hal_pcd.o(i.HAL_PCD_EP_SetStall)
    HAL_PCD_EP_Transmit                      0x08001995   Thumb Code    90  stm32f4xx_hal_pcd.o(i.HAL_PCD_EP_Transmit)
    HAL_PCD_IRQHandler                       0x080019ef   Thumb Code  1372  stm32f4xx_hal_pcd.o(i.HAL_PCD_IRQHandler)
    HAL_PCD_ISOINIncompleteCallback          0x08001f4b   Thumb Code    18  usbd_conf.o(i.HAL_PCD_ISOINIncompleteCallback)
    HAL_PCD_ISOOUTIncompleteCallback         0x08001f5d   Thumb Code    18  usbd_conf.o(i.HAL_PCD_ISOOUTIncompleteCallback)
    HAL_PCD_Init                             0x08001f6f   Thumb Code   358  stm32f4xx_hal_pcd.o(i.HAL_PCD_Init)
    HAL_PCD_MspInit                          0x080020d5   Thumb Code   160  usbd_conf.o(i.HAL_PCD_MspInit)
    HAL_PCD_ResetCallback                    0x0800217d   Thumb Code    48  usbd_conf.o(i.HAL_PCD_ResetCallback)
    HAL_PCD_ResumeCallback                   0x080021ad   Thumb Code    14  usbd_conf.o(i.HAL_PCD_ResumeCallback)
    HAL_PCD_SOFCallback                      0x080021bb   Thumb Code    14  usbd_conf.o(i.HAL_PCD_SOFCallback)
    HAL_PCD_SetAddress                       0x080021c9   Thumb Code    54  stm32f4xx_hal_pcd.o(i.HAL_PCD_SetAddress)
    HAL_PCD_SetupStageCallback               0x080021ff   Thumb Code    18  usbd_conf.o(i.HAL_PCD_SetupStageCallback)
    HAL_PCD_Start                            0x08002211   Thumb Code    74  stm32f4xx_hal_pcd.o(i.HAL_PCD_Start)
    HAL_PCD_SuspendCallback                  0x0800225d   Thumb Code    46  usbd_conf.o(i.HAL_PCD_SuspendCallback)
    HAL_RCC_ClockConfig                      0x08002291   Thumb Code   368  stm32f4xx_hal_rcc.o(i.HAL_RCC_ClockConfig)
    HAL_RCC_GetHCLKFreq                      0x08002415   Thumb Code     6  stm32f4xx_hal_rcc.o(i.HAL_RCC_GetHCLKFreq)
    HAL_RCC_GetPCLK1Freq                     0x08002421   Thumb Code    22  stm32f4xx_hal_rcc.o(i.HAL_RCC_GetPCLK1Freq)
    HAL_RCC_GetPCLK2Freq                     0x08002441   Thumb Code    22  stm32f4xx_hal_rcc.o(i.HAL_RCC_GetPCLK2Freq)
    HAL_RCC_GetSysClockFreq                  0x08002461   Thumb Code   162  stm32f4xx_hal_rcc.o(i.HAL_RCC_GetSysClockFreq)
    HAL_RCC_OscConfig                        0x08002511   Thumb Code  1152  stm32f4xx_hal_rcc.o(i.HAL_RCC_OscConfig)
    HAL_SPI_Init                             0x08002999   Thumb Code   140  stm32f4xx_hal_spi.o(i.HAL_SPI_Init)
    HAL_SPI_MspInit                          0x08002a25   Thumb Code   254  spi.o(i.HAL_SPI_MspInit)
    HAL_SPI_Transmit                         0x08002b3d   Thumb Code   418  stm32f4xx_hal_spi.o(i.HAL_SPI_Transmit)
    HAL_SPI_TransmitReceive                  0x08002cdf   Thumb Code   554  stm32f4xx_hal_spi.o(i.HAL_SPI_TransmitReceive)
    HAL_SYSTICK_Config                       0x08002f09   Thumb Code    52  stm32f4xx_hal_cortex.o(i.HAL_SYSTICK_Config)
    HAL_TIMEx_BreakCallback                  0x08002f3d   Thumb Code     2  stm32f4xx_hal_tim_ex.o(i.HAL_TIMEx_BreakCallback)
    HAL_TIMEx_CommutCallback                 0x08002f3f   Thumb Code     2  stm32f4xx_hal_tim_ex.o(i.HAL_TIMEx_CommutCallback)
    HAL_TIMEx_MasterConfigSynchronization    0x08002f41   Thumb Code   150  stm32f4xx_hal_tim_ex.o(i.HAL_TIMEx_MasterConfigSynchronization)
    HAL_TIM_Base_Init                        0x08002ff5   Thumb Code    52  stm32f4xx_hal_tim.o(i.HAL_TIM_Base_Init)
    HAL_TIM_Base_MspInit                     0x08003029   Thumb Code    84  tim.o(i.HAL_TIM_Base_MspInit)
    HAL_TIM_Base_Start                       0x08003089   Thumb Code    42  stm32f4xx_hal_tim.o(i.HAL_TIM_Base_Start)
    HAL_TIM_Base_Stop                        0x080030b3   Thumb Code    56  stm32f4xx_hal_tim.o(i.HAL_TIM_Base_Stop)
    HAL_TIM_IC_CaptureCallback               0x080030ed   Thumb Code    94  ppm_signal.o(i.HAL_TIM_IC_CaptureCallback)
    HAL_TIM_IC_ConfigChannel                 0x08003161   Thumb Code   224  stm32f4xx_hal_tim.o(i.HAL_TIM_IC_ConfigChannel)
    HAL_TIM_IC_Init                          0x08003241   Thumb Code    52  stm32f4xx_hal_tim.o(i.HAL_TIM_IC_Init)
    HAL_TIM_IC_MspInit                       0x08003275   Thumb Code   136  tim.o(i.HAL_TIM_IC_MspInit)
    HAL_TIM_IC_Start_IT                      0x08003309   Thumb Code   120  stm32f4xx_hal_tim.o(i.HAL_TIM_IC_Start_IT)
    HAL_TIM_IRQHandler                       0x08003381   Thumb Code   406  stm32f4xx_hal_tim.o(i.HAL_TIM_IRQHandler)
    HAL_TIM_OC_DelayElapsedCallback          0x08003517   Thumb Code     2  stm32f4xx_hal_tim.o(i.HAL_TIM_OC_DelayElapsedCallback)
    HAL_TIM_PWM_PulseFinishedCallback        0x08003519   Thumb Code     2  stm32f4xx_hal_tim.o(i.HAL_TIM_PWM_PulseFinishedCallback)
    HAL_TIM_PeriodElapsedCallback            0x0800351b   Thumb Code     2  stm32f4xx_hal_tim.o(i.HAL_TIM_PeriodElapsedCallback)
    HAL_TIM_ReadCapturedValue                0x0800351d   Thumb Code    50  stm32f4xx_hal_tim.o(i.HAL_TIM_ReadCapturedValue)
    HAL_TIM_TriggerCallback                  0x0800354f   Thumb Code     2  stm32f4xx_hal_tim.o(i.HAL_TIM_TriggerCallback)
    HAL_UART_Init                            0x08003551   Thumb Code   114  stm32f4xx_hal_uart.o(i.HAL_UART_Init)
    HAL_UART_MspInit                         0x080035c5   Thumb Code   122  usart.o(i.HAL_UART_MspInit)
    HAL_UART_Transmit                        0x0800364d   Thumb Code   216  stm32f4xx_hal_uart.o(i.HAL_UART_Transmit)
    HardFault_Handler                        0x08003725   Thumb Code     4  stm32f4xx_it.o(i.HardFault_Handler)
    MX_DMA_Init                              0x08003769   Thumb Code    68  dma.o(i.MX_DMA_Init)
    MX_GPIO_Init                             0x080037b1   Thumb Code   206  gpio.o(i.MX_GPIO_Init)
    MX_I2C1_Init                             0x0800388d   Thumb Code    48  i2c.o(i.MX_I2C1_Init)
    MX_SPI1_Init                             0x080038c9   Thumb Code    62  spi.o(i.MX_SPI1_Init)
    MX_TIM6_Init                             0x08003911   Thumb Code    66  tim.o(i.MX_TIM6_Init)
    MX_TIM7_Init                             0x0800395d   Thumb Code    64  tim.o(i.MX_TIM7_Init)
    MX_TIM9_Init                             0x080039a5   Thumb Code    84  tim.o(i.MX_TIM9_Init)
    MX_UART4_Init                            0x08003a01   Thumb Code    46  usart.o(i.MX_UART4_Init)
    MX_USB_DEVICE_Init                       0x08003a39   Thumb Code    60  usb_device.o(i.MX_USB_DEVICE_Init)
    MemManage_Handler                        0x08003a85   Thumb Code     4  stm32f4xx_it.o(i.MemManage_Handler)
    NMI_Handler                              0x08003a89   Thumb Code     2  stm32f4xx_it.o(i.NMI_Handler)
    OTG_FS_IRQHandler                        0x08003a8d   Thumb Code    10  stm32f4xx_it.o(i.OTG_FS_IRQHandler)
    PCA9685_AutoIncrement                    0x08003a9d   Thumb Code    16  pca9685.o(i.PCA9685_AutoIncrement)
    PCA9685_Init                             0x08003aad   Thumb Code    62  pca9685.o(i.PCA9685_Init)
    PCA9685_RestartMode                      0x08003af1   Thumb Code    16  pca9685.o(i.PCA9685_RestartMode)
    PCA9685_SetBit                           0x08003b01   Thumb Code    26  pca9685.o(i.PCA9685_SetBit)
    PCA9685_SetPwm                           0x08003b1b   Thumb Code    68  pca9685.o(i.PCA9685_SetPwm)
    PCA9685_SetPwmFrequency                  0x08003b61   Thumb Code   200  pca9685.o(i.PCA9685_SetPwmFrequency)
    PCA9685_SetServoAngle                    0x08003c49   Thumb Code    98  pca9685.o(i.PCA9685_SetServoAngle)
    PCA9685_SleepMode                        0x08003cb9   Thumb Code    16  pca9685.o(i.PCA9685_SleepMode)
    PCA9685_SoftwareReset                    0x08003cc9   Thumb Code    26  pca9685.o(i.PCA9685_SoftwareReset)
    PendSV_Handler                           0x08003f7b   Thumb Code     2  stm32f4xx_it.o(i.PendSV_Handler)
    SOFT_I2C_Ack                             0x08003f7d   Thumb Code    42  soft_i2c.o(i.SOFT_I2C_Ack)
    SOFT_I2C_Delay                           0x08003fb1   Thumb Code    10  soft_i2c.o(i.SOFT_I2C_Delay)
    SOFT_I2C_NAck                            0x08003fbd   Thumb Code    44  soft_i2c.o(i.SOFT_I2C_NAck)
    SOFT_I2C_Read_Byte                       0x08003ff1   Thumb Code    90  soft_i2c.o(i.SOFT_I2C_Read_Byte)
    SOFT_I2C_SDA_IN                          0x08004055   Thumb Code    24  soft_i2c.o(i.SOFT_I2C_SDA_IN)
    SOFT_I2C_SDA_OUT                         0x08004071   Thumb Code    24  soft_i2c.o(i.SOFT_I2C_SDA_OUT)
    SOFT_I2C_Send_Byte                       0x0800408d   Thumb Code    62  soft_i2c.o(i.SOFT_I2C_Send_Byte)
    SOFT_I2C_Start                           0x080040d5   Thumb Code    38  soft_i2c.o(i.SOFT_I2C_Start)
    SOFT_I2C_Stop                            0x08004105   Thumb Code    32  soft_i2c.o(i.SOFT_I2C_Stop)
    SOFT_I2C_Wait_Ack                        0x0800412d   Thumb Code    68  soft_i2c.o(i.SOFT_I2C_Wait_Ack)
    SVC_Handler                              0x0800428d   Thumb Code     2  stm32f4xx_it.o(i.SVC_Handler)
    SysTick_Handler                          0x080042a1   Thumb Code     8  stm32f4xx_it.o(i.SysTick_Handler)
    SystemClock_Config                       0x080042a9   Thumb Code   170  main.o(i.SystemClock_Config)
    SystemInit                               0x0800435d   Thumb Code    24  system_stm32f4xx.o(i.SystemInit)
    TIM1_BRK_TIM9_IRQHandler                 0x08004379   Thumb Code    10  stm32f4xx_it.o(i.TIM1_BRK_TIM9_IRQHandler)
    TIM_Base_SetConfig                       0x08004389   Thumb Code   170  stm32f4xx_hal_tim.o(i.TIM_Base_SetConfig)
    TIM_CCxChannelCmd                        0x08004461   Thumb Code    34  stm32f4xx_hal_tim.o(i.TIM_CCxChannelCmd)
    TIM_TI1_SetConfig                        0x08004485   Thumb Code   114  stm32f4xx_hal_tim.o(i.TIM_TI1_SetConfig)
    USBD_CDC_GetDeviceQualifierDescriptor    0x08004b61   Thumb Code    10  usbd_cdc.o(i.USBD_CDC_GetDeviceQualifierDescriptor)
    USBD_CDC_ReceivePacket                   0x08004c61   Thumb Code    58  usbd_cdc.o(i.USBD_CDC_ReceivePacket)
    USBD_CDC_RegisterInterface               0x08004c9b   Thumb Code    16  usbd_cdc.o(i.USBD_CDC_RegisterInterface)
    USBD_CDC_SetRxBuffer                     0x08004cab   Thumb Code    14  usbd_cdc.o(i.USBD_CDC_SetRxBuffer)
    USBD_CDC_SetTxBuffer                     0x08004cb9   Thumb Code    20  usbd_cdc.o(i.USBD_CDC_SetTxBuffer)
    USBD_ClrClassConfig                      0x08004dc7   Thumb Code    28  usbd_core.o(i.USBD_ClrClassConfig)
    USBD_CtlContinueRx                       0x08004e21   Thumb Code    24  usbd_ioreq.o(i.USBD_CtlContinueRx)
    USBD_CtlContinueSendData                 0x08004e39   Thumb Code    24  usbd_ioreq.o(i.USBD_CtlContinueSendData)
    USBD_CtlError                            0x08004e51   Thumb Code    24  usbd_ctlreq.o(i.USBD_CtlError)
    USBD_CtlPrepareRx                        0x08004e69   Thumb Code    40  usbd_ioreq.o(i.USBD_CtlPrepareRx)
    USBD_CtlReceiveStatus                    0x08004e91   Thumb Code    26  usbd_ioreq.o(i.USBD_CtlReceiveStatus)
    USBD_CtlSendData                         0x08004eab   Thumb Code    34  usbd_ioreq.o(i.USBD_CtlSendData)
    USBD_CtlSendStatus                       0x08004ecd   Thumb Code    26  usbd_ioreq.o(i.USBD_CtlSendStatus)
    USBD_FS_ConfigStrDescriptor              0x08004ee9   Thumb Code    34  usbd_desc.o(i.USBD_FS_ConfigStrDescriptor)
    USBD_FS_DeviceDescriptor                 0x08004f1d   Thumb Code    10  usbd_desc.o(i.USBD_FS_DeviceDescriptor)
    USBD_FS_InterfaceStrDescriptor           0x08004f2d   Thumb Code    34  usbd_desc.o(i.USBD_FS_InterfaceStrDescriptor)
    USBD_FS_LangIDStrDescriptor              0x08004f65   Thumb Code    10  usbd_desc.o(i.USBD_FS_LangIDStrDescriptor)
    USBD_FS_ManufacturerStrDescriptor        0x08004f75   Thumb Code    20  usbd_desc.o(i.USBD_FS_ManufacturerStrDescriptor)
    USBD_FS_ProductStrDescriptor             0x08004fa1   Thumb Code    34  usbd_desc.o(i.USBD_FS_ProductStrDescriptor)
    USBD_FS_SerialStrDescriptor              0x08004fe1   Thumb Code    18  usbd_desc.o(i.USBD_FS_SerialStrDescriptor)
    USBD_GetString                           0x080052bb   Thumb Code    84  usbd_ctlreq.o(i.USBD_GetString)
    USBD_Get_USB_Status                      0x0800530f   Thumb Code    44  usbd_conf.o(i.USBD_Get_USB_Status)
    USBD_Init                                0x0800533b   Thumb Code    68  usbd_core.o(i.USBD_Init)
    USBD_LL_ClearStallEP                     0x0800537f   Thumb Code    38  usbd_conf.o(i.USBD_LL_ClearStallEP)
    USBD_LL_CloseEP                          0x080053a5   Thumb Code    38  usbd_conf.o(i.USBD_LL_CloseEP)
    USBD_LL_DataInStage                      0x080053cb   Thumb Code   230  usbd_core.o(i.USBD_LL_DataInStage)
    USBD_LL_DataOutStage                     0x080054b1   Thumb Code   146  usbd_core.o(i.USBD_LL_DataOutStage)
    USBD_LL_DevConnected                     0x08005543   Thumb Code     6  usbd_core.o(i.USBD_LL_DevConnected)
    USBD_LL_DevDisconnected                  0x08005549   Thumb Code    32  usbd_core.o(i.USBD_LL_DevDisconnected)
    USBD_LL_GetRxDataSize                    0x08005569   Thumb Code    18  usbd_conf.o(i.USBD_LL_GetRxDataSize)
    USBD_LL_Init                             0x0800557d   Thumb Code   100  usbd_conf.o(i.USBD_LL_Init)
    USBD_LL_IsStallEP                        0x080055e5   Thumb Code    56  usbd_conf.o(i.USBD_LL_IsStallEP)
    USBD_LL_IsoINIncomplete                  0x0800561d   Thumb Code     6  usbd_core.o(i.USBD_LL_IsoINIncomplete)
    USBD_LL_IsoOUTIncomplete                 0x08005623   Thumb Code     6  usbd_core.o(i.USBD_LL_IsoOUTIncomplete)
    USBD_LL_OpenEP                           0x08005629   Thumb Code    48  usbd_conf.o(i.USBD_LL_OpenEP)
    USBD_LL_PrepareReceive                   0x08005659   Thumb Code    48  usbd_conf.o(i.USBD_LL_PrepareReceive)
    USBD_LL_Reset                            0x08005689   Thumb Code    90  usbd_core.o(i.USBD_LL_Reset)
    USBD_LL_Resume                           0x080056e3   Thumb Code    22  usbd_core.o(i.USBD_LL_Resume)
    USBD_LL_SOF                              0x080056f9   Thumb Code    34  usbd_core.o(i.USBD_LL_SOF)
    USBD_LL_SetSpeed                         0x0800571b   Thumb Code     8  usbd_core.o(i.USBD_LL_SetSpeed)
    USBD_LL_SetUSBAddress                    0x08005723   Thumb Code    38  usbd_conf.o(i.USBD_LL_SetUSBAddress)
    USBD_LL_SetupStage                       0x08005749   Thumb Code   118  usbd_core.o(i.USBD_LL_SetupStage)
    USBD_LL_StallEP                          0x080057bf   Thumb Code    38  usbd_conf.o(i.USBD_LL_StallEP)
    USBD_LL_Start                            0x080057e5   Thumb Code    30  usbd_conf.o(i.USBD_LL_Start)
    USBD_LL_Suspend                          0x08005803   Thumb Code    20  usbd_core.o(i.USBD_LL_Suspend)
    USBD_LL_Transmit                         0x08005817   Thumb Code    48  usbd_conf.o(i.USBD_LL_Transmit)
    USBD_ParseSetupRequest                   0x08005847   Thumb Code    54  usbd_ctlreq.o(i.USBD_ParseSetupRequest)
    USBD_RegisterClass                       0x0800587d   Thumb Code    38  usbd_core.o(i.USBD_RegisterClass)
    USBD_RunTestMode                         0x080058a3   Thumb Code     6  usbd_core.o(i.USBD_RunTestMode)
    USBD_SetClassConfig                      0x08005903   Thumb Code    32  usbd_core.o(i.USBD_SetClassConfig)
    USBD_Start                               0x08005a39   Thumb Code    12  usbd_core.o(i.USBD_Start)
    USBD_StdDevReq                           0x08005a45   Thumb Code   166  usbd_ctlreq.o(i.USBD_StdDevReq)
    USBD_StdEPReq                            0x08005aeb   Thumb Code   554  usbd_ctlreq.o(i.USBD_StdEPReq)
    USBD_StdItfReq                           0x08005d15   Thumb Code   126  usbd_ctlreq.o(i.USBD_StdItfReq)
    USB_ActivateEndpoint                     0x08005d95   Thumb Code   202  stm32f4xx_ll_usb.o(i.USB_ActivateEndpoint)
    USB_ActivateSetup                        0x08005e65   Thumb Code    40  stm32f4xx_ll_usb.o(i.USB_ActivateSetup)
    USB_CoreInit                             0x08005e8d   Thumb Code   128  stm32f4xx_ll_usb.o(i.USB_CoreInit)
    USB_DeactivateEndpoint                   0x08005f5d   Thumb Code   318  stm32f4xx_ll_usb.o(i.USB_DeactivateEndpoint)
    USB_DevConnect                           0x080060a9   Thumb Code    36  stm32f4xx_ll_usb.o(i.USB_DevConnect)
    USB_DevDisconnect                        0x080060cd   Thumb Code    36  stm32f4xx_ll_usb.o(i.USB_DevDisconnect)
    USB_DevInit                              0x080060f1   Thumb Code   472  stm32f4xx_ll_usb.o(i.USB_DevInit)
    USB_DisableGlobalInt                     0x080062d1   Thumb Code    14  stm32f4xx_ll_usb.o(i.USB_DisableGlobalInt)
    USB_EP0StartXfer                         0x080062e1   Thumb Code   468  stm32f4xx_ll_usb.o(i.USB_EP0StartXfer)
    USB_EP0_OutStart                         0x080064b9   Thumb Code   106  stm32f4xx_ll_usb.o(i.USB_EP0_OutStart)
    USB_EPClearStall                         0x08006529   Thumb Code   142  stm32f4xx_ll_usb.o(i.USB_EPClearStall)
    USB_EPSetStall                           0x080065b7   Thumb Code   154  stm32f4xx_ll_usb.o(i.USB_EPSetStall)
    USB_EPStartXfer                          0x08006651   Thumb Code   832  stm32f4xx_ll_usb.o(i.USB_EPStartXfer)
    USB_EnableGlobalInt                      0x08006995   Thumb Code    14  stm32f4xx_ll_usb.o(i.USB_EnableGlobalInt)
    USB_FlushRxFifo                          0x080069a5   Thumb Code    38  stm32f4xx_ll_usb.o(i.USB_FlushRxFifo)
    USB_FlushTxFifo                          0x080069d1   Thumb Code    44  stm32f4xx_ll_usb.o(i.USB_FlushTxFifo)
    USB_GetDevSpeed                          0x08006a01   Thumb Code    38  stm32f4xx_ll_usb.o(i.USB_GetDevSpeed)
    USB_GetMode                              0x08006a27   Thumb Code    10  stm32f4xx_ll_usb.o(i.USB_GetMode)
    USB_ReadDevAllInEpInterrupt              0x08006a31   Thumb Code    20  stm32f4xx_ll_usb.o(i.USB_ReadDevAllInEpInterrupt)
    USB_ReadDevAllOutEpInterrupt             0x08006a45   Thumb Code    20  stm32f4xx_ll_usb.o(i.USB_ReadDevAllOutEpInterrupt)
    USB_ReadDevInEPInterrupt                 0x08006a59   Thumb Code    50  stm32f4xx_ll_usb.o(i.USB_ReadDevInEPInterrupt)
    USB_ReadDevOutEPInterrupt                0x08006a8b   Thumb Code    26  stm32f4xx_ll_usb.o(i.USB_ReadDevOutEPInterrupt)
    USB_ReadInterrupts                       0x08006aa5   Thumb Code    10  stm32f4xx_ll_usb.o(i.USB_ReadInterrupts)
    USB_ReadPacket                           0x08006aaf   Thumb Code    34  stm32f4xx_ll_usb.o(i.USB_ReadPacket)
    USB_SetCurrentMode                       0x08006ad1   Thumb Code    54  stm32f4xx_ll_usb.o(i.USB_SetCurrentMode)
    USB_SetDevAddress                        0x08006b07   Thumb Code    42  stm32f4xx_ll_usb.o(i.USB_SetDevAddress)
    USB_SetDevSpeed                          0x08006b31   Thumb Code    18  stm32f4xx_ll_usb.o(i.USB_SetDevSpeed)
    USB_SetTurnaroundTime                    0x08006b45   Thumb Code   192  stm32f4xx_ll_usb.o(i.USB_SetTurnaroundTime)
    USB_WritePacket                          0x08006c2d   Thumb Code    60  stm32f4xx_ll_usb.o(i.USB_WritePacket)
    UsageFault_Handler                       0x08006c69   Thumb Code     4  stm32f4xx_it.o(i.UsageFault_Handler)
    __ARM_fpclassify                         0x08006c6d   Thumb Code    48  fpclassify.o(i.__ARM_fpclassify)
    __hardfp_atan                            0x08006cd9   Thumb Code   622  atan.o(i.__hardfp_atan)
    __hardfp_floor                           0x08006fb1   Thumb Code   252  floor.o(i.__hardfp_floor)
    __hardfp_sqrt                            0x080070c9   Thumb Code   122  sqrt.o(i.__hardfp_sqrt)
    __kernel_poly                            0x08007143   Thumb Code   248  poly.o(i.__kernel_poly)
    __mathlib_dbl_infnan                     0x0800723b   Thumb Code    20  dunder.o(i.__mathlib_dbl_infnan)
    __mathlib_dbl_underflow                  0x08007251   Thumb Code    24  dunder.o(i.__mathlib_dbl_underflow)
    __scatterload_copy                       0x08007271   Thumb Code    14  handlers.o(i.__scatterload_copy)
    __scatterload_null                       0x0800727f   Thumb Code     2  handlers.o(i.__scatterload_null)
    __scatterload_zeroinit                   0x08007281   Thumb Code    14  handlers.o(i.__scatterload_zeroinit)
    __set_errno                              0x08007291   Thumb Code     6  errno.o(i.__set_errno)
    buildRotationMatrix                      0x0800729d   Thumb Code   226  maths.o(i.buildRotationMatrix)
    complementary_filter                     0x08007381   Thumb Code   650  kalman.o(i.complementary_filter)
    cos_approx                               0x08007669   Thumb Code    24  maths.o(i.cos_approx)
    delay_quarter_us                         0x08007685   Thumb Code    52  tim.o(i.delay_quarter_us)
    fabs                                     0x080076bd   Thumb Code    24  fabs.o(i.fabs)
    free                                     0x080076d5   Thumb Code    76  malloc.o(i.free)
    i2cdevReadByte                           0x08007725   Thumb Code    80  soft_i2c.o(i.i2cdevReadByte)
    i2cdevWrite                              0x08007775   Thumb Code   100  soft_i2c.o(i.i2cdevWrite)
    i2cdevWriteBit                           0x080077d9   Thumb Code    80  soft_i2c.o(i.i2cdevWriteBit)
    i2cdevWriteByte                          0x08007829   Thumb Code    82  soft_i2c.o(i.i2cdevWriteByte)
    main                                     0x0800787d   Thumb Code   292  main.o(i.main)
    malloc                                   0x080079cd   Thumb Code    92  malloc.o(i.malloc)
    mpu6000AccRead                           0x08007a39   Thumb Code   180  mpu6000.o(i.mpu6000AccRead)
    mpu6000GyroRead                          0x08007af5   Thumb Code   180  mpu6000.o(i.mpu6000GyroRead)
    mpu6000Init                              0x08007bb5   Thumb Code   214  mpu6000.o(i.mpu6000Init)
    mpu6000SpiReadRegister                   0x08007c91   Thumb Code    76  mpu6000.o(i.mpu6000SpiReadRegister)
    mpu6000SpiWriteRegister                  0x08007ce5   Thumb Code    62  mpu6000.o(i.mpu6000SpiWriteRegister)
    rotate                                   0x08007d2d   Thumb Code   102  kalman.o(i.rotate)
    rotateV                                  0x08007d9d   Thumb Code   150  maths.o(i.rotateV)
    sin_approx                               0x08007e35   Thumb Code   200  maths.o(i.sin_approx)
    AHBPrescTable                            0x08007f2c   Data          16  system_stm32f4xx.o(.constdata)
    APBPrescTable                            0x08007f3c   Data           8  system_stm32f4xx.o(.constdata)
    Region$$Table$$Base                      0x08007fe0   Number         0  anon$$obj.o(Region$$Table)
    Region$$Table$$Limit                     0x08008000   Number         0  anon$$obj.o(Region$$Table)
    i                                        0x20000000   Data           1  main.o(.data)
    Altitude                                 0x20000004   Data           4  main.o(.data)
    pitch                                    0x20000008   Data           4  main.o(.data)
    roll                                     0x2000000c   Data           4  main.o(.data)
    DATA                                     0x20000010   Data           1  main.o(.data)
    cnt                                      0x20000012   Data           2  main.o(.data)
    total_cnt                                0x20000014   Data           2  main.o(.data)
    show                                     0x20000016   Data           2  main.o(.data)
    FS_Desc                                  0x20000018   Data          28  usbd_desc.o(.data)
    USBD_FS_DeviceDesc                       0x20000034   Data          18  usbd_desc.o(.data)
    USBD_LangIDDesc                          0x20000048   Data           4  usbd_desc.o(.data)
    USBD_StringSerial                        0x2000004c   Data          26  usbd_desc.o(.data)
    USBD_Interface_fops_FS                   0x20000068   Data          20  usbd_cdc_if.o(.data)
    uwTick                                   0x2000007c   Data           4  stm32f4xx_hal.o(.data)
    uwTickPrio                               0x20000080   Data           4  stm32f4xx_hal.o(.data)
    uwTickFreq                               0x20000084   Data           1  stm32f4xx_hal.o(.data)
    SystemCoreClock                          0x20000088   Data           4  system_stm32f4xx.o(.data)
    capureVal                                0x20000090   Data           2  ppm_signal.o(.data)
    capureValDiff                            0x20000092   Data           2  ppm_signal.o(.data)
    prevCapureVal                            0x20000094   Data           2  ppm_signal.o(.data)
    rc_channel_cnt                           0x20000096   Data           1  ppm_signal.o(.data)
    rc_flag                                  0x20000097   Data           1  ppm_signal.o(.data)
    angle                                    0x20000098   Data          20  ppm_signal.o(.data)
    icc                                      0x200000ac   Data           4  kalman.o(.data)
    Q_ROLL                                   0x200000b0   Data           4  kalman.o(.data)
    Q_PITCH                                  0x200000b4   Data           4  kalman.o(.data)
    Q_Yaw                                    0x200000b8   Data           4  kalman.o(.data)
    kk                                       0x200000bc   Data           4  kalman.o(.data)
    Compound_G                               0x200000c0   Data           4  kalman.o(.data)
    R_ROLL                                   0x200000c4   Data           4  kalman.o(.data)
    R_PITCH                                  0x200000c8   Data           4  kalman.o(.data)
    R_Yaw                                    0x200000cc   Data           4  kalman.o(.data)
    dt                                       0x200000d0   Data           4  kalman.o(.data)
    yaw_dt                                   0x200000d4   Data           4  kalman.o(.data)
    oyaw                                     0x200000d8   Data           4  kalman.o(.data)
    fyaw                                     0x200000dc   Data           4  kalman.o(.data)
    dyaw                                     0x200000e0   Data           4  kalman.o(.data)
    yaw_bias                                 0x200000e4   Data           4  kalman.o(.data)
    DeltaPitch                               0x200000e8   Data           4  kalman.o(.data)
    DeltaRoll                                0x200000ec   Data           4  kalman.o(.data)
    DeltaYaw                                 0x200000f0   Data           4  kalman.o(.data)
    Pitch_Kalman                             0x200000f4   Data           4  kalman.o(.data)
    Roll_Kalman                              0x200000f8   Data           4  kalman.o(.data)
    Yaw_Kalman                               0x200000fc   Data           4  kalman.o(.data)
    Pitch_tan                                0x20000100   Data           4  kalman.o(.data)
    Roll_tan                                 0x20000104   Data           4  kalman.o(.data)
    Roll_z                                   0x20000108   Data           4  kalman.o(.data)
    Pitch_z                                  0x2000010c   Data           4  kalman.o(.data)
    Yaw_z                                    0x20000110   Data           4  kalman.o(.data)
    Roll_hat_pri                             0x20000114   Data           4  kalman.o(.data)
    Pitch_hat_pri                            0x20000118   Data           4  kalman.o(.data)
    Yaw_hat_pri                              0x2000011c   Data           4  kalman.o(.data)
    Roll_hat_pos                             0x20000120   Data           4  kalman.o(.data)
    Pitch_hat_pos                            0x20000124   Data           4  kalman.o(.data)
    Yaw_hat_pos                              0x20000128   Data           4  kalman.o(.data)
    P_Roll_hat_pri                           0x2000012c   Data           4  kalman.o(.data)
    P_Pitch_hat_pri                          0x20000130   Data           4  kalman.o(.data)
    P_Yaw_hat_pri                            0x20000134   Data           4  kalman.o(.data)
    P_Roll_hat_pos                           0x20000138   Data           4  kalman.o(.data)
    P_Pitch_hat_pos                          0x2000013c   Data           4  kalman.o(.data)
    P_Yaw_hat_pos                            0x20000140   Data           4  kalman.o(.data)
    KalmanGain_Pitch                         0x20000144   Data           4  kalman.o(.data)
    KalmanGain_Roll                          0x20000148   Data           4  kalman.o(.data)
    KalmanGain_Yaw                           0x2000014c   Data           4  kalman.o(.data)
    Roll_Diff_Q                              0x20000150   Data           4  kalman.o(.data)
    Pitch_Diff_Q                             0x20000154   Data           4  kalman.o(.data)
    Roll_Diff_R                              0x20000158   Data           4  kalman.o(.data)
    Pitch_Diff_R                             0x2000015c   Data           4  kalman.o(.data)
    to_Roll_Diff_R                           0x20000160   Data           4  kalman.o(.data)
    to_Pitch_Diff_R                          0x20000164   Data           4  kalman.o(.data)
    to_Roll_Diff_Q                           0x20000168   Data           4  kalman.o(.data)
    to_Pitch_Diff_Q                          0x2000016c   Data           4  kalman.o(.data)
    USBD_CDC                                 0x20000180   Data          56  usbd_cdc.o(.data)
    __microlib_freelist                      0x20000284   Data           4  mvars.o(.data)
    __microlib_freelist_initialised          0x20000288   Data           4  mvars.o(.data)
    acc_data                                 0x20000290   Data          12  main.o(.bss)
    gyro_data                                0x2000029c   Data          12  main.o(.bss)
    acc_vector                               0x200002a8   Data          12  main.o(.bss)
    facc_vector                              0x200002b4   Data          12  main.o(.bss)
    hi2c1                                    0x200002c0   Data          84  i2c.o(.bss)
    hspi1                                    0x20000314   Data          88  spi.o(.bss)
    hdma_spi1_rx                             0x2000036c   Data          96  spi.o(.bss)
    hdma_spi1_tx                             0x200003cc   Data          96  spi.o(.bss)
    htim6                                    0x2000042c   Data          64  tim.o(.bss)
    htim7                                    0x2000046c   Data          64  tim.o(.bss)
    htim9                                    0x200004ac   Data          64  tim.o(.bss)
    huart4                                   0x200004ec   Data          64  usart.o(.bss)
    hUsbDeviceFS                             0x2000052c   Data         720  usb_device.o(.bss)
    hpcd_USB_OTG_FS                          0x200007fc   Data        1032  usbd_conf.o(.bss)
    USBD_StrDesc                             0x20000c04   Data         512  usbd_desc.o(.bss)
    UserRxBufferFS                           0x20000e04   Data        2048  usbd_cdc_if.o(.bss)
    UserTxBufferFS                           0x20001604   Data        2048  usbd_cdc_if.o(.bss)
    rc_sginal                                0x20001e04   Data          22  ppm_signal.o(.bss)
    rc_channel                               0x20001e1c   Data          40  ppm_signal.o(.bss)
    f                                        0x20001e44   Data          13  ano_dt.o(.bss)
    data_to_send                             0x20001e51   Data          50  ano_dt.o(.bss)
    __heap_base                              0x20001e88   Data           0  startup_stm32f405xx.o(HEAP)
    __heap_limit                             0x20002088   Data           0  startup_stm32f405xx.o(HEAP)
    __initial_sp                             0x20002488   Data           0  startup_stm32f405xx.o(STACK)



==============================================================================

Memory Map of the image

  Image Entry point : 0x08000189

  Load Region LR_IROM1 (Base: 0x08000000, Size: 0x00008290, Max: 0x00100000, ABSOLUTE, COMPRESSED[0x000080ec])

    Execution Region ER_IROM1 (Exec base: 0x08000000, Load base: 0x08000000, Size: 0x00008000, Max: 0x00100000, ABSOLUTE)

    Exec Addr    Load Addr    Size         Type   Attr      Idx    E Section Name        Object

    0x08000000   0x08000000   0x00000188   Data   RO            3    RESET               startup_stm32f405xx.o
    0x08000188   0x08000188   0x00000000   Code   RO         6170  * .ARM.Collect$$$$00000000  mc_w.l(entry.o)
    0x08000188   0x08000188   0x00000004   Code   RO         6529    .ARM.Collect$$$$00000001  mc_w.l(entry2.o)
    0x0800018c   0x0800018c   0x00000004   Code   RO         6532    .ARM.Collect$$$$00000004  mc_w.l(entry5.o)
    0x08000190   0x08000190   0x00000000   Code   RO         6534    .ARM.Collect$$$$00000008  mc_w.l(entry7b.o)
    0x08000190   0x08000190   0x00000000   Code   RO         6536    .ARM.Collect$$$$0000000A  mc_w.l(entry8b.o)
    0x08000190   0x08000190   0x00000008   Code   RO         6537    .ARM.Collect$$$$0000000B  mc_w.l(entry9a.o)
    0x08000198   0x08000198   0x00000000   Code   RO         6539    .ARM.Collect$$$$0000000D  mc_w.l(entry10a.o)
    0x08000198   0x08000198   0x00000000   Code   RO         6541    .ARM.Collect$$$$0000000F  mc_w.l(entry11a.o)
    0x08000198   0x08000198   0x00000004   Code   RO         6530    .ARM.Collect$$$$00002712  mc_w.l(entry2.o)
    0x0800019c   0x0800019c   0x00000024   Code   RO            4    .text               startup_stm32f405xx.o
    0x080001c0   0x080001c0   0x00000062   Code   RO         6173    .text               mc_w.l(uldiv.o)
    0x08000222   0x08000222   0x00000024   Code   RO         6177    .text               mc_w.l(memcpya.o)
    0x08000246   0x08000246   0x00000024   Code   RO         6179    .text               mc_w.l(memseta.o)
    0x0800026a   0x0800026a   0x0000014e   Code   RO         6472    .text               mf_w.l(dadd.o)
    0x080003b8   0x080003b8   0x000000e4   Code   RO         6474    .text               mf_w.l(dmul.o)
    0x0800049c   0x0800049c   0x000000de   Code   RO         6476    .text               mf_w.l(ddiv.o)
    0x0800057a   0x0800057a   0x00000032   Code   RO         6480    .text               mf_w.l(dfixui.o)
    0x080005ac   0x080005ac   0x00000026   Code   RO         6482    .text               mf_w.l(f2d.o)
    0x080005d2   0x080005d2   0x00000002   PAD
    0x080005d4   0x080005d4   0x00000030   Code   RO         6484    .text               mf_w.l(cdrcmple.o)
    0x08000604   0x08000604   0x00000038   Code   RO         6486    .text               mf_w.l(d2f.o)
    0x0800063c   0x0800063c   0x0000001e   Code   RO         6546    .text               mc_w.l(llshl.o)
    0x0800065a   0x0800065a   0x00000020   Code   RO         6548    .text               mc_w.l(llushr.o)
    0x0800067a   0x0800067a   0x00000024   Code   RO         6550    .text               mc_w.l(llsshr.o)
    0x0800069e   0x0800069e   0x00000000   Code   RO         6561    .text               mc_w.l(iusefp.o)
    0x0800069e   0x0800069e   0x0000006e   Code   RO         6562    .text               mf_w.l(fepilogue.o)
    0x0800070c   0x0800070c   0x000000ba   Code   RO         6564    .text               mf_w.l(depilogue.o)
    0x080007c6   0x080007c6   0x000000a2   Code   RO         6568    .text               mf_w.l(dsqrt.o)
    0x08000868   0x08000868   0x00000024   Code   RO         6578    .text               mc_w.l(init.o)
    0x0800088c   0x0800088c   0x00000056   Code   RO         6588    .text               mc_w.l(__dczerorl2.o)
    0x080008e2   0x080008e2   0x00000002   PAD
    0x080008e4   0x080008e4   0x0000001c   Code   RO         5377    i.ANO_DT_Send_Data  ano_dt.o
    0x08000900   0x08000900   0x00000158   Code   RO         5383    i.ANO_DT_Send_Status  ano_dt.o
    0x08000a58   0x08000a58   0x00000004   Code   RO          908    i.BusFault_Handler  stm32f4xx_it.o
    0x08000a5c   0x08000a5c   0x00000044   Code   RO          851    i.CDC_Control_FS    usbd_cdc_if.o
    0x08000aa0   0x08000aa0   0x00000004   Code   RO          852    i.CDC_DeInit_FS     usbd_cdc_if.o
    0x08000aa4   0x08000aa4   0x00000024   Code   RO          853    i.CDC_Init_FS       usbd_cdc_if.o
    0x08000ac8   0x08000ac8   0x0000001c   Code   RO          854    i.CDC_Receive_FS    usbd_cdc_if.o
    0x08000ae4   0x08000ae4   0x0000000c   Code   RO          855    i.CDC_TransmitCplt_FS  usbd_cdc_if.o
    0x08000af0   0x08000af0   0x00000010   Code   RO          909    i.DMA2_Stream0_IRQHandler  stm32f4xx_it.o
    0x08000b00   0x08000b00   0x00000010   Code   RO          910    i.DMA2_Stream3_IRQHandler  stm32f4xx_it.o
    0x08000b10   0x08000b10   0x00000034   Code   RO         2115    i.DMA_CalcBaseAndBitshift  stm32f4xx_hal_dma.o
    0x08000b44   0x08000b44   0x000000aa   Code   RO         2116    i.DMA_CheckFifoParam  stm32f4xx_hal_dma.o
    0x08000bee   0x08000bee   0x00000002   Code   RO          911    i.DebugMon_Handler  stm32f4xx_it.o
    0x08000bf0   0x08000bf0   0x00000002   Code   RO           13    i.Error_Handler     main.o
    0x08000bf2   0x08000bf2   0x000000de   Code   RO          251    i.GPIO_Set          gpio.o
    0x08000cd0   0x08000cd0   0x00000034   Code   RO          761    i.Get_SerialNum     usbd_desc.o
    0x08000d04   0x08000d04   0x00000240   Code   RO         2123    i.HAL_DMA_IRQHandler  stm32f4xx_hal_dma.o
    0x08000f44   0x08000f44   0x000000ec   Code   RO         2124    i.HAL_DMA_Init      stm32f4xx_hal_dma.o
    0x08001030   0x08001030   0x00000028   Code   RO         2542    i.HAL_Delay         stm32f4xx_hal.o
    0x08001058   0x08001058   0x00000200   Code   RO         2011    i.HAL_GPIO_Init     stm32f4xx_hal_gpio.o
    0x08001258   0x08001258   0x0000000c   Code   RO         2015    i.HAL_GPIO_WritePin  stm32f4xx_hal_gpio.o
    0x08001264   0x08001264   0x0000000c   Code   RO         2548    i.HAL_GetTick       stm32f4xx_hal.o
    0x08001270   0x08001270   0x000001d0   Code   RO         2804    i.HAL_I2C_Init      stm32f4xx_hal_i2c.o
    0x08001440   0x08001440   0x00000088   Code   RO          309    i.HAL_I2C_MspInit   i2c.o
    0x080014c8   0x080014c8   0x00000018   Code   RO         2554    i.HAL_IncTick       stm32f4xx_hal.o
    0x080014e0   0x080014e0   0x0000003c   Code   RO         2555    i.HAL_Init          stm32f4xx_hal.o
    0x0800151c   0x0800151c   0x0000004c   Code   RO         2556    i.HAL_InitTick      stm32f4xx_hal.o
    0x08001568   0x08001568   0x00000048   Code   RO         1008    i.HAL_MspInit       stm32f4xx_hal_msp.o
    0x080015b0   0x080015b0   0x00000020   Code   RO         2400    i.HAL_NVIC_EnableIRQ  stm32f4xx_hal_cortex.o
    0x080015d0   0x080015d0   0x0000007c   Code   RO         2406    i.HAL_NVIC_SetPriority  stm32f4xx_hal_cortex.o
    0x0800164c   0x0800164c   0x00000028   Code   RO         2407    i.HAL_NVIC_SetPriorityGrouping  stm32f4xx_hal_cortex.o
    0x08001674   0x08001674   0x00000002   Code   RO         1264    i.HAL_PCDEx_LPM_Callback  stm32f4xx_hal_pcd_ex.o
    0x08001676   0x08001676   0x0000000a   Code   RO         1265    i.HAL_PCDEx_SetRxFiFo  stm32f4xx_hal_pcd_ex.o
    0x08001680   0x08001680   0x0000004e   Code   RO         1266    i.HAL_PCDEx_SetTxFiFo  stm32f4xx_hal_pcd_ex.o
    0x080016ce   0x080016ce   0x0000000e   Code   RO          566    i.HAL_PCD_ConnectCallback  usbd_conf.o
    0x080016dc   0x080016dc   0x00000020   Code   RO          567    i.HAL_PCD_DataInStageCallback  usbd_conf.o
    0x080016fc   0x080016fc   0x00000020   Code   RO          568    i.HAL_PCD_DataOutStageCallback  usbd_conf.o
    0x0800171c   0x0800171c   0x0000000e   Code   RO          569    i.HAL_PCD_DisconnectCallback  usbd_conf.o
    0x0800172a   0x0800172a   0x0000006a   Code   RO         1041    i.HAL_PCD_EP_Close  stm32f4xx_hal_pcd.o
    0x08001794   0x08001794   0x0000007c   Code   RO         1042    i.HAL_PCD_EP_ClrStall  stm32f4xx_hal_pcd.o
    0x08001810   0x08001810   0x00000016   Code   RO         1044    i.HAL_PCD_EP_GetRxCount  stm32f4xx_hal_pcd.o
    0x08001826   0x08001826   0x0000008c   Code   RO         1045    i.HAL_PCD_EP_Open   stm32f4xx_hal_pcd.o
    0x080018b2   0x080018b2   0x00000058   Code   RO         1046    i.HAL_PCD_EP_Receive  stm32f4xx_hal_pcd.o
    0x0800190a   0x0800190a   0x0000008a   Code   RO         1047    i.HAL_PCD_EP_SetStall  stm32f4xx_hal_pcd.o
    0x08001994   0x08001994   0x0000005a   Code   RO         1048    i.HAL_PCD_EP_Transmit  stm32f4xx_hal_pcd.o
    0x080019ee   0x080019ee   0x0000055c   Code   RO         1050    i.HAL_PCD_IRQHandler  stm32f4xx_hal_pcd.o
    0x08001f4a   0x08001f4a   0x00000012   Code   RO          570    i.HAL_PCD_ISOINIncompleteCallback  usbd_conf.o
    0x08001f5c   0x08001f5c   0x00000012   Code   RO          571    i.HAL_PCD_ISOOUTIncompleteCallback  usbd_conf.o
    0x08001f6e   0x08001f6e   0x00000166   Code   RO         1053    i.HAL_PCD_Init      stm32f4xx_hal_pcd.o
    0x080020d4   0x080020d4   0x000000a8   Code   RO          573    i.HAL_PCD_MspInit   usbd_conf.o
    0x0800217c   0x0800217c   0x00000030   Code   RO          574    i.HAL_PCD_ResetCallback  usbd_conf.o
    0x080021ac   0x080021ac   0x0000000e   Code   RO          575    i.HAL_PCD_ResumeCallback  usbd_conf.o
    0x080021ba   0x080021ba   0x0000000e   Code   RO          576    i.HAL_PCD_SOFCallback  usbd_conf.o
    0x080021c8   0x080021c8   0x00000036   Code   RO         1059    i.HAL_PCD_SetAddress  stm32f4xx_hal_pcd.o
    0x080021fe   0x080021fe   0x00000012   Code   RO          577    i.HAL_PCD_SetupStageCallback  usbd_conf.o
    0x08002210   0x08002210   0x0000004a   Code   RO         1061    i.HAL_PCD_Start     stm32f4xx_hal_pcd.o
    0x0800225a   0x0800225a   0x00000002   PAD
    0x0800225c   0x0800225c   0x00000034   Code   RO          578    i.HAL_PCD_SuspendCallback  usbd_conf.o
    0x08002290   0x08002290   0x00000184   Code   RO         1612    i.HAL_RCC_ClockConfig  stm32f4xx_hal_rcc.o
    0x08002414   0x08002414   0x0000000c   Code   RO         1617    i.HAL_RCC_GetHCLKFreq  stm32f4xx_hal_rcc.o
    0x08002420   0x08002420   0x00000020   Code   RO         1619    i.HAL_RCC_GetPCLK1Freq  stm32f4xx_hal_rcc.o
    0x08002440   0x08002440   0x00000020   Code   RO         1620    i.HAL_RCC_GetPCLK2Freq  stm32f4xx_hal_rcc.o
    0x08002460   0x08002460   0x000000b0   Code   RO         1621    i.HAL_RCC_GetSysClockFreq  stm32f4xx_hal_rcc.o
    0x08002510   0x08002510   0x00000488   Code   RO         1624    i.HAL_RCC_OscConfig  stm32f4xx_hal_rcc.o
    0x08002998   0x08002998   0x0000008c   Code   RO         3294    i.HAL_SPI_Init      stm32f4xx_hal_spi.o
    0x08002a24   0x08002a24   0x00000118   Code   RO          351    i.HAL_SPI_MspInit   spi.o
    0x08002b3c   0x08002b3c   0x000001a2   Code   RO         3302    i.HAL_SPI_Transmit  stm32f4xx_hal_spi.o
    0x08002cde   0x08002cde   0x0000022a   Code   RO         3303    i.HAL_SPI_TransmitReceive  stm32f4xx_hal_spi.o
    0x08002f08   0x08002f08   0x00000034   Code   RO         2411    i.HAL_SYSTICK_Config  stm32f4xx_hal_cortex.o
    0x08002f3c   0x08002f3c   0x00000002   Code   RO         4293    i.HAL_TIMEx_BreakCallback  stm32f4xx_hal_tim_ex.o
    0x08002f3e   0x08002f3e   0x00000002   Code   RO         4294    i.HAL_TIMEx_CommutCallback  stm32f4xx_hal_tim_ex.o
    0x08002f40   0x08002f40   0x000000b4   Code   RO         4311    i.HAL_TIMEx_MasterConfigSynchronization  stm32f4xx_hal_tim_ex.o
    0x08002ff4   0x08002ff4   0x00000034   Code   RO         3607    i.HAL_TIM_Base_Init  stm32f4xx_hal_tim.o
    0x08003028   0x08003028   0x00000060   Code   RO          393    i.HAL_TIM_Base_MspInit  tim.o
    0x08003088   0x08003088   0x0000002a   Code   RO         3610    i.HAL_TIM_Base_Start  stm32f4xx_hal_tim.o
    0x080030b2   0x080030b2   0x00000038   Code   RO         3613    i.HAL_TIM_Base_Stop  stm32f4xx_hal_tim.o
    0x080030ea   0x080030ea   0x00000002   PAD
    0x080030ec   0x080030ec   0x00000074   Code   RO         5189    i.HAL_TIM_IC_CaptureCallback  ppm_signal.o
    0x08003160   0x08003160   0x000000e0   Code   RO         3638    i.HAL_TIM_IC_ConfigChannel  stm32f4xx_hal_tim.o
    0x08003240   0x08003240   0x00000034   Code   RO         3641    i.HAL_TIM_IC_Init   stm32f4xx_hal_tim.o
    0x08003274   0x08003274   0x00000094   Code   RO          395    i.HAL_TIM_IC_MspInit  tim.o
    0x08003308   0x08003308   0x00000078   Code   RO         3646    i.HAL_TIM_IC_Start_IT  stm32f4xx_hal_tim.o
    0x08003380   0x08003380   0x00000196   Code   RO         3650    i.HAL_TIM_IRQHandler  stm32f4xx_hal_tim.o
    0x08003516   0x08003516   0x00000002   Code   RO         3653    i.HAL_TIM_OC_DelayElapsedCallback  stm32f4xx_hal_tim.o
    0x08003518   0x08003518   0x00000002   Code   RO         3680    i.HAL_TIM_PWM_PulseFinishedCallback  stm32f4xx_hal_tim.o
    0x0800351a   0x0800351a   0x00000002   Code   RO         3688    i.HAL_TIM_PeriodElapsedCallback  stm32f4xx_hal_tim.o
    0x0800351c   0x0800351c   0x00000032   Code   RO         3690    i.HAL_TIM_ReadCapturedValue  stm32f4xx_hal_tim.o
    0x0800354e   0x0800354e   0x00000002   Code   RO         3693    i.HAL_TIM_TriggerCallback  stm32f4xx_hal_tim.o
    0x08003550   0x08003550   0x00000072   Code   RO         4569    i.HAL_UART_Init     stm32f4xx_hal_uart.o
    0x080035c2   0x080035c2   0x00000002   PAD
    0x080035c4   0x080035c4   0x00000088   Code   RO          477    i.HAL_UART_MspInit  usart.o
    0x0800364c   0x0800364c   0x000000d8   Code   RO         4577    i.HAL_UART_Transmit  stm32f4xx_hal_uart.o
    0x08003724   0x08003724   0x00000004   Code   RO          912    i.HardFault_Handler  stm32f4xx_it.o
    0x08003728   0x08003728   0x0000003e   Code   RO          762    i.IntToUnicode      usbd_desc.o
    0x08003766   0x08003766   0x00000002   PAD
    0x08003768   0x08003768   0x00000048   Code   RO          284    i.MX_DMA_Init       dma.o
    0x080037b0   0x080037b0   0x000000dc   Code   RO          252    i.MX_GPIO_Init      gpio.o
    0x0800388c   0x0800388c   0x0000003c   Code   RO          310    i.MX_I2C1_Init      i2c.o
    0x080038c8   0x080038c8   0x00000048   Code   RO          352    i.MX_SPI1_Init      spi.o
    0x08003910   0x08003910   0x0000004c   Code   RO          396    i.MX_TIM6_Init      tim.o
    0x0800395c   0x0800395c   0x00000048   Code   RO          397    i.MX_TIM7_Init      tim.o
    0x080039a4   0x080039a4   0x0000005c   Code   RO          398    i.MX_TIM9_Init      tim.o
    0x08003a00   0x08003a00   0x00000038   Code   RO          478    i.MX_UART4_Init     usart.o
    0x08003a38   0x08003a38   0x0000004c   Code   RO          518    i.MX_USB_DEVICE_Init  usb_device.o
    0x08003a84   0x08003a84   0x00000004   Code   RO          913    i.MemManage_Handler  stm32f4xx_it.o
    0x08003a88   0x08003a88   0x00000002   Code   RO          914    i.NMI_Handler       stm32f4xx_it.o
    0x08003a8a   0x08003a8a   0x00000002   PAD
    0x08003a8c   0x08003a8c   0x00000010   Code   RO          915    i.OTG_FS_IRQHandler  stm32f4xx_it.o
    0x08003a9c   0x08003a9c   0x00000010   Code   RO         5224    i.PCA9685_AutoIncrement  pca9685.o
    0x08003aac   0x08003aac   0x00000044   Code   RO         5225    i.PCA9685_Init      pca9685.o
    0x08003af0   0x08003af0   0x00000010   Code   RO         5226    i.PCA9685_RestartMode  pca9685.o
    0x08003b00   0x08003b00   0x0000001a   Code   RO         5227    i.PCA9685_SetBit    pca9685.o
    0x08003b1a   0x08003b1a   0x00000044   Code   RO         5229    i.PCA9685_SetPwm    pca9685.o
    0x08003b5e   0x08003b5e   0x00000002   PAD
    0x08003b60   0x08003b60   0x000000e8   Code   RO         5230    i.PCA9685_SetPwmFrequency  pca9685.o
    0x08003c48   0x08003c48   0x00000070   Code   RO         5231    i.PCA9685_SetServoAngle  pca9685.o
    0x08003cb8   0x08003cb8   0x00000010   Code   RO         5232    i.PCA9685_SleepMode  pca9685.o
    0x08003cc8   0x08003cc8   0x0000001a   Code   RO         5233    i.PCA9685_SoftwareReset  pca9685.o
    0x08003ce2   0x08003ce2   0x00000002   PAD
    0x08003ce4   0x08003ce4   0x00000064   Code   RO         1065    i.PCD_EP_OutSetupPacket_int  stm32f4xx_hal_pcd.o
    0x08003d48   0x08003d48   0x0000017c   Code   RO         1066    i.PCD_EP_OutXfrComplete_int  stm32f4xx_hal_pcd.o
    0x08003ec4   0x08003ec4   0x000000b6   Code   RO         1067    i.PCD_WriteEmptyTxFifo  stm32f4xx_hal_pcd.o
    0x08003f7a   0x08003f7a   0x00000002   Code   RO          916    i.PendSV_Handler    stm32f4xx_it.o
    0x08003f7c   0x08003f7c   0x00000034   Code   RO         4962    i.SOFT_I2C_Ack      soft_i2c.o
    0x08003fb0   0x08003fb0   0x0000000a   Code   RO         4963    i.SOFT_I2C_Delay    soft_i2c.o
    0x08003fba   0x08003fba   0x00000002   PAD
    0x08003fbc   0x08003fbc   0x00000034   Code   RO         4964    i.SOFT_I2C_NAck     soft_i2c.o
    0x08003ff0   0x08003ff0   0x00000064   Code   RO         4965    i.SOFT_I2C_Read_Byte  soft_i2c.o
    0x08004054   0x08004054   0x0000001c   Code   RO         4966    i.SOFT_I2C_SDA_IN   soft_i2c.o
    0x08004070   0x08004070   0x0000001c   Code   RO         4967    i.SOFT_I2C_SDA_OUT  soft_i2c.o
    0x0800408c   0x0800408c   0x00000048   Code   RO         4968    i.SOFT_I2C_Send_Byte  soft_i2c.o
    0x080040d4   0x080040d4   0x00000030   Code   RO         4969    i.SOFT_I2C_Start    soft_i2c.o
    0x08004104   0x08004104   0x00000028   Code   RO         4970    i.SOFT_I2C_Stop     soft_i2c.o
    0x0800412c   0x0800412c   0x0000004c   Code   RO         4971    i.SOFT_I2C_Wait_Ack  soft_i2c.o
    0x08004178   0x08004178   0x0000006c   Code   RO         3332    i.SPI_EndRxTxTransaction  stm32f4xx_hal_spi.o
    0x080041e4   0x080041e4   0x000000a8   Code   RO         3337    i.SPI_WaitFlagStateUntilTimeout  stm32f4xx_hal_spi.o
    0x0800428c   0x0800428c   0x00000002   Code   RO          917    i.SVC_Handler       stm32f4xx_it.o
    0x0800428e   0x0800428e   0x00000012   Code   RO         5833    i.SWAPBYTE          usbd_ctlreq.o
    0x080042a0   0x080042a0   0x00000008   Code   RO          918    i.SysTick_Handler   stm32f4xx_it.o
    0x080042a8   0x080042a8   0x000000b4   Code   RO           15    i.SystemClock_Config  main.o
    0x0800435c   0x0800435c   0x0000001c   Code   RO         4876    i.SystemInit        system_stm32f4xx.o
    0x08004378   0x08004378   0x00000010   Code   RO          919    i.TIM1_BRK_TIM9_IRQHandler  stm32f4xx_it.o
    0x08004388   0x08004388   0x000000d8   Code   RO         3695    i.TIM_Base_SetConfig  stm32f4xx_hal_tim.o
    0x08004460   0x08004460   0x00000022   Code   RO         3696    i.TIM_CCxChannelCmd  stm32f4xx_hal_tim.o
    0x08004482   0x08004482   0x00000002   PAD
    0x08004484   0x08004484   0x00000090   Code   RO         3714    i.TIM_TI1_SetConfig  stm32f4xx_hal_tim.o
    0x08004514   0x08004514   0x0000003a   Code   RO         3716    i.TIM_TI2_SetConfig  stm32f4xx_hal_tim.o
    0x0800454e   0x0800454e   0x00000038   Code   RO         3717    i.TIM_TI3_SetConfig  stm32f4xx_hal_tim.o
    0x08004586   0x08004586   0x0000003c   Code   RO         3718    i.TIM_TI4_SetConfig  stm32f4xx_hal_tim.o
    0x080045c2   0x080045c2   0x00000002   PAD
    0x080045c4   0x080045c4   0x000003e8   Code   RO         4596    i.UART_SetConfig    stm32f4xx_hal_uart.o
    0x080049ac   0x080049ac   0x0000006c   Code   RO         4598    i.UART_WaitOnFlagUntilTimeout  stm32f4xx_hal_uart.o
    0x08004a18   0x08004a18   0x0000008c   Code   RO         5996    i.USBD_CDC_DataIn   usbd_cdc.o
    0x08004aa4   0x08004aa4   0x00000034   Code   RO         5997    i.USBD_CDC_DataOut  usbd_cdc.o
    0x08004ad8   0x08004ad8   0x00000054   Code   RO         5998    i.USBD_CDC_DeInit   usbd_cdc.o
    0x08004b2c   0x08004b2c   0x00000032   Code   RO         5999    i.USBD_CDC_EP0_RxReady  usbd_cdc.o
    0x08004b5e   0x08004b5e   0x00000002   PAD
    0x08004b60   0x08004b60   0x00000010   Code   RO         6000    i.USBD_CDC_GetDeviceQualifierDescriptor  usbd_cdc.o
    0x08004b70   0x08004b70   0x00000010   Code   RO         6001    i.USBD_CDC_GetFSCfgDesc  usbd_cdc.o
    0x08004b80   0x08004b80   0x00000010   Code   RO         6002    i.USBD_CDC_GetHSCfgDesc  usbd_cdc.o
    0x08004b90   0x08004b90   0x00000010   Code   RO         6003    i.USBD_CDC_GetOtherSpeedCfgDesc  usbd_cdc.o
    0x08004ba0   0x08004ba0   0x000000c0   Code   RO         6004    i.USBD_CDC_Init     usbd_cdc.o
    0x08004c60   0x08004c60   0x0000003a   Code   RO         6005    i.USBD_CDC_ReceivePacket  usbd_cdc.o
    0x08004c9a   0x08004c9a   0x00000010   Code   RO         6006    i.USBD_CDC_RegisterInterface  usbd_cdc.o
    0x08004caa   0x08004caa   0x0000000e   Code   RO         6007    i.USBD_CDC_SetRxBuffer  usbd_cdc.o
    0x08004cb8   0x08004cb8   0x00000014   Code   RO         6008    i.USBD_CDC_SetTxBuffer  usbd_cdc.o
    0x08004ccc   0x08004ccc   0x000000fa   Code   RO         6009    i.USBD_CDC_Setup    usbd_cdc.o
    0x08004dc6   0x08004dc6   0x0000001c   Code   RO         5695    i.USBD_ClrClassConfig  usbd_core.o
    0x08004de2   0x08004de2   0x0000003e   Code   RO         5834    i.USBD_ClrFeature   usbd_ctlreq.o
    0x08004e20   0x08004e20   0x00000018   Code   RO         5936    i.USBD_CtlContinueRx  usbd_ioreq.o
    0x08004e38   0x08004e38   0x00000018   Code   RO         5937    i.USBD_CtlContinueSendData  usbd_ioreq.o
    0x08004e50   0x08004e50   0x00000018   Code   RO         5835    i.USBD_CtlError     usbd_ctlreq.o
    0x08004e68   0x08004e68   0x00000028   Code   RO         5938    i.USBD_CtlPrepareRx  usbd_ioreq.o
    0x08004e90   0x08004e90   0x0000001a   Code   RO         5939    i.USBD_CtlReceiveStatus  usbd_ioreq.o
    0x08004eaa   0x08004eaa   0x00000022   Code   RO         5940    i.USBD_CtlSendData  usbd_ioreq.o
    0x08004ecc   0x08004ecc   0x0000001a   Code   RO         5941    i.USBD_CtlSendStatus  usbd_ioreq.o
    0x08004ee6   0x08004ee6   0x00000002   PAD
    0x08004ee8   0x08004ee8   0x00000034   Code   RO          763    i.USBD_FS_ConfigStrDescriptor  usbd_desc.o
    0x08004f1c   0x08004f1c   0x00000010   Code   RO          764    i.USBD_FS_DeviceDescriptor  usbd_desc.o
    0x08004f2c   0x08004f2c   0x00000038   Code   RO          765    i.USBD_FS_InterfaceStrDescriptor  usbd_desc.o
    0x08004f64   0x08004f64   0x00000010   Code   RO          766    i.USBD_FS_LangIDStrDescriptor  usbd_desc.o
    0x08004f74   0x08004f74   0x0000002c   Code   RO          767    i.USBD_FS_ManufacturerStrDescriptor  usbd_desc.o
    0x08004fa0   0x08004fa0   0x00000040   Code   RO          768    i.USBD_FS_ProductStrDescriptor  usbd_desc.o
    0x08004fe0   0x08004fe0   0x00000018   Code   RO          769    i.USBD_FS_SerialStrDescriptor  usbd_desc.o
    0x08004ff8   0x08004ff8   0x00000056   Code   RO         5836    i.USBD_GetConfig    usbd_ctlreq.o
    0x0800504e   0x0800504e   0x000001fc   Code   RO         5837    i.USBD_GetDescriptor  usbd_ctlreq.o
    0x0800524a   0x0800524a   0x00000016   Code   RO         5838    i.USBD_GetLen       usbd_ctlreq.o
    0x08005260   0x08005260   0x0000005a   Code   RO         5839    i.USBD_GetStatus    usbd_ctlreq.o
    0x080052ba   0x080052ba   0x00000054   Code   RO         5840    i.USBD_GetString    usbd_ctlreq.o
    0x0800530e   0x0800530e   0x0000002c   Code   RO          579    i.USBD_Get_USB_Status  usbd_conf.o
    0x0800533a   0x0800533a   0x00000044   Code   RO         5697    i.USBD_Init         usbd_core.o
    0x0800537e   0x0800537e   0x00000026   Code   RO          580    i.USBD_LL_ClearStallEP  usbd_conf.o
    0x080053a4   0x080053a4   0x00000026   Code   RO          581    i.USBD_LL_CloseEP   usbd_conf.o
    0x080053ca   0x080053ca   0x000000e6   Code   RO         5698    i.USBD_LL_DataInStage  usbd_core.o
    0x080054b0   0x080054b0   0x00000092   Code   RO         5699    i.USBD_LL_DataOutStage  usbd_core.o
    0x08005542   0x08005542   0x00000006   Code   RO         5700    i.USBD_LL_DevConnected  usbd_core.o
    0x08005548   0x08005548   0x00000020   Code   RO         5701    i.USBD_LL_DevDisconnected  usbd_core.o
    0x08005568   0x08005568   0x00000012   Code   RO          585    i.USBD_LL_GetRxDataSize  usbd_conf.o
    0x0800557a   0x0800557a   0x00000002   PAD
    0x0800557c   0x0800557c   0x00000068   Code   RO          586    i.USBD_LL_Init      usbd_conf.o
    0x080055e4   0x080055e4   0x00000038   Code   RO          587    i.USBD_LL_IsStallEP  usbd_conf.o
    0x0800561c   0x0800561c   0x00000006   Code   RO         5702    i.USBD_LL_IsoINIncomplete  usbd_core.o
    0x08005622   0x08005622   0x00000006   Code   RO         5703    i.USBD_LL_IsoOUTIncomplete  usbd_core.o
    0x08005628   0x08005628   0x00000030   Code   RO          588    i.USBD_LL_OpenEP    usbd_conf.o
    0x08005658   0x08005658   0x00000030   Code   RO          589    i.USBD_LL_PrepareReceive  usbd_conf.o
    0x08005688   0x08005688   0x0000005a   Code   RO         5704    i.USBD_LL_Reset     usbd_core.o
    0x080056e2   0x080056e2   0x00000016   Code   RO         5705    i.USBD_LL_Resume    usbd_core.o
    0x080056f8   0x080056f8   0x00000022   Code   RO         5706    i.USBD_LL_SOF       usbd_core.o
    0x0800571a   0x0800571a   0x00000008   Code   RO         5707    i.USBD_LL_SetSpeed  usbd_core.o
    0x08005722   0x08005722   0x00000026   Code   RO          590    i.USBD_LL_SetUSBAddress  usbd_conf.o
    0x08005748   0x08005748   0x00000076   Code   RO         5708    i.USBD_LL_SetupStage  usbd_core.o
    0x080057be   0x080057be   0x00000026   Code   RO          591    i.USBD_LL_StallEP   usbd_conf.o
    0x080057e4   0x080057e4   0x0000001e   Code   RO          592    i.USBD_LL_Start     usbd_conf.o
    0x08005802   0x08005802   0x00000014   Code   RO         5709    i.USBD_LL_Suspend   usbd_core.o
    0x08005816   0x08005816   0x00000030   Code   RO          594    i.USBD_LL_Transmit  usbd_conf.o
    0x08005846   0x08005846   0x00000036   Code   RO         5841    i.USBD_ParseSetupRequest  usbd_ctlreq.o
    0x0800587c   0x0800587c   0x00000026   Code   RO         5710    i.USBD_RegisterClass  usbd_core.o
    0x080058a2   0x080058a2   0x00000006   Code   RO         5711    i.USBD_RunTestMode  usbd_core.o
    0x080058a8   0x080058a8   0x0000005a   Code   RO         5842    i.USBD_SetAddress   usbd_ctlreq.o
    0x08005902   0x08005902   0x00000020   Code   RO         5712    i.USBD_SetClassConfig  usbd_core.o
    0x08005922   0x08005922   0x00000002   PAD
    0x08005924   0x08005924   0x000000fc   Code   RO         5843    i.USBD_SetConfig    usbd_ctlreq.o
    0x08005a20   0x08005a20   0x00000018   Code   RO         5844    i.USBD_SetFeature   usbd_ctlreq.o
    0x08005a38   0x08005a38   0x0000000c   Code   RO         5713    i.USBD_Start        usbd_core.o
    0x08005a44   0x08005a44   0x000000a6   Code   RO         5845    i.USBD_StdDevReq    usbd_ctlreq.o
    0x08005aea   0x08005aea   0x0000022a   Code   RO         5846    i.USBD_StdEPReq     usbd_ctlreq.o
    0x08005d14   0x08005d14   0x0000007e   Code   RO         5847    i.USBD_StdItfReq    usbd_ctlreq.o
    0x08005d92   0x08005d92   0x00000002   PAD
    0x08005d94   0x08005d94   0x000000d0   Code   RO         1306    i.USB_ActivateEndpoint  stm32f4xx_ll_usb.o
    0x08005e64   0x08005e64   0x00000028   Code   RO         1308    i.USB_ActivateSetup  stm32f4xx_ll_usb.o
    0x08005e8c   0x08005e8c   0x00000084   Code   RO         1310    i.USB_CoreInit      stm32f4xx_ll_usb.o
    0x08005f10   0x08005f10   0x0000004c   Code   RO         1311    i.USB_CoreReset     stm32f4xx_ll_usb.o
    0x08005f5c   0x08005f5c   0x0000014c   Code   RO         1314    i.USB_DeactivateEndpoint  stm32f4xx_ll_usb.o
    0x080060a8   0x080060a8   0x00000024   Code   RO         1315    i.USB_DevConnect    stm32f4xx_ll_usb.o
    0x080060cc   0x080060cc   0x00000024   Code   RO         1316    i.USB_DevDisconnect  stm32f4xx_ll_usb.o
    0x080060f0   0x080060f0   0x000001e0   Code   RO         1317    i.USB_DevInit       stm32f4xx_ll_usb.o
    0x080062d0   0x080062d0   0x0000000e   Code   RO         1318    i.USB_DisableGlobalInt  stm32f4xx_ll_usb.o
    0x080062de   0x080062de   0x00000002   PAD
    0x080062e0   0x080062e0   0x000001d8   Code   RO         1321    i.USB_EP0StartXfer  stm32f4xx_ll_usb.o
    0x080064b8   0x080064b8   0x00000070   Code   RO         1322    i.USB_EP0_OutStart  stm32f4xx_ll_usb.o
    0x08006528   0x08006528   0x0000008e   Code   RO         1323    i.USB_EPClearStall  stm32f4xx_ll_usb.o
    0x080065b6   0x080065b6   0x0000009a   Code   RO         1324    i.USB_EPSetStall    stm32f4xx_ll_usb.o
    0x08006650   0x08006650   0x00000344   Code   RO         1325    i.USB_EPStartXfer   stm32f4xx_ll_usb.o
    0x08006994   0x08006994   0x0000000e   Code   RO         1326    i.USB_EnableGlobalInt  stm32f4xx_ll_usb.o
    0x080069a2   0x080069a2   0x00000002   PAD
    0x080069a4   0x080069a4   0x0000002c   Code   RO         1327    i.USB_FlushRxFifo   stm32f4xx_ll_usb.o
    0x080069d0   0x080069d0   0x00000030   Code   RO         1328    i.USB_FlushTxFifo   stm32f4xx_ll_usb.o
    0x08006a00   0x08006a00   0x00000026   Code   RO         1330    i.USB_GetDevSpeed   stm32f4xx_ll_usb.o
    0x08006a26   0x08006a26   0x0000000a   Code   RO         1332    i.USB_GetMode       stm32f4xx_ll_usb.o
    0x08006a30   0x08006a30   0x00000014   Code   RO         1339    i.USB_ReadDevAllInEpInterrupt  stm32f4xx_ll_usb.o
    0x08006a44   0x08006a44   0x00000014   Code   RO         1340    i.USB_ReadDevAllOutEpInterrupt  stm32f4xx_ll_usb.o
    0x08006a58   0x08006a58   0x00000032   Code   RO         1341    i.USB_ReadDevInEPInterrupt  stm32f4xx_ll_usb.o
    0x08006a8a   0x08006a8a   0x0000001a   Code   RO         1342    i.USB_ReadDevOutEPInterrupt  stm32f4xx_ll_usb.o
    0x08006aa4   0x08006aa4   0x0000000a   Code   RO         1343    i.USB_ReadInterrupts  stm32f4xx_ll_usb.o
    0x08006aae   0x08006aae   0x00000022   Code   RO         1344    i.USB_ReadPacket    stm32f4xx_ll_usb.o
    0x08006ad0   0x08006ad0   0x00000036   Code   RO         1346    i.USB_SetCurrentMode  stm32f4xx_ll_usb.o
    0x08006b06   0x08006b06   0x0000002a   Code   RO         1347    i.USB_SetDevAddress  stm32f4xx_ll_usb.o
    0x08006b30   0x08006b30   0x00000012   Code   RO         1348    i.USB_SetDevSpeed   stm32f4xx_ll_usb.o
    0x08006b42   0x08006b42   0x00000002   PAD
    0x08006b44   0x08006b44   0x000000e8   Code   RO         1349    i.USB_SetTurnaroundTime  stm32f4xx_ll_usb.o
    0x08006c2c   0x08006c2c   0x0000003c   Code   RO         1352    i.USB_WritePacket   stm32f4xx_ll_usb.o
    0x08006c68   0x08006c68   0x00000004   Code   RO          920    i.UsageFault_Handler  stm32f4xx_it.o
    0x08006c6c   0x08006c6c   0x00000030   Code   RO         6508    i.__ARM_fpclassify  m_wm.l(fpclassify.o)
    0x08006c9c   0x08006c9c   0x00000010   Code   RO         2413    i.__NVIC_GetPriorityGrouping  stm32f4xx_hal_cortex.o
    0x08006cac   0x08006cac   0x00000028   Code   RO         2414    i.__NVIC_SetPriority  stm32f4xx_hal_cortex.o
    0x08006cd4   0x08006cd4   0x00000004   PAD
    0x08006cd8   0x08006cd8   0x000002d8   Code   RO         6098    i.__hardfp_atan     m_wm.l(atan.o)
    0x08006fb0   0x08006fb0   0x00000118   Code   RO         6112    i.__hardfp_floor    m_wm.l(floor.o)
    0x080070c8   0x080070c8   0x0000007a   Code   RO         6146    i.__hardfp_sqrt     m_wm.l(sqrt.o)
    0x08007142   0x08007142   0x000000f8   Code   RO         6526    i.__kernel_poly     m_wm.l(poly.o)
    0x0800723a   0x0800723a   0x00000014   Code   RO         6489    i.__mathlib_dbl_infnan  m_wm.l(dunder.o)
    0x0800724e   0x0800724e   0x00000002   PAD
    0x08007250   0x08007250   0x00000020   Code   RO         6494    i.__mathlib_dbl_underflow  m_wm.l(dunder.o)
    0x08007270   0x08007270   0x0000000e   Code   RO         6582    i.__scatterload_copy  mc_w.l(handlers.o)
    0x0800727e   0x0800727e   0x00000002   Code   RO         6583    i.__scatterload_null  mc_w.l(handlers.o)
    0x08007280   0x08007280   0x0000000e   Code   RO         6584    i.__scatterload_zeroinit  mc_w.l(handlers.o)
    0x0800728e   0x0800728e   0x00000002   PAD
    0x08007290   0x08007290   0x0000000c   Code   RO         6556    i.__set_errno       mc_w.l(errno.o)
    0x0800729c   0x0800729c   0x000000e2   Code   RO         5458    i.buildRotationMatrix  maths.o
    0x0800737e   0x0800737e   0x00000002   PAD
    0x08007380   0x08007380   0x000002e8   Code   RO         5321    i.complementary_filter  kalman.o
    0x08007668   0x08007668   0x0000001c   Code   RO         5461    i.cos_approx        maths.o
    0x08007684   0x08007684   0x00000038   Code   RO          400    i.delay_quarter_us  tim.o
    0x080076bc   0x080076bc   0x00000018   Code   RO         6504    i.fabs              m_wm.l(fabs.o)
    0x080076d4   0x080076d4   0x00000050   Code   RO         6444    i.free              mc_w.l(malloc.o)
    0x08007724   0x08007724   0x00000050   Code   RO         4974    i.i2cdevReadByte    soft_i2c.o
    0x08007774   0x08007774   0x00000064   Code   RO         4975    i.i2cdevWrite       soft_i2c.o
    0x080077d8   0x080077d8   0x00000050   Code   RO         4976    i.i2cdevWriteBit    soft_i2c.o
    0x08007828   0x08007828   0x00000052   Code   RO         4978    i.i2cdevWriteByte   soft_i2c.o
    0x0800787a   0x0800787a   0x00000002   PAD
    0x0800787c   0x0800787c   0x00000150   Code   RO           17    i.main              main.o
    0x080079cc   0x080079cc   0x0000006c   Code   RO         6445    i.malloc            mc_w.l(malloc.o)
    0x08007a38   0x08007a38   0x000000bc   Code   RO         4912    i.mpu6000AccRead    mpu6000.o
    0x08007af4   0x08007af4   0x000000c0   Code   RO         4913    i.mpu6000GyroRead   mpu6000.o
    0x08007bb4   0x08007bb4   0x000000dc   Code   RO         4914    i.mpu6000Init       mpu6000.o
    0x08007c90   0x08007c90   0x00000054   Code   RO         4915    i.mpu6000SpiReadRegister  mpu6000.o
    0x08007ce4   0x08007ce4   0x00000048   Code   RO         4916    i.mpu6000SpiWriteRegister  mpu6000.o
    0x08007d2c   0x08007d2c   0x00000070   Code   RO         5324    i.rotate            kalman.o
    0x08007d9c   0x08007d9c   0x00000096   Code   RO         5475    i.rotateV           maths.o
    0x08007e32   0x08007e32   0x00000002   PAD
    0x08007e34   0x08007e34   0x000000f0   Code   RO         5487    i.sin_approx        maths.o
    0x08007f24   0x08007f24   0x00000008   Data   RO         2130    .constdata          stm32f4xx_hal_dma.o
    0x08007f2c   0x08007f2c   0x00000018   Data   RO         4877    .constdata          system_stm32f4xx.o
    0x08007f44   0x08007f44   0x00000004   PAD
    0x08007f48   0x08007f48   0x00000098   Data   RO         6101    .constdata          m_wm.l(atan.o)
    0x08007fe0   0x08007fe0   0x00000020   Data   RO         6580    Region$$Table       anon$$obj.o


    Execution Region RW_IRAM2 (Exec base: 0x10000000, Load base: 0x080080ec, Size: 0x00000000, Max: 0x00010000, ABSOLUTE)

    **** No section assigned to this execution region ****


    Execution Region RW_IRAM1 (Exec base: 0x20000000, Load base: 0x08008000, Size: 0x00002488, Max: 0x00020000, ABSOLUTE, COMPRESSED[0x000000ec])

    Exec Addr    Load Addr    Size         Type   Attr      Idx    E Section Name        Object

    0x20000000   COMPRESSED   0x00000018   Data   RW           19    .data               main.o
    0x20000018   COMPRESSED   0x0000004e   Data   RW          771    .data               usbd_desc.o
    0x20000066   COMPRESSED   0x00000002   PAD
    0x20000068   COMPRESSED   0x00000014   Data   RW          858    .data               usbd_cdc_if.o
    0x2000007c   COMPRESSED   0x00000009   Data   RW         2562    .data               stm32f4xx_hal.o
    0x20000085   COMPRESSED   0x00000003   PAD
    0x20000088   COMPRESSED   0x00000004   Data   RW         4878    .data               system_stm32f4xx.o
    0x2000008c   COMPRESSED   0x00000001   Data   RW         4917    .data               mpu6000.o
    0x2000008d   COMPRESSED   0x00000003   PAD
    0x20000090   COMPRESSED   0x0000001c   Data   RW         5192    .data               ppm_signal.o
    0x200000ac   COMPRESSED   0x000000c4   Data   RW         5325    .data               kalman.o
    0x20000170   COMPRESSED   0x00000001   Data   RW         5848    .data               usbd_ctlreq.o
    0x20000171   COMPRESSED   0x00000003   PAD
    0x20000174   COMPRESSED   0x0000010f   Data   RW         6011    .data               usbd_cdc.o
    0x20000283   COMPRESSED   0x00000001   PAD
    0x20000284   COMPRESSED   0x00000004   Data   RW         6552    .data               mc_w.l(mvars.o)
    0x20000288   COMPRESSED   0x00000004   Data   RW         6553    .data               mc_w.l(mvars.o)
    0x2000028c   COMPRESSED   0x00000004   Data   RW         6557    .data               mc_w.l(errno.o)
    0x20000290        -       0x00000030   Zero   RW           18    .bss                main.o
    0x200002c0        -       0x00000054   Zero   RW          311    .bss                i2c.o
    0x20000314        -       0x00000118   Zero   RW          353    .bss                spi.o
    0x2000042c        -       0x000000c0   Zero   RW          402    .bss                tim.o
    0x200004ec        -       0x00000040   Zero   RW          479    .bss                usart.o
    0x2000052c        -       0x000002d0   Zero   RW          519    .bss                usb_device.o
    0x200007fc        -       0x00000408   Zero   RW          595    .bss                usbd_conf.o
    0x20000c04        -       0x00000200   Zero   RW          770    .bss                usbd_desc.o
    0x20000e04        -       0x00001000   Zero   RW          857    .bss                usbd_cdc_if.o
    0x20001e04        -       0x00000040   Zero   RW         5191    .bss                ppm_signal.o
    0x20001e44        -       0x0000003f   Zero   RW         5385    .bss                ano_dt.o
    0x20001e83   COMPRESSED   0x00000005   PAD
    0x20001e88        -       0x00000200   Zero   RW            2    HEAP                startup_stm32f405xx.o
    0x20002088        -       0x00000400   Zero   RW            1    STACK               startup_stm32f405xx.o


==============================================================================

Image component sizes


      Code (inc. data)   RO Data    RW Data    ZI Data      Debug   Object Name

       372         16          0          0         63       3121   ano_dt.o
        72          4          0          0          0        774   dma.o
       442         14          0          0          0       1822   gpio.o
       196         26          0          0         84       1665   i2c.o
       856        104          0        196          0       4050   kalman.o
       518         54          0         24         48     673102   main.o
       644         44          0          0          0       3746   maths.o
       756         44          0          1          0       4908   mpu6000.o
       580         52          0          0          0       5777   pca9685.o
       116         22          0         28         64       1439   ppm_signal.o
       848         72          0          0          0       9134   soft_i2c.o
       352         36          0          0        280       1871   spi.o
        36          8        392          0       1536        848   startup_stm32f405xx.o
       212         36          0          9          0       9481   stm32f4xx_hal.o
       304         22          0          0          0      34535   stm32f4xx_hal_cortex.o
      1034         16          8          0          0       3948   stm32f4xx_hal_dma.o
       524         46          0          0          0       2344   stm32f4xx_hal_gpio.o
       464         18          0          0          0       2091   stm32f4xx_hal_i2c.o
        72          4          0          0          0        854   stm32f4xx_hal_msp.o
      3228         14          0          0          0      13041   stm32f4xx_hal_pcd.o
        90          0          0          0          0       2481   stm32f4xx_hal_pcd_ex.o
      1800         84          0          0          0       5696   stm32f4xx_hal_rcc.o
      1388          8          0          0          0       5856   stm32f4xx_hal_spi.o
      1578         76          0          0          0      13502   stm32f4xx_hal_tim.o
       184         30          0          0          0       2541   stm32f4xx_hal_tim_ex.o
      1438          8          0          0          0       3856   stm32f4xx_hal_uart.o
        96         24          0          0          0       6249   stm32f4xx_it.o
      3790        102          0          0          0      22942   stm32f4xx_ll_usb.o
        28          4         24          4          0       1167   system_stm32f4xx.o
       540         54          0          0        192       4096   tim.o
       192         24          0          0         64       1688   usart.o
        76         16          0          0        720       2563   usb_device.o
       940         24          0        271          0      12891   usbd_cdc.o
       148         16          0         20       4096       3438   usbd_cdc_if.o
       990         18          0          0       1032      15988   usbd_conf.o
       902          0          0          0          0      13465   usbd_core.o
      2160         28          0          1          0      17072   usbd_ctlreq.o
       386        122          0         78        512       6745   usbd_desc.o
       174          0          0          0          0       4796   usbd_ioreq.o

    ----------------------------------------------------------------------
     28572       1294        460        644       8696     925583   Object Totals
         0          0         32          0          0          0   (incl. Generated)
        46          4          4         12          5          0   (incl. Padding)

    ----------------------------------------------------------------------

      Code (inc. data)   RO Data    RW Data    ZI Data      Debug   Library Member Name

       728        106        152          0          0        228   atan.o
        52          8          0          0          0        248   dunder.o
        24          0          0          0          0        124   fabs.o
       280         28          0          0          0        156   floor.o
        48          0          0          0          0        124   fpclassify.o
       248          0          0          0          0        152   poly.o
       122          0          0          0          0        148   sqrt.o
        86          0          0          0          0          0   __dczerorl2.o
         0          0          0          0          0          0   entry.o
         0          0          0          0          0          0   entry10a.o
         0          0          0          0          0          0   entry11a.o
         8          4          0          0          0          0   entry2.o
         4          0          0          0          0          0   entry5.o
         0          0          0          0          0          0   entry7b.o
         0          0          0          0          0          0   entry8b.o
         8          4          0          0          0          0   entry9a.o
        12          6          0          4          0         68   errno.o
        30          0          0          0          0          0   handlers.o
        36          8          0          0          0         68   init.o
         0          0          0          0          0          0   iusefp.o
        30          0          0          0          0         68   llshl.o
        36          0          0          0          0         68   llsshr.o
        32          0          0          0          0         68   llushr.o
       188         20          0          0          0        160   malloc.o
        36          0          0          0          0         68   memcpya.o
        36          0          0          0          0        108   memseta.o
         0          0          0          8          0          0   mvars.o
        98          0          0          0          0         92   uldiv.o
        48          0          0          0          0         68   cdrcmple.o
        56          0          0          0          0         88   d2f.o
       334          0          0          0          0        148   dadd.o
       222          0          0          0          0        100   ddiv.o
       186          0          0          0          0        176   depilogue.o
        50          0          0          0          0         76   dfixui.o
       228          0          0          0          0         96   dmul.o
       162          0          0          0          0        100   dsqrt.o
        38          0          0          0          0         68   f2d.o
       110          0          0          0          0        168   fepilogue.o

    ----------------------------------------------------------------------
      3584        184        152         12          0       3036   Library Totals
         8          0          0          0          0          0   (incl. Padding)

    ----------------------------------------------------------------------

      Code (inc. data)   RO Data    RW Data    ZI Data      Debug   Library Name

      1502        142        152          0          0       1180   m_wm.l
       640         42          0         12          0        768   mc_w.l
      1434          0          0          0          0       1088   mf_w.l

    ----------------------------------------------------------------------
      3584        184        152         12          0       3036   Library Totals

    ----------------------------------------------------------------------

==============================================================================


      Code (inc. data)   RO Data    RW Data    ZI Data      Debug   

     32156       1478        612        656       8696     901819   Grand Totals
     32156       1478        612        236       8696     901819   ELF Image Totals (compressed)
     32156       1478        612        236          0          0   ROM Totals

==============================================================================

    Total RO  Size (Code + RO Data)                32768 (  32.00kB)
    Total RW  Size (RW Data + ZI Data)              9352 (   9.13kB)
    Total ROM Size (Code + RO Data + RW Data)      33004 (  32.23kB)

==============================================================================

