Component: ARM Compiler 5.06 update 6 (build 750) Tool: armlink [4d35ed]

==============================================================================

Section Cross References

    startup_stm32f405xx.o(RESET) refers to startup_stm32f405xx.o(STACK) for __initial_sp
    startup_stm32f405xx.o(RESET) refers to startup_stm32f405xx.o(.text) for Reset_Handler
    startup_stm32f405xx.o(RESET) refers to stm32f4xx_it.o(i.NMI_Handler) for NMI_Handler
    startup_stm32f405xx.o(RESET) refers to stm32f4xx_it.o(i.HardFault_Handler) for HardFault_Handler
    startup_stm32f405xx.o(RESET) refers to stm32f4xx_it.o(i.MemManage_Handler) for MemManage_Handler
    startup_stm32f405xx.o(RESET) refers to stm32f4xx_it.o(i.BusFault_Handler) for BusFault_Handler
    startup_stm32f405xx.o(RESET) refers to stm32f4xx_it.o(i.UsageFault_Handler) for UsageFault_Handler
    startup_stm32f405xx.o(RESET) refers to stm32f4xx_it.o(i.SVC_Handler) for SVC_Handler
    startup_stm32f405xx.o(RESET) refers to stm32f4xx_it.o(i.DebugMon_Handler) for DebugMon_Handler
    startup_stm32f405xx.o(RESET) refers to stm32f4xx_it.o(i.PendSV_Handler) for PendSV_Handler
    startup_stm32f405xx.o(RESET) refers to stm32f4xx_it.o(i.SysTick_Handler) for SysTick_Handler
    startup_stm32f405xx.o(RESET) refers to stm32f4xx_it.o(i.TIM1_BRK_TIM9_IRQHandler) for TIM1_BRK_TIM9_IRQHandler
    startup_stm32f405xx.o(RESET) refers to stm32f4xx_it.o(i.DMA2_Stream0_IRQHandler) for DMA2_Stream0_IRQHandler
    startup_stm32f405xx.o(RESET) refers to stm32f4xx_it.o(i.DMA2_Stream3_IRQHandler) for DMA2_Stream3_IRQHandler
    startup_stm32f405xx.o(.text) refers to system_stm32f4xx.o(i.SystemInit) for SystemInit
    startup_stm32f405xx.o(.text) refers to entry.o(.ARM.Collect$$$$00000000) for __main
    main.o(i.SystemClock_Config) refers to memseta.o(.text) for __aeabi_memclr4
    main.o(i.SystemClock_Config) refers to stm32f4xx_hal_rcc.o(i.HAL_RCC_OscConfig) for HAL_RCC_OscConfig
    main.o(i.SystemClock_Config) refers to main.o(i.Error_Handler) for Error_Handler
    main.o(i.SystemClock_Config) refers to stm32f4xx_hal_rcc.o(i.HAL_RCC_ClockConfig) for HAL_RCC_ClockConfig
    main.o(i.main) refers to stm32f4xx_hal.o(i.HAL_Init) for HAL_Init
    main.o(i.main) refers to main.o(i.SystemClock_Config) for SystemClock_Config
    main.o(i.main) refers to gpio.o(i.MX_GPIO_Init) for MX_GPIO_Init
    main.o(i.main) refers to dma.o(i.MX_DMA_Init) for MX_DMA_Init
    main.o(i.main) refers to spi.o(i.MX_SPI1_Init) for MX_SPI1_Init
    main.o(i.main) refers to tim.o(i.MX_TIM7_Init) for MX_TIM7_Init
    main.o(i.main) refers to usart.o(i.MX_UART4_Init) for MX_UART4_Init
    main.o(i.main) refers to tim.o(i.MX_TIM9_Init) for MX_TIM9_Init
    main.o(i.main) refers to i2c.o(i.MX_I2C1_Init) for MX_I2C1_Init
    main.o(i.main) refers to tim.o(i.MX_TIM6_Init) for MX_TIM6_Init
    main.o(i.main) refers to mpu6000.o(i.mpu6000Init) for mpu6000Init
    main.o(i.main) refers to pca9685.o(i.PCA9685_Init) for PCA9685_Init
    main.o(i.main) refers to stm32f4xx_hal_tim.o(i.HAL_TIM_Base_Start) for HAL_TIM_Base_Start
    main.o(i.main) refers to stm32f4xx_hal_tim.o(i.HAL_TIM_IC_Start_IT) for HAL_TIM_IC_Start_IT
    main.o(i.main) refers to mpu6000.o(i.mpu6000AccRead) for mpu6000AccRead
    main.o(i.main) refers to stm32f4xx_hal_tim.o(i.HAL_TIM_Base_Stop) for HAL_TIM_Base_Stop
    main.o(i.main) refers to tim.o(.bss) for htim6
    main.o(i.main) refers to main.o(.data) for raw_data
    gpio.o(i.MX_GPIO_Init) refers to memseta.o(.text) for __aeabi_memclr4
    gpio.o(i.MX_GPIO_Init) refers to stm32f4xx_hal_gpio.o(i.HAL_GPIO_WritePin) for HAL_GPIO_WritePin
    gpio.o(i.MX_GPIO_Init) refers to stm32f4xx_hal_gpio.o(i.HAL_GPIO_Init) for HAL_GPIO_Init
    dma.o(i.MX_DMA_Init) refers to stm32f4xx_hal_cortex.o(i.HAL_NVIC_SetPriority) for HAL_NVIC_SetPriority
    dma.o(i.MX_DMA_Init) refers to stm32f4xx_hal_cortex.o(i.HAL_NVIC_EnableIRQ) for HAL_NVIC_EnableIRQ
    i2c.o(i.HAL_I2C_MspDeInit) refers to stm32f4xx_hal_gpio.o(i.HAL_GPIO_DeInit) for HAL_GPIO_DeInit
    i2c.o(i.HAL_I2C_MspInit) refers to memseta.o(.text) for __aeabi_memclr4
    i2c.o(i.HAL_I2C_MspInit) refers to stm32f4xx_hal_gpio.o(i.HAL_GPIO_Init) for HAL_GPIO_Init
    i2c.o(i.MX_I2C1_Init) refers to stm32f4xx_hal_i2c.o(i.HAL_I2C_Init) for HAL_I2C_Init
    i2c.o(i.MX_I2C1_Init) refers to main.o(i.Error_Handler) for Error_Handler
    i2c.o(i.MX_I2C1_Init) refers to i2c.o(.bss) for hi2c1
    spi.o(i.HAL_SPI_MspDeInit) refers to stm32f4xx_hal_gpio.o(i.HAL_GPIO_DeInit) for HAL_GPIO_DeInit
    spi.o(i.HAL_SPI_MspDeInit) refers to stm32f4xx_hal_dma.o(i.HAL_DMA_DeInit) for HAL_DMA_DeInit
    spi.o(i.HAL_SPI_MspInit) refers to memseta.o(.text) for __aeabi_memclr4
    spi.o(i.HAL_SPI_MspInit) refers to stm32f4xx_hal_gpio.o(i.HAL_GPIO_Init) for HAL_GPIO_Init
    spi.o(i.HAL_SPI_MspInit) refers to stm32f4xx_hal_dma.o(i.HAL_DMA_Init) for HAL_DMA_Init
    spi.o(i.HAL_SPI_MspInit) refers to main.o(i.Error_Handler) for Error_Handler
[...]
    Removing stm32f4xx_hal_tim.o(i.HAL_TIM_PWM_Start_IT), (164 bytes).
    Removing stm32f4xx_hal_tim.o(i.HAL_TIM_PWM_Stop), (136 bytes).
    Removing stm32f4xx_hal_tim.o(i.HAL_TIM_PWM_Stop_DMA), (236 bytes).
    Removing stm32f4xx_hal_tim.o(i.HAL_TIM_PWM_Stop_IT), (204 bytes).
    Removing stm32f4xx_hal_tim.o(i.HAL_TIM_PeriodElapsedHalfCpltCallback), (2 bytes).
    Removing stm32f4xx_hal_tim.o(i.HAL_TIM_SlaveConfigSynchro), (108 bytes).
    Removing stm32f4xx_hal_tim.o(i.HAL_TIM_SlaveConfigSynchro_IT), (108 bytes).
    Removing stm32f4xx_hal_tim.o(i.HAL_TIM_TriggerHalfCpltCallback), (2 bytes).
    Removing stm32f4xx_hal_tim.o(i.TIM_DMACaptureCplt), (70 bytes).
    Removing stm32f4xx_hal_tim.o(i.TIM_DMACaptureHalfCplt), (70 bytes).
    Removing stm32f4xx_hal_tim.o(i.TIM_DMADelayPulseCplt), (70 bytes).
    Removing stm32f4xx_hal_tim.o(i.TIM_DMADelayPulseHalfCplt), (70 bytes).
    Removing stm32f4xx_hal_tim.o(i.TIM_DMAError), (20 bytes).
    Removing stm32f4xx_hal_tim.o(i.TIM_DMAPeriodElapsedCplt), (20 bytes).
    Removing stm32f4xx_hal_tim.o(i.TIM_DMAPeriodElapsedHalfCplt), (20 bytes).
    Removing stm32f4xx_hal_tim.o(i.TIM_DMATriggerCplt), (20 bytes).
    Removing stm32f4xx_hal_tim.o(i.TIM_DMATriggerHalfCplt), (20 bytes).
    Removing stm32f4xx_hal_tim.o(i.TIM_ETR_SetConfig), (22 bytes).
    Removing stm32f4xx_hal_tim.o(i.TIM_ITRx_SetConfig), (18 bytes).
    Removing stm32f4xx_hal_tim.o(i.TIM_OC1_SetConfig), (112 bytes).
    Removing stm32f4xx_hal_tim.o(i.TIM_OC2_SetConfig), (124 bytes).
    Removing stm32f4xx_hal_tim.o(i.TIM_OC3_SetConfig), (120 bytes).
    Removing stm32f4xx_hal_tim.o(i.TIM_OC4_SetConfig), (84 bytes).
    Removing stm32f4xx_hal_tim.o(i.TIM_SlaveTimer_SetConfig), (170 bytes).
    Removing stm32f4xx_hal_tim.o(i.TIM_TI1_ConfigInputStage), (38 bytes).
    Removing stm32f4xx_hal_tim.o(i.TIM_TI2_ConfigInputStage), (40 bytes).
    Removing stm32f4xx_hal_tim_ex.o(.rev16_text), (4 bytes).
    Removing stm32f4xx_hal_tim_ex.o(.revsh_text), (4 bytes).
    Removing stm32f4xx_hal_tim_ex.o(.rrx_text), (6 bytes).
    Removing stm32f4xx_hal_tim_ex.o(i.HAL_TIMEx_CommutHalfCpltCallback), (2 bytes).
    Removing stm32f4xx_hal_tim_ex.o(i.HAL_TIMEx_ConfigBreakDeadTime), (116 bytes).
    Removing stm32f4xx_hal_tim_ex.o(i.HAL_TIMEx_ConfigCommutEvent), (134 bytes).
    Removing stm32f4xx_hal_tim_ex.o(i.HAL_TIMEx_ConfigCommutEvent_DMA), (164 bytes).
    Removing stm32f4xx_hal_tim_ex.o(i.HAL_TIMEx_ConfigCommutEvent_IT), (134 bytes).
    Removing stm32f4xx_hal_tim_ex.o(i.HAL_TIMEx_HallSensor_DeInit), (70 bytes).
    Removing stm32f4xx_hal_tim_ex.o(i.HAL_TIMEx_HallSensor_GetState), (8 bytes).
    Removing stm32f4xx_hal_tim_ex.o(i.HAL_TIMEx_HallSensor_Init), (208 bytes).
    Removing stm32f4xx_hal_tim_ex.o(i.HAL_TIMEx_HallSensor_MspDeInit), (2 bytes).
    Removing stm32f4xx_hal_tim_ex.o(i.HAL_TIMEx_HallSensor_MspInit), (2 bytes).
    Removing stm32f4xx_hal_tim_ex.o(i.HAL_TIMEx_HallSensor_Start), (42 bytes).
    Removing stm32f4xx_hal_tim_ex.o(i.HAL_TIMEx_HallSensor_Start_DMA), (144 bytes).
    Removing stm32f4xx_hal_tim_ex.o(i.HAL_TIMEx_HallSensor_Start_IT), (54 bytes).
    Removing stm32f4xx_hal_tim_ex.o(i.HAL_TIMEx_HallSensor_Stop), (56 bytes).
    Removing stm32f4xx_hal_tim_ex.o(i.HAL_TIMEx_HallSensor_Stop_DMA), (74 bytes).
    Removing stm32f4xx_hal_tim_ex.o(i.HAL_TIMEx_HallSensor_Stop_IT), (68 bytes).
    Removing stm32f4xx_hal_tim_ex.o(i.HAL_TIMEx_OCN_Start), (56 bytes).
    Removing stm32f4xx_hal_tim_ex.o(i.HAL_TIMEx_OCN_Start_DMA), (288 bytes).
    Removing stm32f4xx_hal_tim_ex.o(i.HAL_TIMEx_OCN_Start_IT), (126 bytes).
    Removing stm32f4xx_hal_tim_ex.o(i.HAL_TIMEx_OCN_Stop), (96 bytes).
    Removing stm32f4xx_hal_tim_ex.o(i.HAL_TIMEx_OCN_Stop_DMA), (178 bytes).
    Removing stm32f4xx_hal_tim_ex.o(i.HAL_TIMEx_OCN_Stop_IT), (178 bytes).
    Removing stm32f4xx_hal_tim_ex.o(i.HAL_TIMEx_OnePulseN_Start), (32 bytes).
    Removing stm32f4xx_hal_tim_ex.o(i.HAL_TIMEx_OnePulseN_Start_IT), (56 bytes).
    Removing stm32f4xx_hal_tim_ex.o(i.HAL_TIMEx_OnePulseN_Stop), (96 bytes).
    Removing stm32f4xx_hal_tim_ex.o(i.HAL_TIMEx_OnePulseN_Stop_IT), (120 bytes).
    Removing stm32f4xx_hal_tim_ex.o(i.HAL_TIMEx_PWMN_Start), (56 bytes).
    Removing stm32f4xx_hal_tim_ex.o(i.HAL_TIMEx_PWMN_Start_DMA), (288 bytes).
    Removing stm32f4xx_hal_tim_ex.o(i.HAL_TIMEx_PWMN_Start_IT), (126 bytes).
    Removing stm32f4xx_hal_tim_ex.o(i.HAL_TIMEx_PWMN_Stop), (96 bytes).
    Removing stm32f4xx_hal_tim_ex.o(i.HAL_TIMEx_PWMN_Stop_DMA), (178 bytes).
    Removing stm32f4xx_hal_tim_ex.o(i.HAL_TIMEx_PWMN_Stop_IT), (178 bytes).
    Removing stm32f4xx_hal_tim_ex.o(i.HAL_TIMEx_RemapConfig), (42 bytes).
    Removing stm32f4xx_hal_tim_ex.o(i.TIMEx_DMACommutationCplt), (20 bytes).
    Removing stm32f4xx_hal_tim_ex.o(i.TIMEx_DMACommutationHalfCplt), (20 bytes).
    Removing stm32f4xx_hal_tim_ex.o(i.TIM_CCxNChannelCmd), (34 bytes).
    Removing stm32f4xx_hal_uart.o(.rev16_text), (4 bytes).
    Removing stm32f4xx_hal_uart.o(.revsh_text), (4 bytes).
    Removing stm32f4xx_hal_uart.o(.rrx_text), (6 bytes).
    Removing stm32f4xx_hal_uart.o(i.HAL_HalfDuplex_EnableReceiver), (68 bytes).
    Removing stm32f4xx_hal_uart.o(i.HAL_HalfDuplex_EnableTransmitter), (68 bytes).
    Removing stm32f4xx_hal_uart.o(i.HAL_HalfDuplex_Init), (118 bytes).
    Removing stm32f4xx_hal_uart.o(i.HAL_LIN_Init), (142 bytes).
    Removing stm32f4xx_hal_uart.o(i.HAL_LIN_SendBreak), (62 bytes).
    Removing stm32f4xx_hal_uart.o(i.HAL_MultiProcessor_EnterMuteMode), (62 bytes).
    Removing stm32f4xx_hal_uart.o(i.HAL_MultiProcessor_ExitMuteMode), (62 bytes).
    Removing stm32f4xx_hal_uart.o(i.HAL_MultiProcessor_Init), (154 bytes).
    Removing stm32f4xx_hal_uart.o(i.HAL_UART_Abort), (170 bytes).
    Removing stm32f4xx_hal_uart.o(i.HAL_UART_AbortCpltCallback), (2 bytes).
    Removing stm32f4xx_hal_uart.o(i.HAL_UART_AbortReceive), (102 bytes).
    Removing stm32f4xx_hal_uart.o(i.HAL_UART_AbortReceiveCpltCallback), (2 bytes).
    Removing stm32f4xx_hal_uart.o(i.HAL_UART_AbortReceive_IT), (120 bytes).
    Removing stm32f4xx_hal_uart.o(i.HAL_UART_AbortTransmit), (90 bytes).
    Removing stm32f4xx_hal_uart.o(i.HAL_UART_AbortTransmitCpltCallback), (2 bytes).
    Removing stm32f4xx_hal_uart.o(i.HAL_UART_AbortTransmit_IT), (108 bytes).
    Removing stm32f4xx_hal_uart.o(i.HAL_UART_Abort_IT), (224 bytes).
    Removing stm32f4xx_hal_uart.o(i.HAL_UART_DMAPause), (124 bytes).
    Removing stm32f4xx_hal_uart.o(i.HAL_UART_DMAResume), (126 bytes).
    Removing stm32f4xx_hal_uart.o(i.HAL_UART_DMAStop), (102 bytes).
    Removing stm32f4xx_hal_uart.o(i.HAL_UART_DeInit), (58 bytes).
    Removing stm32f4xx_hal_uart.o(i.HAL_UART_ErrorCallback), (2 bytes).
    Removing stm32f4xx_hal_uart.o(i.HAL_UART_GetError), (6 bytes).
    Removing stm32f4xx_hal_uart.o(i.HAL_UART_GetState), (20 bytes).
    Removing stm32f4xx_hal_uart.o(i.HAL_UART_IRQHandler), (340 bytes).
    Removing stm32f4xx_hal_uart.o(i.HAL_UART_MspDeInit), (2 bytes).
    Removing stm32f4xx_hal_uart.o(i.HAL_UART_MspInit), (2 bytes).
    Removing stm32f4xx_hal_uart.o(i.HAL_UART_Receive), (224 bytes).
    Removing stm32f4xx_hal_uart.o(i.HAL_UART_Receive_DMA), (196 bytes).
    Removing stm32f4xx_hal_uart.o(i.HAL_UART_Receive_IT), (112 bytes).
    Removing stm32f4xx_hal_uart.o(i.HAL_UART_RxCpltCallback), (2 bytes).
    Removing stm32f4xx_hal_uart.o(i.HAL_UART_RxHalfCpltCallback), (2 bytes).
    Removing stm32f4xx_hal_uart.o(i.HAL_UART_Transmit), (216 bytes).
    Removing stm32f4xx_hal_uart.o(i.HAL_UART_Transmit_DMA), (156 bytes).
    Removing stm32f4xx_hal_uart.o(i.HAL_UART_Transmit_IT), (88 bytes).
    Removing stm32f4xx_hal_uart.o(i.HAL_UART_TxCpltCallback), (2 bytes).
    Removing stm32f4xx_hal_uart.o(i.HAL_UART_TxHalfCpltCallback), (2 bytes).
    Removing stm32f4xx_hal_uart.o(i.UART_DMAAbortOnError), (20 bytes).
    Removing stm32f4xx_hal_uart.o(i.UART_DMAError), (80 bytes).
    Removing stm32f4xx_hal_uart.o(i.UART_DMAReceiveCplt), (70 bytes).
    Removing stm32f4xx_hal_uart.o(i.UART_DMARxAbortCallback), (52 bytes).
    Removing stm32f4xx_hal_uart.o(i.UART_DMARxHalfCplt), (14 bytes).
    Removing stm32f4xx_hal_uart.o(i.UART_DMARxOnlyAbortCallback), (24 bytes).
    Removing stm32f4xx_hal_uart.o(i.UART_DMATransmitCplt), (54 bytes).
    Removing stm32f4xx_hal_uart.o(i.UART_DMATxAbortCallback), (52 bytes).
    Removing stm32f4xx_hal_uart.o(i.UART_DMATxHalfCplt), (14 bytes).
    Removing stm32f4xx_hal_uart.o(i.UART_DMATxOnlyAbortCallback), (24 bytes).
    Removing stm32f4xx_hal_uart.o(i.UART_EndRxTransfer), (32 bytes).
    Removing stm32f4xx_hal_uart.o(i.UART_EndTransmit_IT), (32 bytes).
    Removing stm32f4xx_hal_uart.o(i.UART_EndTxTransfer), (20 bytes).
    Removing stm32f4xx_hal_uart.o(i.UART_Receive_IT), (166 bytes).
    Removing stm32f4xx_hal_uart.o(i.UART_Transmit_IT), (104 bytes).
    Removing stm32f4xx_hal_uart.o(i.UART_WaitOnFlagUntilTimeout), (108 bytes).
    Removing system_stm32f4xx.o(.rev16_text), (4 bytes).
    Removing system_stm32f4xx.o(.revsh_text), (4 bytes).
    Removing system_stm32f4xx.o(.rrx_text), (6 bytes).
    Removing system_stm32f4xx.o(i.SystemCoreClockUpdate), (192 bytes).
    Removing mpu6000.o(.rev16_text), (4 bytes).
    Removing mpu6000.o(.revsh_text), (4 bytes).
    Removing mpu6000.o(.rrx_text), (6 bytes).
    Removing mpu6000.o(i.mpu6000GyroRead), (80 bytes).
    Removing soft_i2c.o(.rev16_text), (4 bytes).
    Removing soft_i2c.o(.revsh_text), (4 bytes).
    Removing soft_i2c.o(.rrx_text), (6 bytes).
    Removing soft_i2c.o(i.i2cdevRead), (118 bytes).
    Removing soft_i2c.o(i.i2cdevReadBit), (54 bytes).
    Removing soft_i2c.o(i.i2cdevWriteBits), (98 bytes).
    Removing soft_i2c.o(i.iicsearch), (66 bytes).
    Removing hmc5883l.o(.rev16_text), (4 bytes).
    Removing hmc5883l.o(.revsh_text), (4 bytes).
    Removing hmc5883l.o(.rrx_text), (6 bytes).
    Removing hmc5883l.o(i.hmc5883lInit), (136 bytes).
    Removing hmc5883l.o(i.hmc5883lRead), (82 bytes).
    Removing hmc5883l.o(.data), (1 bytes).
    Removing bmp280.o(.rev16_text), (4 bytes).
    Removing bmp280.o(.revsh_text), (4 bytes).
    Removing bmp280.o(.rrx_text), (6 bytes).
    Removing bmp280.o(i.bmp280CompensateP), (424 bytes).
    Removing bmp280.o(i.bmp280CompensateT), (72 bytes).
    Removing bmp280.o(i.bmp280GetData), (84 bytes).
    Removing bmp280.o(i.bmp280GetPressure), (80 bytes).
    Removing bmp280.o(i.bmp280Init), (124 bytes).
    Removing bmp280.o(i.bmp280PressureToAltitude), (184 bytes).
    Removing bmp280.o(i.bmp280getAltitude), (212 bytes).
    Removing bmp280.o(.bss), (28 bytes).
    Removing bmp280.o(.data), (12 bytes).
    Removing ppm_signal.o(.rev16_text), (4 bytes).
    Removing ppm_signal.o(.revsh_text), (4 bytes).
    Removing ppm_signal.o(.rrx_text), (6 bytes).
    Removing ppm_signal.o(i.ca), (420 bytes).
    Removing pca9685.o(.rev16_text), (4 bytes).
    Removing pca9685.o(.revsh_text), (4 bytes).
    Removing pca9685.o(.rrx_text), (6 bytes).
    Removing pca9685.o(i.PCA9685_AllCallRespond), (16 bytes).
    Removing pca9685.o(i.PCA9685_SetPin), (36 bytes).
    Removing pca9685.o(i.PCA9685_SubaddressRespond), (18 bytes).
    Removing pca9685.o(i.PCA9685_Superfast_SetServoAngle), (96 bytes).
    Removing dneg.o(.text), (6 bytes).
    Removing dscalb.o(.text), (46 bytes).
    Removing dflti.o(.text), (34 bytes).
    Removing dsqrt.o(.text), (162 bytes).
    Removing cdcmple.o(.text), (48 bytes).

593 unused section(s) (total 56201 bytes) removed from the image.

==============================================================================

Image Symbol Table

    Local Symbols

    Symbol Name                              Value     Ov Type        Size  Object(Section)

    ../Drivers/STM32F4xx_HAL_Driver/Src/stm32f4xx_hal.c 0x00000000   Number         0  stm32f4xx_hal.o ABSOLUTE
    ../Drivers/STM32F4xx_HAL_Driver/Src/stm32f4xx_hal_cortex.c 0x00000000   Number         0  stm32f4xx_hal_cortex.o ABSOLUTE
    ../Drivers/STM32F4xx_HAL_Driver/Src/stm32f4xx_hal_dma.c 0x00000000   Number         0  stm32f4xx_hal_dma.o ABSOLUTE
    ../Drivers/STM32F4xx_HAL_Driver/Src/stm32f4xx_hal_dma_ex.c 0x00000000   Number         0  stm32f4xx_hal_dma_ex.o ABSOLUTE
    ../Drivers/STM32F4xx_HAL_Driver/Src/stm32f4xx_hal_exti.c 0x00000000   Number         0  stm32f4xx_hal_exti.o ABSOLUTE
    ../Drivers/STM32F4xx_HAL_Driver/Src/stm32f4xx_hal_flash.c 0x00000000   Number         0  stm32f4xx_hal_flash.o ABSOLUTE
    ../Drivers/STM32F4xx_HAL_Driver/Src/stm32f4xx_hal_flash_ex.c 0x00000000   Number         0  stm32f4xx_hal_flash_ex.o ABSOLUTE
    ../Drivers/STM32F4xx_HAL_Driver/Src/stm32f4xx_hal_flash_ramfunc.c 0x00000000   Number         0  stm32f4xx_hal_flash_ramfunc.o ABSOLUTE
    ../Drivers/STM32F4xx_HAL_Driver/Src/stm32f4xx_hal_gpio.c 0x00000000   Number         0  stm32f4xx_hal_gpio.o ABSOLUTE
    ../Drivers/STM32F4xx_HAL_Driver/Src/stm32f4xx_hal_i2c.c 0x00000000   Number         0  stm32f4xx_hal_i2c.o ABSOLUTE
    ../Drivers/STM32F4xx_HAL_Driver/Src/stm32f4xx_hal_i2c_ex.c 0x00000000   Number         0  stm32f4xx_hal_i2c_ex.o ABSOLUTE
    ../Drivers/STM32F4xx_HAL_Driver/Src/stm32f4xx_hal_pwr.c 0x00000000   Number         0  stm32f4xx_hal_pwr.o ABSOLUTE
    ../Drivers/STM32F4xx_HAL_Driver/Src/stm32f4xx_hal_pwr_ex.c 0x00000000   Number         0  stm32f4xx_hal_pwr_ex.o ABSOLUTE
    ../Drivers/STM32F4xx_HAL_Driver/Src/stm32f4xx_hal_rcc.c 0x00000000   Number         0  stm32f4xx_hal_rcc.o ABSOLUTE
    ../Drivers/STM32F4xx_HAL_Driver/Src/stm32f4xx_hal_rcc_ex.c 0x00000000   Number         0  stm32f4xx_hal_rcc_ex.o ABSOLUTE
    ../Drivers/STM32F4xx_HAL_Driver/Src/stm32f4xx_hal_spi.c 0x00000000   Number         0  stm32f4xx_hal_spi.o ABSOLUTE
    ../Drivers/STM32F4xx_HAL_Driver/Src/stm32f4xx_hal_tim.c 0x00000000   Number         0  stm32f4xx_hal_tim.o ABSOLUTE
    ../Drivers/STM32F4xx_HAL_Driver/Src/stm32f4xx_hal_tim_ex.c 0x00000000   Number         0  stm32f4xx_hal_tim_ex.o ABSOLUTE
    ../Drivers/STM32F4xx_HAL_Driver/Src/stm32f4xx_hal_uart.c 0x00000000   Number         0  stm32f4xx_hal_uart.o ABSOLUTE
    ../Src/dma.c                             0x00000000   Number         0  dma.o ABSOLUTE
    ../Src/gpio.c                            0x00000000   Number         0  gpio.o ABSOLUTE
    ../Src/i2c.c                             0x00000000   Number         0  i2c.o ABSOLUTE
    ../Src/main.c                            0x00000000   Number         0  main.o ABSOLUTE
    ../Src/spi.c                             0x00000000   Number         0  spi.o ABSOLUTE
    ../Src/stm32f4xx_hal_msp.c               0x00000000   Number         0  stm32f4xx_hal_msp.o ABSOLUTE
    ../Src/stm32f4xx_it.c                    0x00000000   Number         0  stm32f4xx_it.o ABSOLUTE
    ../Src/system_stm32f4xx.c                0x00000000   Number         0  system_stm32f4xx.o ABSOLUTE
    ../Src/tim.c                             0x00000000   Number         0  tim.o ABSOLUTE
    ../Src/usart.c                           0x00000000   Number         0  usart.o ABSOLUTE
    ../clib/microlib/division.c              0x00000000   Number         0  uldiv.o ABSOLUTE
    ../clib/microlib/division.c              0x00000000   Number         0  ldiv.o ABSOLUTE
    ../clib/microlib/errno.c                 0x00000000   Number         0  errno.o ABSOLUTE
    ../clib/microlib/init/entry.s            0x00000000   Number         0  entry8b.o ABSOLUTE
    ../clib/microlib/init/entry.s            0x00000000   Number         0  entry.o ABSOLUTE
    ../clib/microlib/init/entry.s            0x00000000   Number         0  entry2.o ABSOLUTE
    ../clib/microlib/init/entry.s            0x00000000   Number         0  entry11b.o ABSOLUTE
    ../clib/microlib/init/entry.s            0x00000000   Number         0  entry11a.o ABSOLUTE
    ../clib/microlib/init/entry.s            0x00000000   Number         0  entry10b.o ABSOLUTE
    ../clib/microlib/init/entry.s            0x00000000   Number         0  entry10a.o ABSOLUTE
    ../clib/microlib/init/entry.s            0x00000000   Number         0  entry9b.o ABSOLUTE
    ../clib/microlib/init/entry.s            0x00000000   Number         0  entry9a.o ABSOLUTE
    ../clib/microlib/init/entry.s            0x00000000   Number         0  entry8a.o ABSOLUTE
    ../clib/microlib/init/entry.s            0x00000000   Number         0  entry7b.o ABSOLUTE
    ../clib/microlib/init/entry.s            0x00000000   Number         0  entry7a.o ABSOLUTE
    ../clib/microlib/init/entry.s            0x00000000   Number         0  entry5.o ABSOLUTE
    ../clib/microlib/longlong.c              0x00000000   Number         0  llshl.o ABSOLUTE
    ../clib/microlib/longlong.c              0x00000000   Number         0  llushr.o ABSOLUTE
    ../clib/microlib/longlong.c              0x00000000   Number         0  llsshr.o ABSOLUTE
    ../clib/microlib/string/memset.c         0x00000000   Number         0  memseta.o ABSOLUTE
    ../clib/microlib/stubs.s                 0x00000000   Number         0  iusefp.o ABSOLUTE
    ../fplib/microlib/d2f.c                  0x00000000   Number         0  d2f.o ABSOLUTE
    ../fplib/microlib/f2d.c                  0x00000000   Number         0  f2d.o ABSOLUTE
    ../fplib/microlib/fpadd.c                0x00000000   Number         0  dadd.o ABSOLUTE
    ../fplib/microlib/fpdiv.c                0x00000000   Number         0  ddiv.o ABSOLUTE
    ../fplib/microlib/fpepilogue.c           0x00000000   Number         0  fepilogue.o ABSOLUTE
    ../fplib/microlib/fpepilogue.c           0x00000000   Number         0  depilogue.o ABSOLUTE
    ../fplib/microlib/fpfix.c                0x00000000   Number         0  dfixui.o ABSOLUTE
    ../fplib/microlib/fpflt.c                0x00000000   Number         0  dflti.o ABSOLUTE
    ../fplib/microlib/fpmul.c                0x00000000   Number         0  dmul.o ABSOLUTE
    ../fplib/microlib/fpneg.c                0x00000000   Number         0  dneg.o ABSOLUTE
    ../fplib/microlib/fpscalb.c              0x00000000   Number         0  dscalb.o ABSOLUTE
    ../fplib/microlib/fpsqrt.c               0x00000000   Number         0  dsqrt.o ABSOLUTE
    ../mathlib/dunder.c                      0x00000000   Number         0  dunder.o ABSOLUTE
    ../mathlib/fabs.c                        0x00000000   Number         0  fabs.o ABSOLUTE
    ../mathlib/floor.c                       0x00000000   Number         0  floor.o ABSOLUTE
    ../mathlib/fpclassify.c                  0x00000000   Number         0  fpclassify.o ABSOLUTE
    ../mathlib/poly.c                        0x00000000   Number         0  poly.o ABSOLUTE
    ../mathlib/pow.c                         0x00000000   Number         0  pow.o ABSOLUTE
    ../mathlib/pow.c                         0x00000000   Number         0  pow_x.o ABSOLUTE
    ../mathlib/qnan.c                        0x00000000   Number         0  qnan.o ABSOLUTE
    ../mathlib/sqrt.c                        0x00000000   Number         0  sqrt_x.o ABSOLUTE
    ../mathlib/sqrt.c                        0x00000000   Number         0  sqrt.o ABSOLUTE
    ..\Drivers\STM32F4xx_HAL_Driver\Src\stm32f4xx_hal.c 0x00000000   Number         0  stm32f4xx_hal.o ABSOLUTE
    ..\Drivers\STM32F4xx_HAL_Driver\Src\stm32f4xx_hal_cortex.c 0x00000000   Number         0  stm32f4xx_hal_cortex.o ABSOLUTE
    ..\Drivers\STM32F4xx_HAL_Driver\Src\stm32f4xx_hal_dma.c 0x00000000   Number         0  stm32f4xx_hal_dma.o ABSOLUTE
    ..\Drivers\STM32F4xx_HAL_Driver\Src\stm32f4xx_hal_dma_ex.c 0x00000000   Number         0  stm32f4xx_hal_dma_ex.o ABSOLUTE
    ..\Drivers\STM32F4xx_HAL_Driver\Src\stm32f4xx_hal_exti.c 0x00000000   Number         0  stm32f4xx_hal_exti.o ABSOLUTE
    ..\Drivers\STM32F4xx_HAL_Driver\Src\stm32f4xx_hal_flash.c 0x00000000   Number         0  stm32f4xx_hal_flash.o ABSOLUTE
    ..\Drivers\STM32F4xx_HAL_Driver\Src\stm32f4xx_hal_flash_ex.c 0x00000000   Number         0  stm32f4xx_hal_flash_ex.o ABSOLUTE
    ..\Drivers\STM32F4xx_HAL_Driver\Src\stm32f4xx_hal_flash_ramfunc.c 0x00000000   Number         0  stm32f4xx_hal_flash_ramfunc.o ABSOLUTE
    ..\Drivers\STM32F4xx_HAL_Driver\Src\stm32f4xx_hal_gpio.c 0x00000000   Number         0  stm32f4xx_hal_gpio.o ABSOLUTE
    ..\Drivers\STM32F4xx_HAL_Driver\Src\stm32f4xx_hal_i2c.c 0x00000000   Number         0  stm32f4xx_hal_i2c.o ABSOLUTE
    ..\Drivers\STM32F4xx_HAL_Driver\Src\stm32f4xx_hal_i2c_ex.c 0x00000000   Number         0  stm32f4xx_hal_i2c_ex.o ABSOLUTE
    ..\Drivers\STM32F4xx_HAL_Driver\Src\stm32f4xx_hal_pwr.c 0x00000000   Number         0  stm32f4xx_hal_pwr.o ABSOLUTE
    ..\Drivers\STM32F4xx_HAL_Driver\Src\stm32f4xx_hal_pwr_ex.c 0x00000000   Number         0  stm32f4xx_hal_pwr_ex.o ABSOLUTE
    ..\Drivers\STM32F4xx_HAL_Driver\Src\stm32f4xx_hal_rcc.c 0x00000000   Number         0  stm32f4xx_hal_rcc.o ABSOLUTE
    ..\Drivers\STM32F4xx_HAL_Driver\Src\stm32f4xx_hal_rcc_ex.c 0x00000000   Number         0  stm32f4xx_hal_rcc_ex.o ABSOLUTE
    ..\Drivers\STM32F4xx_HAL_Driver\Src\stm32f4xx_hal_spi.c 0x00000000   Number         0  stm32f4xx_hal_spi.o ABSOLUTE
    ..\Drivers\STM32F4xx_HAL_Driver\Src\stm32f4xx_hal_tim.c 0x00000000   Number         0  stm32f4xx_hal_tim.o ABSOLUTE
    ..\Drivers\STM32F4xx_HAL_Driver\Src\stm32f4xx_hal_tim_ex.c 0x00000000   Number         0  stm32f4xx_hal_tim_ex.o ABSOLUTE
    ..\Drivers\STM32F4xx_HAL_Driver\Src\stm32f4xx_hal_uart.c 0x00000000   Number         0  stm32f4xx_hal_uart.o ABSOLUTE
    ..\Drivers\bmp280.c                      0x00000000   Number         0  bmp280.o ABSOLUTE
    ..\Drivers\hmc5883l.c                    0x00000000   Number         0  hmc5883l.o ABSOLUTE
    ..\Drivers\mpu6000.c                     0x00000000   Number         0  mpu6000.o ABSOLUTE
    ..\Drivers\pca9685.c                     0x00000000   Number         0  pca9685.o ABSOLUTE
    ..\Drivers\soft_i2c.c                    0x00000000   Number         0  soft_i2c.o ABSOLUTE
    ..\Src\dma.c                             0x00000000   Number         0  dma.o ABSOLUTE
    ..\Src\gpio.c                            0x00000000   Number         0  gpio.o ABSOLUTE
    ..\Src\i2c.c                             0x00000000   Number         0  i2c.o ABSOLUTE
    ..\Src\main.c                            0x00000000   Number         0  main.o ABSOLUTE
    ..\Src\spi.c                             0x00000000   Number         0  spi.o ABSOLUTE
    ..\Src\stm32f4xx_hal_msp.c               0x00000000   Number         0  stm32f4xx_hal_msp.o ABSOLUTE
    ..\Src\stm32f4xx_it.c                    0x00000000   Number         0  stm32f4xx_it.o ABSOLUTE
    ..\Src\system_stm32f4xx.c                0x00000000   Number         0  system_stm32f4xx.o ABSOLUTE
    ..\Src\tim.c                             0x00000000   Number         0  tim.o ABSOLUTE
    ..\Src\usart.c                           0x00000000   Number         0  usart.o ABSOLUTE
    ..\\Drivers\\bmp280.c                    0x00000000   Number         0  bmp280.o ABSOLUTE
    ..\\Drivers\\hmc5883l.c                  0x00000000   Number         0  hmc5883l.o ABSOLUTE
    ..\\Drivers\\mpu6000.c                   0x00000000   Number         0  mpu6000.o ABSOLUTE
    ..\\Drivers\\pca9685.c                   0x00000000   Number         0  pca9685.o ABSOLUTE
    ..\\Drivers\\soft_i2c.c                  0x00000000   Number         0  soft_i2c.o ABSOLUTE
    cdcmple.s                                0x00000000   Number         0  cdcmple.o ABSOLUTE
    cdrcmple.s                               0x00000000   Number         0  cdrcmple.o ABSOLUTE
    dc.s                                     0x00000000   Number         0  dc.o ABSOLUTE
    handlers.s                               0x00000000   Number         0  handlers.o ABSOLUTE
    init.s                                   0x00000000   Number         0  init.o ABSOLUTE
    ppm_signal.c                             0x00000000   Number         0  ppm_signal.o ABSOLUTE
    ppm_signal.c                             0x00000000   Number         0  ppm_signal.o ABSOLUTE
    startup_stm32f405xx.s                    0x00000000   Number         0  startup_stm32f405xx.o ABSOLUTE
    RESET                                    0x08000000   Section      392  startup_stm32f405xx.o(RESET)
    .ARM.Collect$$$$00000000                 0x08000188   Section        0  entry.o(.ARM.Collect$$$$00000000)
    .ARM.Collect$$$$00000001                 0x08000188   Section        4  entry2.o(.ARM.Collect$$$$00000001)
    .ARM.Collect$$$$00000004                 0x0800018c   Section        4  entry5.o(.ARM.Collect$$$$00000004)
    .ARM.Collect$$$$00000008                 0x08000190   Section        0  entry7b.o(.ARM.Collect$$$$00000008)
    .ARM.Collect$$$$0000000A                 0x08000190   Section        0  entry8b.o(.ARM.Collect$$$$0000000A)
    .ARM.Collect$$$$0000000B                 0x08000190   Section        8  entry9a.o(.ARM.Collect$$$$0000000B)
    .ARM.Collect$$$$0000000D                 0x08000198   Section        0  entry10a.o(.ARM.Collect$$$$0000000D)
    .ARM.Collect$$$$0000000F                 0x08000198   Section        0  entry11a.o(.ARM.Collect$$$$0000000F)
    .ARM.Collect$$$$00002712                 0x08000198   Section        4  entry2.o(.ARM.Collect$$$$00002712)
    __lit__00000000                          0x08000198   Data           4  entry2.o(.ARM.Collect$$$$00002712)
    .text                                    0x0800019c   Section       36  startup_stm32f405xx.o(.text)
    $v0                                      0x0800019c   Number         0  startup_stm32f405xx.o(.text)
    .text                                    0x080001c0   Section        0  uldiv.o(.text)
    .text                                    0x08000222   Section        0  memseta.o(.text)
    .text                                    0x08000246   Section        0  dadd.o(.text)
    .text                                    0x08000394   Section        0  dmul.o(.text)
    .text                                    0x08000478   Section        0  ddiv.o(.text)
    .text                                    0x08000556   Section        0  dfixui.o(.text)
    .text                                    0x08000588   Section        0  f2d.o(.text)
    .text                                    0x080005ae   Section        0  d2f.o(.text)
    .text                                    0x080005e6   Section        0  llshl.o(.text)
    .text                                    0x08000604   Section        0  llushr.o(.text)
    .text                                    0x08000624   Section        0  llsshr.o(.text)
    .text                                    0x08000648   Section        0  fepilogue.o(.text)
    .text                                    0x08000648   Section        0  iusefp.o(.text)
    .text                                    0x080006b6   Section        0  depilogue.o(.text)
    .text                                    0x08000770   Section       48  cdrcmple.o(.text)
    .text                                    0x080007a0   Section       36  init.o(.text)
    i.BusFault_Handler                       0x080007c4   Section        0  stm32f4xx_it.o(i.BusFault_Handler)
    i.DMA2_Stream0_IRQHandler                0x080007c8   Section        0  stm32f4xx_it.o(i.DMA2_Stream0_IRQHandler)
    i.DMA2_Stream3_IRQHandler                0x080007d8   Section        0  stm32f4xx_it.o(i.DMA2_Stream3_IRQHandler)
    i.DMA_CalcBaseAndBitshift                0x080007e8   Section        0  stm32f4xx_hal_dma.o(i.DMA_CalcBaseAndBitshift)
    DMA_CalcBaseAndBitshift                  0x080007e9   Thumb Code    46  stm32f4xx_hal_dma.o(i.DMA_CalcBaseAndBitshift)
    i.DMA_CheckFifoParam                     0x0800081c   Section        0  stm32f4xx_hal_dma.o(i.DMA_CheckFifoParam)
    DMA_CheckFifoParam                       0x0800081d   Thumb Code   170  stm32f4xx_hal_dma.o(i.DMA_CheckFifoParam)
    i.DebugMon_Handler                       0x080008c6   Section        0  stm32f4xx_it.o(i.DebugMon_Handler)
    i.Error_Handler                          0x080008c8   Section        0  main.o(i.Error_Handler)
    i.GPIO_Set                               0x080008ca   Section        0  gpio.o(i.GPIO_Set)
    i.HAL_DMA_IRQHandler                     0x080009a8   Section        0  stm32f4xx_hal_dma.o(i.HAL_DMA_IRQHandler)
    i.HAL_DMA_Init                           0x08000be8   Section        0  stm32f4xx_hal_dma.o(i.HAL_DMA_Init)
    i.HAL_Delay                              0x08000cd4   Section        0  stm32f4xx_hal.o(i.HAL_Delay)
    i.HAL_GPIO_Init                          0x08000cfc   Section        0  stm32f4xx_hal_gpio.o(i.HAL_GPIO_Init)
    i.HAL_GPIO_WritePin                      0x08000efc   Section        0  stm32f4xx_hal_gpio.o(i.HAL_GPIO_WritePin)
    i.HAL_GetTick                            0x08000f08   Section        0  stm32f4xx_hal.o(i.HAL_GetTick)
    i.HAL_I2C_Init                           0x08000f14   Section        0  stm32f4xx_hal_i2c.o(i.HAL_I2C_Init)
    i.HAL_I2C_MspInit                        0x080010e4   Section        0  i2c.o(i.HAL_I2C_MspInit)
    i.HAL_IncTick                            0x0800116c   Section        0  stm32f4xx_hal.o(i.HAL_IncTick)
    i.HAL_Init                               0x08001184   Section        0  stm32f4xx_hal.o(i.HAL_Init)
    i.HAL_InitTick                           0x080011c0   Section        0  stm32f4xx_hal.o(i.HAL_InitTick)
    i.HAL_MspInit                            0x0800120c   Section        0  stm32f4xx_hal_msp.o(i.HAL_MspInit)
    i.HAL_NVIC_EnableIRQ                     0x08001254   Section        0  stm32f4xx_hal_cortex.o(i.HAL_NVIC_EnableIRQ)
    i.HAL_NVIC_SetPriority                   0x08001274   Section        0  stm32f4xx_hal_cortex.o(i.HAL_NVIC_SetPriority)
    i.HAL_NVIC_SetPriorityGrouping           0x080012f0   Section        0  stm32f4xx_hal_cortex.o(i.HAL_NVIC_SetPriorityGrouping)
    i.HAL_RCC_ClockConfig                    0x08001318   Section        0  stm32f4xx_hal_rcc.o(i.HAL_RCC_ClockConfig)
    i.HAL_RCC_GetHCLKFreq                    0x0800149c   Section        0  stm32f4xx_hal_rcc.o(i.HAL_RCC_GetHCLKFreq)
    i.HAL_RCC_GetPCLK1Freq                   0x080014a8   Section        0  stm32f4xx_hal_rcc.o(i.HAL_RCC_GetPCLK1Freq)
    i.HAL_RCC_GetPCLK2Freq                   0x080014c8   Section        0  stm32f4xx_hal_rcc.o(i.HAL_RCC_GetPCLK2Freq)
    i.HAL_RCC_GetSysClockFreq                0x080014e8   Section        0  stm32f4xx_hal_rcc.o(i.HAL_RCC_GetSysClockFreq)
    i.HAL_RCC_OscConfig                      0x08001598   Section        0  stm32f4xx_hal_rcc.o(i.HAL_RCC_OscConfig)
    i.HAL_SPI_Init                           0x08001a20   Section        0  stm32f4xx_hal_spi.o(i.HAL_SPI_Init)
    i.HAL_SPI_MspInit                        0x08001aac   Section        0  spi.o(i.HAL_SPI_MspInit)
    i.HAL_SPI_Transmit                       0x08001bc4   Section        0  stm32f4xx_hal_spi.o(i.HAL_SPI_Transmit)
    i.HAL_SPI_TransmitReceive                0x08001d66   Section        0  stm32f4xx_hal_spi.o(i.HAL_SPI_TransmitReceive)
    i.HAL_SYSTICK_Config                     0x08001f90   Section        0  stm32f4xx_hal_cortex.o(i.HAL_SYSTICK_Config)
    i.HAL_TIMEx_BreakCallback                0x08001fc4   Section        0  stm32f4xx_hal_tim_ex.o(i.HAL_TIMEx_BreakCallback)
    i.HAL_TIMEx_CommutCallback               0x08001fc6   Section        0  stm32f4xx_hal_tim_ex.o(i.HAL_TIMEx_CommutCallback)
    i.HAL_TIMEx_MasterConfigSynchronization  0x08001fc8   Section        0  stm32f4xx_hal_tim_ex.o(i.HAL_TIMEx_MasterConfigSynchronization)
    i.HAL_TIM_Base_Init                      0x0800207c   Section        0  stm32f4xx_hal_tim.o(i.HAL_TIM_Base_Init)
    i.HAL_TIM_Base_MspInit                   0x080020b0   Section        0  tim.o(i.HAL_TIM_Base_MspInit)
    i.HAL_TIM_Base_Start                     0x08002110   Section        0  stm32f4xx_hal_tim.o(i.HAL_TIM_Base_Start)
    i.HAL_TIM_Base_Stop                      0x0800213a   Section        0  stm32f4xx_hal_tim.o(i.HAL_TIM_Base_Stop)
    i.HAL_TIM_IC_CaptureCallback             0x08002174   Section        0  ppm_signal.o(i.HAL_TIM_IC_CaptureCallback)
    i.HAL_TIM_IC_ConfigChannel               0x080021e8   Section        0  stm32f4xx_hal_tim.o(i.HAL_TIM_IC_ConfigChannel)
    i.HAL_TIM_IC_Init                        0x080022c8   Section        0  stm32f4xx_hal_tim.o(i.HAL_TIM_IC_Init)
    i.HAL_TIM_IC_MspInit                     0x080022fc   Section        0  tim.o(i.HAL_TIM_IC_MspInit)
    i.HAL_TIM_IC_Start_IT                    0x08002390   Section        0  stm32f4xx_hal_tim.o(i.HAL_TIM_IC_Start_IT)
    i.HAL_TIM_IRQHandler                     0x08002408   Section        0  stm32f4xx_hal_tim.o(i.HAL_TIM_IRQHandler)
    i.HAL_TIM_OC_DelayElapsedCallback        0x0800259e   Section        0  stm32f4xx_hal_tim.o(i.HAL_TIM_OC_DelayElapsedCallback)
    i.HAL_TIM_PWM_PulseFinishedCallback      0x080025a0   Section        0  stm32f4xx_hal_tim.o(i.HAL_TIM_PWM_PulseFinishedCallback)
    i.HAL_TIM_PeriodElapsedCallback          0x080025a2   Section        0  stm32f4xx_hal_tim.o(i.HAL_TIM_PeriodElapsedCallback)
    i.HAL_TIM_ReadCapturedValue              0x080025a4   Section        0  stm32f4xx_hal_tim.o(i.HAL_TIM_ReadCapturedValue)
    i.HAL_TIM_TriggerCallback                0x080025d6   Section        0  stm32f4xx_hal_tim.o(i.HAL_TIM_TriggerCallback)
    i.HAL_UART_Init                          0x080025d8   Section        0  stm32f4xx_hal_uart.o(i.HAL_UART_Init)
    i.HAL_UART_MspInit                       0x0800264c   Section        0  usart.o(i.HAL_UART_MspInit)
    i.HardFault_Handler                      0x080026d4   Section        0  stm32f4xx_it.o(i.HardFault_Handler)
    i.MX_DMA_Init                            0x080026d8   Section        0  dma.o(i.MX_DMA_Init)
    i.MX_GPIO_Init                           0x08002720   Section        0  gpio.o(i.MX_GPIO_Init)
    i.MX_I2C1_Init                           0x080027fc   Section        0  i2c.o(i.MX_I2C1_Init)
    i.MX_SPI1_Init                           0x08002838   Section        0  spi.o(i.MX_SPI1_Init)
    i.MX_TIM6_Init                           0x08002880   Section        0  tim.o(i.MX_TIM6_Init)
    i.MX_TIM7_Init                           0x080028cc   Section        0  tim.o(i.MX_TIM7_Init)
    i.MX_TIM9_Init                           0x08002914   Section        0  tim.o(i.MX_TIM9_Init)
    i.MX_UART4_Init                          0x08002970   Section        0  usart.o(i.MX_UART4_Init)
    i.MemManage_Handler                      0x080029a8   Section        0  stm32f4xx_it.o(i.MemManage_Handler)
    i.NMI_Handler                            0x080029ac   Section        0  stm32f4xx_it.o(i.NMI_Handler)
    i.PCA9685_AutoIncrement                  0x080029ae   Section        0  pca9685.o(i.PCA9685_AutoIncrement)
    i.PCA9685_Init                           0x080029c0   Section        0  pca9685.o(i.PCA9685_Init)
    i.PCA9685_RestartMode                    0x08002a04   Section        0  pca9685.o(i.PCA9685_RestartMode)
    i.PCA9685_SetBit                         0x08002a14   Section        0  pca9685.o(i.PCA9685_SetBit)
    i.PCA9685_SetPwm                         0x08002a2e   Section        0  pca9685.o(i.PCA9685_SetPwm)
    i.PCA9685_SetPwmFrequency                0x08002a74   Section        0  pca9685.o(i.PCA9685_SetPwmFrequency)
    i.PCA9685_SetServoAngle                  0x08002b5c   Section        0  pca9685.o(i.PCA9685_SetServoAngle)
    i.PCA9685_SleepMode                      0x08002bcc   Section        0  pca9685.o(i.PCA9685_SleepMode)
    i.PCA9685_SoftwareReset                  0x08002bdc   Section        0  pca9685.o(i.PCA9685_SoftwareReset)
    i.PendSV_Handler                         0x08002bf6   Section        0  stm32f4xx_it.o(i.PendSV_Handler)
    i.SOFT_I2C_Ack                           0x08002bf8   Section        0  soft_i2c.o(i.SOFT_I2C_Ack)
    i.SOFT_I2C_Delay                         0x08002c2c   Section        0  soft_i2c.o(i.SOFT_I2C_Delay)
    i.SOFT_I2C_NAck                          0x08002c38   Section        0  soft_i2c.o(i.SOFT_I2C_NAck)
    i.SOFT_I2C_Read_Byte                     0x08002c6c   Section        0  soft_i2c.o(i.SOFT_I2C_Read_Byte)
    i.SOFT_I2C_SDA_IN                        0x08002cd0   Section        0  soft_i2c.o(i.SOFT_I2C_SDA_IN)
    i.SOFT_I2C_SDA_OUT                       0x08002cec   Section        0  soft_i2c.o(i.SOFT_I2C_SDA_OUT)
    i.SOFT_I2C_Send_Byte                     0x08002d08   Section        0  soft_i2c.o(i.SOFT_I2C_Send_Byte)
    i.SOFT_I2C_Start                         0x08002d50   Section        0  soft_i2c.o(i.SOFT_I2C_Start)
    i.SOFT_I2C_Stop                          0x08002d80   Section        0  soft_i2c.o(i.SOFT_I2C_Stop)
    i.SOFT_I2C_Wait_Ack                      0x08002da8   Section        0  soft_i2c.o(i.SOFT_I2C_Wait_Ack)
    i.SPI_EndRxTxTransaction                 0x08002df4   Section        0  stm32f4xx_hal_spi.o(i.SPI_EndRxTxTransaction)
    SPI_EndRxTxTransaction                   0x08002df5   Thumb Code   100  stm32f4xx_hal_spi.o(i.SPI_EndRxTxTransaction)
    i.SPI_WaitFlagStateUntilTimeout          0x08002e60   Section        0  stm32f4xx_hal_spi.o(i.SPI_WaitFlagStateUntilTimeout)
    SPI_WaitFlagStateUntilTimeout            0x08002e61   Thumb Code   168  stm32f4xx_hal_spi.o(i.SPI_WaitFlagStateUntilTimeout)
    i.SVC_Handler                            0x08002f08   Section        0  stm32f4xx_it.o(i.SVC_Handler)
    i.SysTick_Handler                        0x08002f0a   Section        0  stm32f4xx_it.o(i.SysTick_Handler)
    i.SystemClock_Config                     0x08002f14   Section        0  main.o(i.SystemClock_Config)
    i.SystemInit                             0x08002fc8   Section        0  system_stm32f4xx.o(i.SystemInit)
    i.TIM1_BRK_TIM9_IRQHandler               0x08002fe4   Section        0  stm32f4xx_it.o(i.TIM1_BRK_TIM9_IRQHandler)
    i.TIM_Base_SetConfig                     0x08002ff4   Section        0  stm32f4xx_hal_tim.o(i.TIM_Base_SetConfig)
    i.TIM_CCxChannelCmd                      0x080030cc   Section        0  stm32f4xx_hal_tim.o(i.TIM_CCxChannelCmd)
    i.TIM_TI1_SetConfig                      0x080030f0   Section        0  stm32f4xx_hal_tim.o(i.TIM_TI1_SetConfig)
    i.TIM_TI2_SetConfig                      0x08003180   Section        0  stm32f4xx_hal_tim.o(i.TIM_TI2_SetConfig)
    TIM_TI2_SetConfig                        0x08003181   Thumb Code    58  stm32f4xx_hal_tim.o(i.TIM_TI2_SetConfig)
    i.TIM_TI3_SetConfig                      0x080031ba   Section        0  stm32f4xx_hal_tim.o(i.TIM_TI3_SetConfig)
    TIM_TI3_SetConfig                        0x080031bb   Thumb Code    56  stm32f4xx_hal_tim.o(i.TIM_TI3_SetConfig)
    i.TIM_TI4_SetConfig                      0x080031f2   Section        0  stm32f4xx_hal_tim.o(i.TIM_TI4_SetConfig)
    TIM_TI4_SetConfig                        0x080031f3   Thumb Code    60  stm32f4xx_hal_tim.o(i.TIM_TI4_SetConfig)
    i.UART_SetConfig                         0x08003230   Section        0  stm32f4xx_hal_uart.o(i.UART_SetConfig)
    UART_SetConfig                           0x08003231   Thumb Code   992  stm32f4xx_hal_uart.o(i.UART_SetConfig)
    i.UsageFault_Handler                     0x08003618   Section        0  stm32f4xx_it.o(i.UsageFault_Handler)
    i.__NVIC_GetPriorityGrouping             0x0800361c   Section        0  stm32f4xx_hal_cortex.o(i.__NVIC_GetPriorityGrouping)
    __NVIC_GetPriorityGrouping               0x0800361d   Thumb Code    10  stm32f4xx_hal_cortex.o(i.__NVIC_GetPriorityGrouping)
    i.__NVIC_SetPriority                     0x0800362c   Section        0  stm32f4xx_hal_cortex.o(i.__NVIC_SetPriority)
    __NVIC_SetPriority                       0x0800362d   Thumb Code    32  stm32f4xx_hal_cortex.o(i.__NVIC_SetPriority)
    i.__hardfp_floor                         0x08003658   Section        0  floor.o(i.__hardfp_floor)
    i.__scatterload_copy                     0x08003770   Section       14  handlers.o(i.__scatterload_copy)
    i.__scatterload_null                     0x0800377e   Section        2  handlers.o(i.__scatterload_null)
    i.__scatterload_zeroinit                 0x08003780   Section       14  handlers.o(i.__scatterload_zeroinit)
    i.delay_quarter_us                       0x08003790   Section        0  tim.o(i.delay_quarter_us)
    i.i2cdevReadByte                         0x080037c8   Section        0  soft_i2c.o(i.i2cdevReadByte)
    i.i2cdevWrite                            0x08003818   Section        0  soft_i2c.o(i.i2cdevWrite)
    i.i2cdevWriteBit                         0x0800387c   Section        0  soft_i2c.o(i.i2cdevWriteBit)
    i.i2cdevWriteByte                        0x080038cc   Section        0  soft_i2c.o(i.i2cdevWriteByte)
    i.main                                   0x08003920   Section        0  main.o(i.main)
    i.mpu6000AccRead                         0x080039fc   Section        0  mpu6000.o(i.mpu6000AccRead)
    i.mpu6000Init                            0x08003a4c   Section        0  mpu6000.o(i.mpu6000Init)
    i.mpu6000SpiReadRegister                 0x08003b28   Section        0  mpu6000.o(i.mpu6000SpiReadRegister)
    i.mpu6000SpiWriteRegister                0x08003b7c   Section        0  mpu6000.o(i.mpu6000SpiWriteRegister)
    .constdata                               0x08003bc4   Section        8  stm32f4xx_hal_dma.o(.constdata)
    flagBitshiftOffset                       0x08003bc4   Data           8  stm32f4xx_hal_dma.o(.constdata)
    .constdata                               0x08003bcc   Section       24  system_stm32f4xx.o(.constdata)
    .data                                    0x20000000   Section       28  main.o(.data)
    .data                                    0x2000001c   Section        9  stm32f4xx_hal.o(.data)
    .data                                    0x20000028   Section        4  system_stm32f4xx.o(.data)
    .data                                    0x2000002c   Section        1  mpu6000.o(.data)
    isInit                                   0x2000002c   Data           1  mpu6000.o(.data)
    .data                                    0x20000030   Section       28  ppm_signal.o(.data)
    .bss                                     0x2000004c   Section       84  i2c.o(.bss)
    .bss                                     0x200000a0   Section      280  spi.o(.bss)
    .bss                                     0x200001b8   Section      192  tim.o(.bss)
    .bss                                     0x20000278   Section       64  usart.o(.bss)
    .bss                                     0x200002b8   Section       64  ppm_signal.o(.bss)
    STACK                                    0x200002f8   Section     1024  startup_stm32f405xx.o(STACK)

    Global Symbols

    Symbol Name                              Value     Ov Type        Size  Object(Section)

    BuildAttributes$$THM_ISAv4$E$P$D$K$B$S$7EM$VFPi3$EXTD16$VFPS$VFMA$PE$A:L22UL41UL21$X:L11$S22US41US21$IEEE1$IW$USESV6$~STKCKD$USESV7$~SHL$OTIME$ROPI$IEEEX$EBA8$MICROLIB$REQ8$PRES8$EABIv2 0x00000000   Number         0  anon$$obj.o ABSOLUTE
    __ARM_use_no_argv                        0x00000000   Number         0  main.o ABSOLUTE
    __cpp_initialize__aeabi_                  - Undefined Weak Reference
    __cxa_finalize                            - Undefined Weak Reference
    __decompress                              - Undefined Weak Reference
    _clock_init                               - Undefined Weak Reference
    _microlib_exit                            - Undefined Weak Reference
    __Vectors_Size                           0x00000188   Number         0  startup_stm32f405xx.o ABSOLUTE
    __Vectors                                0x08000000   Data           4  startup_stm32f405xx.o(RESET)
    __Vectors_End                            0x08000188   Data           0  startup_stm32f405xx.o(RESET)
    __main                                   0x08000189   Thumb Code     0  entry.o(.ARM.Collect$$$$00000000)
    _main_stk                                0x08000189   Thumb Code     0  entry2.o(.ARM.Collect$$$$00000001)
    _main_scatterload                        0x0800018d   Thumb Code     0  entry5.o(.ARM.Collect$$$$00000004)
    __main_after_scatterload                 0x08000191   Thumb Code     0  entry5.o(.ARM.Collect$$$$00000004)
    _main_clock                              0x08000191   Thumb Code     0  entry7b.o(.ARM.Collect$$$$00000008)
    _main_cpp_init                           0x08000191   Thumb Code     0  entry8b.o(.ARM.Collect$$$$0000000A)
    _main_init                               0x08000191   Thumb Code     0  entry9a.o(.ARM.Collect$$$$0000000B)
    __rt_final_cpp                           0x08000199   Thumb Code     0  entry10a.o(.ARM.Collect$$$$0000000D)
    __rt_final_exit                          0x08000199   Thumb Code     0  entry11a.o(.ARM.Collect$$$$0000000F)
    Reset_Handler                            0x0800019d   Thumb Code     8  startup_stm32f405xx.o(.text)
    ADC_IRQHandler                           0x080001b7   Thumb Code     0  startup_stm32f405xx.o(.text)
    CAN1_RX0_IRQHandler                      0x080001b7   Thumb Code     0  startup_stm32f405xx.o(.text)
    CAN1_RX1_IRQHandler                      0x080001b7   Thumb Code     0  startup_stm32f405xx.o(.text)
    CAN1_SCE_IRQHandler                      0x080001b7   Thumb Code     0  startup_stm32f405xx.o(.text)
    CAN1_TX_IRQHandler                       0x080001b7   Thumb Code     0  startup_stm32f405xx.o(.text)
    CAN2_RX0_IRQHandler                      0x080001b7   Thumb Code     0  startup_stm32f405xx.o(.text)
    CAN2_RX1_IRQHandler                      0x080001b7   Thumb Code     0  startup_stm32f405xx.o(.text)
    CAN2_SCE_IRQHandler                      0x080001b7   Thumb Code     0  startup_stm32f405xx.o(.text)
    CAN2_TX_IRQHandler                       0x080001b7   Thumb Code     0  startup_stm32f405xx.o(.text)
    DMA1_Stream0_IRQHandler                  0x080001b7   Thumb Code     0  startup_stm32f405xx.o(.text)
    DMA1_Stream1_IRQHandler                  0x080001b7   Thumb Code     0  startup_stm32f405xx.o(.text)
    DMA1_Stream2_IRQHandler                  0x080001b7   Thumb Code     0  startup_stm32f405xx.o(.text)
    DMA1_Stream3_IRQHandler                  0x080001b7   Thumb Code     0  startup_stm32f405xx.o(.text)
    DMA1_Stream4_IRQHandler                  0x080001b7   Thumb Code     0  startup_stm32f405xx.o(.text)
    DMA1_Stream5_IRQHandler                  0x080001b7   Thumb Code     0  startup_stm32f405xx.o(.text)
    DMA1_Stream6_IRQHandler                  0x080001b7   Thumb Code     0  startup_stm32f405xx.o(.text)
    DMA1_Stream7_IRQHandler                  0x080001b7   Thumb Code     0  startup_stm32f405xx.o(.text)
    DMA2_Stream1_IRQHandler                  0x080001b7   Thumb Code     0  startup_stm32f405xx.o(.text)
    DMA2_Stream2_IRQHandler                  0x080001b7   Thumb Code     0  startup_stm32f405xx.o(.text)
    DMA2_Stream4_IRQHandler                  0x080001b7   Thumb Code     0  startup_stm32f405xx.o(.text)
    DMA2_Stream5_IRQHandler                  0x080001b7   Thumb Code     0  startup_stm32f405xx.o(.text)
    DMA2_Stream6_IRQHandler                  0x080001b7   Thumb Code     0  startup_stm32f405xx.o(.text)
    DMA2_Stream7_IRQHandler                  0x080001b7   Thumb Code     0  startup_stm32f405xx.o(.text)
    EXTI0_IRQHandler                         0x080001b7   Thumb Code     0  startup_stm32f405xx.o(.text)
    EXTI15_10_IRQHandler                     0x080001b7   Thumb Code     0  startup_stm32f405xx.o(.text)
    EXTI1_IRQHandler                         0x080001b7   Thumb Code     0  startup_stm32f405xx.o(.text)
    EXTI2_IRQHandler                         0x080001b7   Thumb Code     0  startup_stm32f405xx.o(.text)
    EXTI3_IRQHandler                         0x080001b7   Thumb Code     0  startup_stm32f405xx.o(.text)
    EXTI4_IRQHandler                         0x080001b7   Thumb Code     0  startup_stm32f405xx.o(.text)
    EXTI9_5_IRQHandler                       0x080001b7   Thumb Code     0  startup_stm32f405xx.o(.text)
    FLASH_IRQHandler                         0x080001b7   Thumb Code     0  startup_stm32f405xx.o(.text)
    FMC_IRQHandler                           0x080001b7   Thumb Code     0  startup_stm32f405xx.o(.text)
    FPU_IRQHandler                           0x080001b7   Thumb Code     0  startup_stm32f405xx.o(.text)
    HASH_RNG_IRQHandler                      0x080001b7   Thumb Code     0  startup_stm32f405xx.o(.text)
    I2C1_ER_IRQHandler                       0x080001b7   Thumb Code     0  startup_stm32f405xx.o(.text)
    I2C1_EV_IRQHandler                       0x080001b7   Thumb Code     0  startup_stm32f405xx.o(.text)
    I2C2_ER_IRQHandler                       0x080001b7   Thumb Code     0  startup_stm32f405xx.o(.text)
    I2C2_EV_IRQHandler                       0x080001b7   Thumb Code     0  startup_stm32f405xx.o(.text)
    I2C3_ER_IRQHandler                       0x080001b7   Thumb Code     0  startup_stm32f405xx.o(.text)
    I2C3_EV_IRQHandler                       0x080001b7   Thumb Code     0  startup_stm32f405xx.o(.text)
    OTG_FS_IRQHandler                        0x080001b7   Thumb Code     0  startup_stm32f405xx.o(.text)
    OTG_FS_WKUP_IRQHandler                   0x080001b7   Thumb Code     0  startup_stm32f405xx.o(.text)
    OTG_HS_EP1_IN_IRQHandler                 0x080001b7   Thumb Code     0  startup_stm32f405xx.o(.text)
    OTG_HS_EP1_OUT_IRQHandler                0x080001b7   Thumb Code     0  startup_stm32f405xx.o(.text)
    OTG_HS_IRQHandler                        0x080001b7   Thumb Code     0  startup_stm32f405xx.o(.text)
    OTG_HS_WKUP_IRQHandler                   0x080001b7   Thumb Code     0  startup_stm32f405xx.o(.text)
    PVD_IRQHandler                           0x080001b7   Thumb Code     0  startup_stm32f405xx.o(.text)
    RCC_IRQHandler                           0x080001b7   Thumb Code     0  startup_stm32f405xx.o(.text)
    RTC_Alarm_IRQHandler                     0x080001b7   Thumb Code     0  startup_stm32f405xx.o(.text)
    RTC_WKUP_IRQHandler                      0x080001b7   Thumb Code     0  startup_stm32f405xx.o(.text)
    SDIO_IRQHandler                          0x080001b7   Thumb Code     0  startup_stm32f405xx.o(.text)
    SPI1_IRQHandler                          0x080001b7   Thumb Code     0  startup_stm32f405xx.o(.text)
    SPI2_IRQHandler                          0x080001b7   Thumb Code     0  startup_stm32f405xx.o(.text)
    SPI3_IRQHandler                          0x080001b7   Thumb Code     0  startup_stm32f405xx.o(.text)
    TAMP_STAMP_IRQHandler                    0x080001b7   Thumb Code     0  startup_stm32f405xx.o(.text)
    TIM1_CC_IRQHandler                       0x080001b7   Thumb Code     0  startup_stm32f405xx.o(.text)
    TIM1_TRG_COM_TIM11_IRQHandler            0x080001b7   Thumb Code     0  startup_stm32f405xx.o(.text)
    TIM1_UP_TIM10_IRQHandler                 0x080001b7   Thumb Code     0  startup_stm32f405xx.o(.text)
    TIM2_IRQHandler                          0x080001b7   Thumb Code     0  startup_stm32f405xx.o(.text)
    TIM3_IRQHandler                          0x080001b7   Thumb Code     0  startup_stm32f405xx.o(.text)
    TIM4_IRQHandler                          0x080001b7   Thumb Code     0  startup_stm32f405xx.o(.text)
    TIM5_IRQHandler                          0x080001b7   Thumb Code     0  startup_stm32f405xx.o(.text)
    TIM6_DAC_IRQHandler                      0x080001b7   Thumb Code     0  startup_stm32f405xx.o(.text)
    TIM7_IRQHandler                          0x080001b7   Thumb Code     0  startup_stm32f405xx.o(.text)
    TIM8_BRK_TIM12_IRQHandler                0x080001b7   Thumb Code     0  startup_stm32f405xx.o(.text)
    TIM8_CC_IRQHandler                       0x080001b7   Thumb Code     0  startup_stm32f405xx.o(.text)
    TIM8_TRG_COM_TIM14_IRQHandler            0x080001b7   Thumb Code     0  startup_stm32f405xx.o(.text)
    TIM8_UP_TIM13_IRQHandler                 0x080001b7   Thumb Code     0  startup_stm32f405xx.o(.text)
    UART4_IRQHandler                         0x080001b7   Thumb Code     0  startup_stm32f405xx.o(.text)
    UART5_IRQHandler                         0x080001b7   Thumb Code     0  startup_stm32f405xx.o(.text)
    USART1_IRQHandler                        0x080001b7   Thumb Code     0  startup_stm32f405xx.o(.text)
    USART2_IRQHandler                        0x080001b7   Thumb Code     0  startup_stm32f405xx.o(.text)
    USART3_IRQHandler                        0x080001b7   Thumb Code     0  startup_stm32f405xx.o(.text)
    USART6_IRQHandler                        0x080001b7   Thumb Code     0  startup_stm32f405xx.o(.text)
    WWDG_IRQHandler                          0x080001b7   Thumb Code     0  startup_stm32f405xx.o(.text)
    __aeabi_uldivmod                         0x080001c1   Thumb Code    98  uldiv.o(.text)
    __aeabi_memset                           0x08000223   Thumb Code    14  memseta.o(.text)
    __aeabi_memset4                          0x08000223   Thumb Code     0  memseta.o(.text)
    __aeabi_memset8                          0x08000223   Thumb Code     0  memseta.o(.text)
    __aeabi_memclr                           0x08000231   Thumb Code     4  memseta.o(.text)
    __aeabi_memclr4                          0x08000231   Thumb Code     0  memseta.o(.text)
    __aeabi_memclr8                          0x08000231   Thumb Code     0  memseta.o(.text)
    _memset$wrapper                          0x08000235   Thumb Code    18  memseta.o(.text)
    __aeabi_dadd                             0x08000247   Thumb Code   322  dadd.o(.text)
    __aeabi_dsub                             0x08000389   Thumb Code     6  dadd.o(.text)
    __aeabi_drsub                            0x0800038f   Thumb Code     6  dadd.o(.text)
    __aeabi_dmul                             0x08000395   Thumb Code   228  dmul.o(.text)
    __aeabi_ddiv                             0x08000479   Thumb Code   222  ddiv.o(.text)
    __aeabi_d2uiz                            0x08000557   Thumb Code    50  dfixui.o(.text)
    __aeabi_f2d                              0x08000589   Thumb Code    38  f2d.o(.text)
    __aeabi_d2f                              0x080005af   Thumb Code    56  d2f.o(.text)
    __aeabi_llsl                             0x080005e7   Thumb Code    30  llshl.o(.text)
    _ll_shift_l                              0x080005e7   Thumb Code     0  llshl.o(.text)
    __aeabi_llsr                             0x08000605   Thumb Code    32  llushr.o(.text)
    _ll_ushift_r                             0x08000605   Thumb Code     0  llushr.o(.text)
    __aeabi_lasr                             0x08000625   Thumb Code    36  llsshr.o(.text)
    _ll_sshift_r                             0x08000625   Thumb Code     0  llsshr.o(.text)
    __I$use$fp                               0x08000649   Thumb Code     0  iusefp.o(.text)
    _float_round                             0x08000649   Thumb Code    18  fepilogue.o(.text)
    _float_epilogue                          0x0800065b   Thumb Code    92  fepilogue.o(.text)
    _double_round                            0x080006b7   Thumb Code    30  depilogue.o(.text)
    _double_epilogue                         0x080006d5   Thumb Code   156  depilogue.o(.text)
    __aeabi_cdrcmple                         0x08000771   Thumb Code    48  cdrcmple.o(.text)
    __scatterload                            0x080007a1   Thumb Code    28  init.o(.text)
    __scatterload_rt2                        0x080007a1   Thumb Code     0  init.o(.text)
    BusFault_Handler                         0x080007c5   Thumb Code     4  stm32f4xx_it.o(i.BusFault_Handler)
    DMA2_Stream0_IRQHandler                  0x080007c9   Thumb Code    10  stm32f4xx_it.o(i.DMA2_Stream0_IRQHandler)
    DMA2_Stream3_IRQHandler                  0x080007d9   Thumb Code    10  stm32f4xx_it.o(i.DMA2_Stream3_IRQHandler)
    DebugMon_Handler                         0x080008c7   Thumb Code     2  stm32f4xx_it.o(i.DebugMon_Handler)
    Error_Handler                            0x080008c9   Thumb Code     2  main.o(i.Error_Handler)
    GPIO_Set                                 0x080008cb   Thumb Code   222  gpio.o(i.GPIO_Set)
    HAL_DMA_IRQHandler                       0x080009a9   Thumb Code   570  stm32f4xx_hal_dma.o(i.HAL_DMA_IRQHandler)
    HAL_DMA_Init                             0x08000be9   Thumb Code   232  stm32f4xx_hal_dma.o(i.HAL_DMA_Init)
    HAL_Delay                                0x08000cd5   Thumb Code    36  stm32f4xx_hal.o(i.HAL_Delay)
    HAL_GPIO_Init                            0x08000cfd   Thumb Code   466  stm32f4xx_hal_gpio.o(i.HAL_GPIO_Init)
    HAL_GPIO_WritePin                        0x08000efd   Thumb Code    12  stm32f4xx_hal_gpio.o(i.HAL_GPIO_WritePin)
    HAL_GetTick                              0x08000f09   Thumb Code     6  stm32f4xx_hal.o(i.HAL_GetTick)
    HAL_I2C_Init                             0x08000f15   Thumb Code   446  stm32f4xx_hal_i2c.o(i.HAL_I2C_Init)
    HAL_I2C_MspInit                          0x080010e5   Thumb Code   122  i2c.o(i.HAL_I2C_MspInit)
    HAL_IncTick                              0x0800116d   Thumb Code    16  stm32f4xx_hal.o(i.HAL_IncTick)
    HAL_Init                                 0x08001185   Thumb Code    54  stm32f4xx_hal.o(i.HAL_Init)
    HAL_InitTick                             0x080011c1   Thumb Code    64  stm32f4xx_hal.o(i.HAL_InitTick)
    HAL_MspInit                              0x0800120d   Thumb Code    68  stm32f4xx_hal_msp.o(i.HAL_MspInit)
    HAL_NVIC_EnableIRQ                       0x08001255   Thumb Code    32  stm32f4xx_hal_cortex.o(i.HAL_NVIC_EnableIRQ)
    HAL_NVIC_SetPriority                     0x08001275   Thumb Code   124  stm32f4xx_hal_cortex.o(i.HAL_NVIC_SetPriority)
    HAL_NVIC_SetPriorityGrouping             0x080012f1   Thumb Code    32  stm32f4xx_hal_cortex.o(i.HAL_NVIC_SetPriorityGrouping)
    HAL_RCC_ClockConfig                      0x08001319   Thumb Code   368  stm32f4xx_hal_rcc.o(i.HAL_RCC_ClockConfig)
    HAL_RCC_GetHCLKFreq                      0x0800149d   Thumb Code     6  stm32f4xx_hal_rcc.o(i.HAL_RCC_GetHCLKFreq)
    HAL_RCC_GetPCLK1Freq                     0x080014a9   Thumb Code    22  stm32f4xx_hal_rcc.o(i.HAL_RCC_GetPCLK1Freq)
    HAL_RCC_GetPCLK2Freq                     0x080014c9   Thumb Code    22  stm32f4xx_hal_rcc.o(i.HAL_RCC_GetPCLK2Freq)
    HAL_RCC_GetSysClockFreq                  0x080014e9   Thumb Code   162  stm32f4xx_hal_rcc.o(i.HAL_RCC_GetSysClockFreq)
    HAL_RCC_OscConfig                        0x08001599   Thumb Code  1152  stm32f4xx_hal_rcc.o(i.HAL_RCC_OscConfig)
    HAL_SPI_Init                             0x08001a21   Thumb Code   140  stm32f4xx_hal_spi.o(i.HAL_SPI_Init)
    HAL_SPI_MspInit                          0x08001aad   Thumb Code   254  spi.o(i.HAL_SPI_MspInit)
    HAL_SPI_Transmit                         0x08001bc5   Thumb Code   418  stm32f4xx_hal_spi.o(i.HAL_SPI_Transmit)
    HAL_SPI_TransmitReceive                  0x08001d67   Thumb Code   554  stm32f4xx_hal_spi.o(i.HAL_SPI_TransmitReceive)
    HAL_SYSTICK_Config                       0x08001f91   Thumb Code    52  stm32f4xx_hal_cortex.o(i.HAL_SYSTICK_Config)
    HAL_TIMEx_BreakCallback                  0x08001fc5   Thumb Code     2  stm32f4xx_hal_tim_ex.o(i.HAL_TIMEx_BreakCallback)
    HAL_TIMEx_CommutCallback                 0x08001fc7   Thumb Code     2  stm32f4xx_hal_tim_ex.o(i.HAL_TIMEx_CommutCallback)
    HAL_TIMEx_MasterConfigSynchronization    0x08001fc9   Thumb Code   150  stm32f4xx_hal_tim_ex.o(i.HAL_TIMEx_MasterConfigSynchronization)
    HAL_TIM_Base_Init                        0x0800207d   Thumb Code    52  stm32f4xx_hal_tim.o(i.HAL_TIM_Base_Init)
    HAL_TIM_Base_MspInit                     0x080020b1   Thumb Code    84  tim.o(i.HAL_TIM_Base_MspInit)
    HAL_TIM_Base_Start                       0x08002111   Thumb Code    42  stm32f4xx_hal_tim.o(i.HAL_TIM_Base_Start)
    HAL_TIM_Base_Stop                        0x0800213b   Thumb Code    56  stm32f4xx_hal_tim.o(i.HAL_TIM_Base_Stop)
    HAL_TIM_IC_CaptureCallback               0x08002175   Thumb Code    94  ppm_signal.o(i.HAL_TIM_IC_CaptureCallback)
    HAL_TIM_IC_ConfigChannel                 0x080021e9   Thumb Code   224  stm32f4xx_hal_tim.o(i.HAL_TIM_IC_ConfigChannel)
    HAL_TIM_IC_Init                          0x080022c9   Thumb Code    52  stm32f4xx_hal_tim.o(i.HAL_TIM_IC_Init)
    HAL_TIM_IC_MspInit                       0x080022fd   Thumb Code   136  tim.o(i.HAL_TIM_IC_MspInit)
    HAL_TIM_IC_Start_IT                      0x08002391   Thumb Code   120  stm32f4xx_hal_tim.o(i.HAL_TIM_IC_Start_IT)
    HAL_TIM_IRQHandler                       0x08002409   Thumb Code   406  stm32f4xx_hal_tim.o(i.HAL_TIM_IRQHandler)
    HAL_TIM_OC_DelayElapsedCallback          0x0800259f   Thumb Code     2  stm32f4xx_hal_tim.o(i.HAL_TIM_OC_DelayElapsedCallback)
    HAL_TIM_PWM_PulseFinishedCallback        0x080025a1   Thumb Code     2  stm32f4xx_hal_tim.o(i.HAL_TIM_PWM_PulseFinishedCallback)
    HAL_TIM_PeriodElapsedCallback            0x080025a3   Thumb Code     2  stm32f4xx_hal_tim.o(i.HAL_TIM_PeriodElapsedCallback)
    HAL_TIM_ReadCapturedValue                0x080025a5   Thumb Code    50  stm32f4xx_hal_tim.o(i.HAL_TIM_ReadCapturedValue)
    HAL_TIM_TriggerCallback                  0x080025d7   Thumb Code     2  stm32f4xx_hal_tim.o(i.HAL_TIM_TriggerCallback)
    HAL_UART_Init                            0x080025d9   Thumb Code   114  stm32f4xx_hal_uart.o(i.HAL_UART_Init)
    HAL_UART_MspInit                         0x0800264d   Thumb Code   122  usart.o(i.HAL_UART_MspInit)
    HardFault_Handler                        0x080026d5   Thumb Code     4  stm32f4xx_it.o(i.HardFault_Handler)
    MX_DMA_Init                              0x080026d9   Thumb Code    68  dma.o(i.MX_DMA_Init)
    MX_GPIO_Init                             0x08002721   Thumb Code   206  gpio.o(i.MX_GPIO_Init)
    MX_I2C1_Init                             0x080027fd   Thumb Code    48  i2c.o(i.MX_I2C1_Init)
    MX_SPI1_Init                             0x08002839   Thumb Code    62  spi.o(i.MX_SPI1_Init)
    MX_TIM6_Init                             0x08002881   Thumb Code    66  tim.o(i.MX_TIM6_Init)
    MX_TIM7_Init                             0x080028cd   Thumb Code    64  tim.o(i.MX_TIM7_Init)
    MX_TIM9_Init                             0x08002915   Thumb Code    84  tim.o(i.MX_TIM9_Init)
    MX_UART4_Init                            0x08002971   Thumb Code    46  usart.o(i.MX_UART4_Init)
    MemManage_Handler                        0x080029a9   Thumb Code     4  stm32f4xx_it.o(i.MemManage_Handler)
    NMI_Handler                              0x080029ad   Thumb Code     2  stm32f4xx_it.o(i.NMI_Handler)
    PCA9685_AutoIncrement                    0x080029af   Thumb Code    16  pca9685.o(i.PCA9685_AutoIncrement)
    PCA9685_Init                             0x080029c1   Thumb Code    62  pca9685.o(i.PCA9685_Init)
    PCA9685_RestartMode                      0x08002a05   Thumb Code    16  pca9685.o(i.PCA9685_RestartMode)
    PCA9685_SetBit                           0x08002a15   Thumb Code    26  pca9685.o(i.PCA9685_SetBit)
    PCA9685_SetPwm                           0x08002a2f   Thumb Code    68  pca9685.o(i.PCA9685_SetPwm)
    PCA9685_SetPwmFrequency                  0x08002a75   Thumb Code   200  pca9685.o(i.PCA9685_SetPwmFrequency)
    PCA9685_SetServoAngle                    0x08002b5d   Thumb Code    98  pca9685.o(i.PCA9685_SetServoAngle)
    PCA9685_SleepMode                        0x08002bcd   Thumb Code    16  pca9685.o(i.PCA9685_SleepMode)
    PCA9685_SoftwareReset                    0x08002bdd   Thumb Code    26  pca9685.o(i.PCA9685_SoftwareReset)
    PendSV_Handler                           0x08002bf7   Thumb Code     2  stm32f4xx_it.o(i.PendSV_Handler)
    SOFT_I2C_Ack                             0x08002bf9   Thumb Code    42  soft_i2c.o(i.SOFT_I2C_Ack)
    SOFT_I2C_Delay                           0x08002c2d   Thumb Code    10  soft_i2c.o(i.SOFT_I2C_Delay)
    SOFT_I2C_NAck                            0x08002c39   Thumb Code    44  soft_i2c.o(i.SOFT_I2C_NAck)
    SOFT_I2C_Read_Byte                       0x08002c6d   Thumb Code    90  soft_i2c.o(i.SOFT_I2C_Read_Byte)
    SOFT_I2C_SDA_IN                          0x08002cd1   Thumb Code    24  soft_i2c.o(i.SOFT_I2C_SDA_IN)
    SOFT_I2C_SDA_OUT                         0x08002ced   Thumb Code    24  soft_i2c.o(i.SOFT_I2C_SDA_OUT)
    SOFT_I2C_Send_Byte                       0x08002d09   Thumb Code    62  soft_i2c.o(i.SOFT_I2C_Send_Byte)
    SOFT_I2C_Start                           0x08002d51   Thumb Code    38  soft_i2c.o(i.SOFT_I2C_Start)
    SOFT_I2C_Stop                            0x08002d81   Thumb Code    32  soft_i2c.o(i.SOFT_I2C_Stop)
    SOFT_I2C_Wait_Ack                        0x08002da9   Thumb Code    68  soft_i2c.o(i.SOFT_I2C_Wait_Ack)
    SVC_Handler                              0x08002f09   Thumb Code     2  stm32f4xx_it.o(i.SVC_Handler)
    SysTick_Handler                          0x08002f0b   Thumb Code     8  stm32f4xx_it.o(i.SysTick_Handler)
    SystemClock_Config                       0x08002f15   Thumb Code   170  main.o(i.SystemClock_Config)
    SystemInit                               0x08002fc9   Thumb Code    24  system_stm32f4xx.o(i.SystemInit)
    TIM1_BRK_TIM9_IRQHandler                 0x08002fe5   Thumb Code    10  stm32f4xx_it.o(i.TIM1_BRK_TIM9_IRQHandler)
    TIM_Base_SetConfig                       0x08002ff5   Thumb Code   170  stm32f4xx_hal_tim.o(i.TIM_Base_SetConfig)
    TIM_CCxChannelCmd                        0x080030cd   Thumb Code    34  stm32f4xx_hal_tim.o(i.TIM_CCxChannelCmd)
    TIM_TI1_SetConfig                        0x080030f1   Thumb Code   114  stm32f4xx_hal_tim.o(i.TIM_TI1_SetConfig)
    UsageFault_Handler                       0x08003619   Thumb Code     4  stm32f4xx_it.o(i.UsageFault_Handler)
    __hardfp_floor                           0x08003659   Thumb Code   252  floor.o(i.__hardfp_floor)
    __scatterload_copy                       0x08003771   Thumb Code    14  handlers.o(i.__scatterload_copy)
    __scatterload_null                       0x0800377f   Thumb Code     2  handlers.o(i.__scatterload_null)
    __scatterload_zeroinit                   0x08003781   Thumb Code    14  handlers.o(i.__scatterload_zeroinit)
    delay_quarter_us                         0x08003791   Thumb Code    52  tim.o(i.delay_quarter_us)
    i2cdevReadByte                           0x080037c9   Thumb Code    80  soft_i2c.o(i.i2cdevReadByte)
    i2cdevWrite                              0x08003819   Thumb Code   100  soft_i2c.o(i.i2cdevWrite)
    i2cdevWriteBit                           0x0800387d   Thumb Code    80  soft_i2c.o(i.i2cdevWriteBit)
    i2cdevWriteByte                          0x080038cd   Thumb Code    82  soft_i2c.o(i.i2cdevWriteByte)
    main                                     0x08003921   Thumb Code   188  main.o(i.main)
    mpu6000AccRead                           0x080039fd   Thumb Code    76  mpu6000.o(i.mpu6000AccRead)
    mpu6000Init                              0x08003a4d   Thumb Code   214  mpu6000.o(i.mpu6000Init)
    mpu6000SpiReadRegister                   0x08003b29   Thumb Code    76  mpu6000.o(i.mpu6000SpiReadRegister)
    mpu6000SpiWriteRegister                  0x08003b7d   Thumb Code    62  mpu6000.o(i.mpu6000SpiWriteRegister)
    AHBPrescTable                            0x08003bcc   Data          16  system_stm32f4xx.o(.constdata)
    APBPrescTable                            0x08003bdc   Data           8  system_stm32f4xx.o(.constdata)
    Region$$Table$$Base                      0x08003be4   Number         0  anon$$obj.o(Region$$Table)
    Region$$Table$$Limit                     0x08003c04   Number         0  anon$$obj.o(Region$$Table)
    i                                        0x20000000   Data           1  main.o(.data)
    Altitude                                 0x20000004   Data           4  main.o(.data)
    DATA                                     0x20000008   Data           1  main.o(.data)
    cnt                                      0x2000000a   Data           2  main.o(.data)
    total_cnt                                0x2000000c   Data           2  main.o(.data)
    show                                     0x2000000e   Data           2  main.o(.data)
    raw_data                                 0x20000010   Data           6  main.o(.data)
    old_data                                 0x20000016   Data           6  main.o(.data)
    uwTick                                   0x2000001c   Data           4  stm32f4xx_hal.o(.data)
    uwTickPrio                               0x20000020   Data           4  stm32f4xx_hal.o(.data)
    uwTickFreq                               0x20000024   Data           1  stm32f4xx_hal.o(.data)
    SystemCoreClock                          0x20000028   Data           4  system_stm32f4xx.o(.data)
    capureVal                                0x20000030   Data           2  ppm_signal.o(.data)
    capureValDiff                            0x20000032   Data           2  ppm_signal.o(.data)
    prevCapureVal                            0x20000034   Data           2  ppm_signal.o(.data)
    rc_channel_cnt                           0x20000036   Data           1  ppm_signal.o(.data)
    rc_flag                                  0x20000037   Data           1  ppm_signal.o(.data)
    angle                                    0x20000038   Data          20  ppm_signal.o(.data)
    hi2c1                                    0x2000004c   Data          84  i2c.o(.bss)
    hspi1                                    0x200000a0   Data          88  spi.o(.bss)
    hdma_spi1_rx                             0x200000f8   Data          96  spi.o(.bss)
    hdma_spi1_tx                             0x20000158   Data          96  spi.o(.bss)
    htim6                                    0x200001b8   Data          64  tim.o(.bss)
    htim7                                    0x200001f8   Data          64  tim.o(.bss)
    htim9                                    0x20000238   Data          64  tim.o(.bss)
    huart4                                   0x20000278   Data          64  usart.o(.bss)
    rc_sginal                                0x200002b8   Data          22  ppm_signal.o(.bss)
    rc_channel                               0x200002d0   Data          40  ppm_signal.o(.bss)
    __initial_sp                             0x200006f8   Data           0  startup_stm32f405xx.o(STACK)



==============================================================================

Memory Map of the image

  Image Entry point : 0x08000189

  Load Region LR_IROM1 (Base: 0x08000000, Size: 0x00003c50, Max: 0x00100000, ABSOLUTE)

    Execution Region ER_IROM1 (Exec base: 0x08000000, Load base: 0x08000000, Size: 0x00003c04, Max: 0x00100000, ABSOLUTE)

    Exec Addr    Load Addr    Size         Type   Attr      Idx    E Section Name        Object

    0x08000000   0x08000000   0x00000188   Data   RO            3    RESET               startup_stm32f405xx.o
    0x08000188   0x08000188   0x00000000   Code   RO         4310  * .ARM.Collect$$$$00000000  mc_w.l(entry.o)
    0x08000188   0x08000188   0x00000004   Code   RO         4368    .ARM.Collect$$$$00000001  mc_w.l(entry2.o)
    0x0800018c   0x0800018c   0x00000004   Code   RO         4371    .ARM.Collect$$$$00000004  mc_w.l(entry5.o)
    0x08000190   0x08000190   0x00000000   Code   RO         4373    .ARM.Collect$$$$00000008  mc_w.l(entry7b.o)
    0x08000190   0x08000190   0x00000000   Code   RO         4375    .ARM.Collect$$$$0000000A  mc_w.l(entry8b.o)
    0x08000190   0x08000190   0x00000008   Code   RO         4376    .ARM.Collect$$$$0000000B  mc_w.l(entry9a.o)
    0x08000198   0x08000198   0x00000000   Code   RO         4378    .ARM.Collect$$$$0000000D  mc_w.l(entry10a.o)
    0x08000198   0x08000198   0x00000000   Code   RO         4380    .ARM.Collect$$$$0000000F  mc_w.l(entry11a.o)
    0x08000198   0x08000198   0x00000004   Code   RO         4369    .ARM.Collect$$$$00002712  mc_w.l(entry2.o)
    0x0800019c   0x0800019c   0x00000024   Code   RO            4    .text               startup_stm32f405xx.o
    0x080001c0   0x080001c0   0x00000062   Code   RO         4313    .text               mc_w.l(uldiv.o)
    0x08000222   0x08000222   0x00000024   Code   RO         4317    .text               mc_w.l(memseta.o)
    0x08000246   0x08000246   0x0000014e   Code   RO         4319    .text               mf_w.l(dadd.o)
    0x08000394   0x08000394   0x000000e4   Code   RO         4321    .text               mf_w.l(dmul.o)
    0x08000478   0x08000478   0x000000de   Code   RO         4323    .text               mf_w.l(ddiv.o)
    0x08000556   0x08000556   0x00000032   Code   RO         4325    .text               mf_w.l(dfixui.o)
    0x08000588   0x08000588   0x00000026   Code   RO         4327    .text               mf_w.l(f2d.o)
    0x080005ae   0x080005ae   0x00000038   Code   RO         4329    .text               mf_w.l(d2f.o)
    0x080005e6   0x080005e6   0x0000001e   Code   RO         4382    .text               mc_w.l(llshl.o)
    0x08000604   0x08000604   0x00000020   Code   RO         4384    .text               mc_w.l(llushr.o)
    0x08000624   0x08000624   0x00000024   Code   RO         4386    .text               mc_w.l(llsshr.o)
    0x08000648   0x08000648   0x00000000   Code   RO         4395    .text               mc_w.l(iusefp.o)
    0x08000648   0x08000648   0x0000006e   Code   RO         4396    .text               mf_w.l(fepilogue.o)
    0x080006b6   0x080006b6   0x000000ba   Code   RO         4398    .text               mf_w.l(depilogue.o)
    0x08000770   0x08000770   0x00000030   Code   RO         4406    .text               mf_w.l(cdrcmple.o)
    0x080007a0   0x080007a0   0x00000024   Code   RO         4408    .text               mc_w.l(init.o)
    0x080007c4   0x080007c4   0x00000004   Code   RO          467    i.BusFault_Handler  stm32f4xx_it.o
    0x080007c8   0x080007c8   0x00000010   Code   RO          468    i.DMA2_Stream0_IRQHandler  stm32f4xx_it.o
    0x080007d8   0x080007d8   0x00000010   Code   RO          469    i.DMA2_Stream3_IRQHandler  stm32f4xx_it.o
    0x080007e8   0x080007e8   0x00000034   Code   RO         1579    i.DMA_CalcBaseAndBitshift  stm32f4xx_hal_dma.o
    0x0800081c   0x0800081c   0x000000aa   Code   RO         1580    i.DMA_CheckFifoParam  stm32f4xx_hal_dma.o
    0x080008c6   0x080008c6   0x00000002   Code   RO          470    i.DebugMon_Handler  stm32f4xx_it.o
    0x080008c8   0x080008c8   0x00000002   Code   RO           13    i.Error_Handler     main.o
    0x080008ca   0x080008ca   0x000000de   Code   RO          200    i.GPIO_Set          gpio.o
    0x080009a8   0x080009a8   0x00000240   Code   RO         1587    i.HAL_DMA_IRQHandler  stm32f4xx_hal_dma.o
    0x08000be8   0x08000be8   0x000000ec   Code   RO         1588    i.HAL_DMA_Init      stm32f4xx_hal_dma.o
    0x08000cd4   0x08000cd4   0x00000028   Code   RO         2006    i.HAL_Delay         stm32f4xx_hal.o
    0x08000cfc   0x08000cfc   0x00000200   Code   RO         1475    i.HAL_GPIO_Init     stm32f4xx_hal_gpio.o
    0x08000efc   0x08000efc   0x0000000c   Code   RO         1479    i.HAL_GPIO_WritePin  stm32f4xx_hal_gpio.o
    0x08000f08   0x08000f08   0x0000000c   Code   RO         2012    i.HAL_GetTick       stm32f4xx_hal.o
    0x08000f14   0x08000f14   0x000001d0   Code   RO          596    i.HAL_I2C_Init      stm32f4xx_hal_i2c.o
    0x080010e4   0x080010e4   0x00000088   Code   RO          258    i.HAL_I2C_MspInit   i2c.o
    0x0800116c   0x0800116c   0x00000018   Code   RO         2018    i.HAL_IncTick       stm32f4xx_hal.o
    0x08001184   0x08001184   0x0000003c   Code   RO         2019    i.HAL_Init          stm32f4xx_hal.o
    0x080011c0   0x080011c0   0x0000004c   Code   RO         2020    i.HAL_InitTick      stm32f4xx_hal.o
    0x0800120c   0x0800120c   0x00000048   Code   RO          561    i.HAL_MspInit       stm32f4xx_hal_msp.o
    0x08001254   0x08001254   0x00000020   Code   RO         1864    i.HAL_NVIC_EnableIRQ  stm32f4xx_hal_cortex.o
    0x08001274   0x08001274   0x0000007c   Code   RO         1870    i.HAL_NVIC_SetPriority  stm32f4xx_hal_cortex.o
    0x080012f0   0x080012f0   0x00000028   Code   RO         1871    i.HAL_NVIC_SetPriorityGrouping  stm32f4xx_hal_cortex.o
    0x08001318   0x08001318   0x00000184   Code   RO         1076    i.HAL_RCC_ClockConfig  stm32f4xx_hal_rcc.o
    0x0800149c   0x0800149c   0x0000000c   Code   RO         1081    i.HAL_RCC_GetHCLKFreq  stm32f4xx_hal_rcc.o
    0x080014a8   0x080014a8   0x00000020   Code   RO         1083    i.HAL_RCC_GetPCLK1Freq  stm32f4xx_hal_rcc.o
    0x080014c8   0x080014c8   0x00000020   Code   RO         1084    i.HAL_RCC_GetPCLK2Freq  stm32f4xx_hal_rcc.o
    0x080014e8   0x080014e8   0x000000b0   Code   RO         1085    i.HAL_RCC_GetSysClockFreq  stm32f4xx_hal_rcc.o
    0x08001598   0x08001598   0x00000488   Code   RO         1088    i.HAL_RCC_OscConfig  stm32f4xx_hal_rcc.o
    0x08001a20   0x08001a20   0x0000008c   Code   RO         2268    i.HAL_SPI_Init      stm32f4xx_hal_spi.o
    0x08001aac   0x08001aac   0x00000118   Code   RO          300    i.HAL_SPI_MspInit   spi.o
    0x08001bc4   0x08001bc4   0x000001a2   Code   RO         2276    i.HAL_SPI_Transmit  stm32f4xx_hal_spi.o
    0x08001d66   0x08001d66   0x0000022a   Code   RO         2277    i.HAL_SPI_TransmitReceive  stm32f4xx_hal_spi.o
    0x08001f90   0x08001f90   0x00000034   Code   RO         1875    i.HAL_SYSTICK_Config  stm32f4xx_hal_cortex.o
    0x08001fc4   0x08001fc4   0x00000002   Code   RO         3267    i.HAL_TIMEx_BreakCallback  stm32f4xx_hal_tim_ex.o
    0x08001fc6   0x08001fc6   0x00000002   Code   RO         3268    i.HAL_TIMEx_CommutCallback  stm32f4xx_hal_tim_ex.o
    0x08001fc8   0x08001fc8   0x000000b4   Code   RO         3285    i.HAL_TIMEx_MasterConfigSynchronization  stm32f4xx_hal_tim_ex.o
    0x0800207c   0x0800207c   0x00000034   Code   RO         2581    i.HAL_TIM_Base_Init  stm32f4xx_hal_tim.o
    0x080020b0   0x080020b0   0x00000060   Code   RO          342    i.HAL_TIM_Base_MspInit  tim.o
    0x08002110   0x08002110   0x0000002a   Code   RO         2584    i.HAL_TIM_Base_Start  stm32f4xx_hal_tim.o
    0x0800213a   0x0800213a   0x00000038   Code   RO         2587    i.HAL_TIM_Base_Stop  stm32f4xx_hal_tim.o
    0x08002172   0x08002172   0x00000002   PAD
    0x08002174   0x08002174   0x00000074   Code   RO         4163    i.HAL_TIM_IC_CaptureCallback  ppm_signal.o
    0x080021e8   0x080021e8   0x000000e0   Code   RO         2612    i.HAL_TIM_IC_ConfigChannel  stm32f4xx_hal_tim.o
    0x080022c8   0x080022c8   0x00000034   Code   RO         2615    i.HAL_TIM_IC_Init   stm32f4xx_hal_tim.o
    0x080022fc   0x080022fc   0x00000094   Code   RO          344    i.HAL_TIM_IC_MspInit  tim.o
    0x08002390   0x08002390   0x00000078   Code   RO         2620    i.HAL_TIM_IC_Start_IT  stm32f4xx_hal_tim.o
    0x08002408   0x08002408   0x00000196   Code   RO         2624    i.HAL_TIM_IRQHandler  stm32f4xx_hal_tim.o
    0x0800259e   0x0800259e   0x00000002   Code   RO         2627    i.HAL_TIM_OC_DelayElapsedCallback  stm32f4xx_hal_tim.o
    0x080025a0   0x080025a0   0x00000002   Code   RO         2654    i.HAL_TIM_PWM_PulseFinishedCallback  stm32f4xx_hal_tim.o
    0x080025a2   0x080025a2   0x00000002   Code   RO         2662    i.HAL_TIM_PeriodElapsedCallback  stm32f4xx_hal_tim.o
    0x080025a4   0x080025a4   0x00000032   Code   RO         2664    i.HAL_TIM_ReadCapturedValue  stm32f4xx_hal_tim.o
    0x080025d6   0x080025d6   0x00000002   Code   RO         2667    i.HAL_TIM_TriggerCallback  stm32f4xx_hal_tim.o
    0x080025d8   0x080025d8   0x00000072   Code   RO         3543    i.HAL_UART_Init     stm32f4xx_hal_uart.o
    0x0800264a   0x0800264a   0x00000002   PAD
    0x0800264c   0x0800264c   0x00000088   Code   RO          426    i.HAL_UART_MspInit  usart.o
    0x080026d4   0x080026d4   0x00000004   Code   RO          471    i.HardFault_Handler  stm32f4xx_it.o
    0x080026d8   0x080026d8   0x00000048   Code   RO          233    i.MX_DMA_Init       dma.o
    0x08002720   0x08002720   0x000000dc   Code   RO          201    i.MX_GPIO_Init      gpio.o
    0x080027fc   0x080027fc   0x0000003c   Code   RO          259    i.MX_I2C1_Init      i2c.o
    0x08002838   0x08002838   0x00000048   Code   RO          301    i.MX_SPI1_Init      spi.o
    0x08002880   0x08002880   0x0000004c   Code   RO          345    i.MX_TIM6_Init      tim.o
    0x080028cc   0x080028cc   0x00000048   Code   RO          346    i.MX_TIM7_Init      tim.o
    0x08002914   0x08002914   0x0000005c   Code   RO          347    i.MX_TIM9_Init      tim.o
    0x08002970   0x08002970   0x00000038   Code   RO          427    i.MX_UART4_Init     usart.o
    0x080029a8   0x080029a8   0x00000004   Code   RO          472    i.MemManage_Handler  stm32f4xx_it.o
    0x080029ac   0x080029ac   0x00000002   Code   RO          473    i.NMI_Handler       stm32f4xx_it.o
    0x080029ae   0x080029ae   0x00000010   Code   RO         4198    i.PCA9685_AutoIncrement  pca9685.o
    0x080029be   0x080029be   0x00000002   PAD
    0x080029c0   0x080029c0   0x00000044   Code   RO         4199    i.PCA9685_Init      pca9685.o
    0x08002a04   0x08002a04   0x00000010   Code   RO         4200    i.PCA9685_RestartMode  pca9685.o
    0x08002a14   0x08002a14   0x0000001a   Code   RO         4201    i.PCA9685_SetBit    pca9685.o
    0x08002a2e   0x08002a2e   0x00000044   Code   RO         4203    i.PCA9685_SetPwm    pca9685.o
    0x08002a72   0x08002a72   0x00000002   PAD
    0x08002a74   0x08002a74   0x000000e8   Code   RO         4204    i.PCA9685_SetPwmFrequency  pca9685.o
    0x08002b5c   0x08002b5c   0x00000070   Code   RO         4205    i.PCA9685_SetServoAngle  pca9685.o
    0x08002bcc   0x08002bcc   0x00000010   Code   RO         4206    i.PCA9685_SleepMode  pca9685.o
    0x08002bdc   0x08002bdc   0x0000001a   Code   RO         4207    i.PCA9685_SoftwareReset  pca9685.o
    0x08002bf6   0x08002bf6   0x00000002   Code   RO          474    i.PendSV_Handler    stm32f4xx_it.o
    0x08002bf8   0x08002bf8   0x00000034   Code   RO         3936    i.SOFT_I2C_Ack      soft_i2c.o
    0x08002c2c   0x08002c2c   0x0000000a   Code   RO         3937    i.SOFT_I2C_Delay    soft_i2c.o
    0x08002c36   0x08002c36   0x00000002   PAD
    0x08002c38   0x08002c38   0x00000034   Code   RO         3938    i.SOFT_I2C_NAck     soft_i2c.o
    0x08002c6c   0x08002c6c   0x00000064   Code   RO         3939    i.SOFT_I2C_Read_Byte  soft_i2c.o
    0x08002cd0   0x08002cd0   0x0000001c   Code   RO         3940    i.SOFT_I2C_SDA_IN   soft_i2c.o
    0x08002cec   0x08002cec   0x0000001c   Code   RO         3941    i.SOFT_I2C_SDA_OUT  soft_i2c.o
    0x08002d08   0x08002d08   0x00000048   Code   RO         3942    i.SOFT_I2C_Send_Byte  soft_i2c.o
    0x08002d50   0x08002d50   0x00000030   Code   RO         3943    i.SOFT_I2C_Start    soft_i2c.o
    0x08002d80   0x08002d80   0x00000028   Code   RO         3944    i.SOFT_I2C_Stop     soft_i2c.o
    0x08002da8   0x08002da8   0x0000004c   Code   RO         3945    i.SOFT_I2C_Wait_Ack  soft_i2c.o
    0x08002df4   0x08002df4   0x0000006c   Code   RO         2306    i.SPI_EndRxTxTransaction  stm32f4xx_hal_spi.o
    0x08002e60   0x08002e60   0x000000a8   Code   RO         2311    i.SPI_WaitFlagStateUntilTimeout  stm32f4xx_hal_spi.o
    0x08002f08   0x08002f08   0x00000002   Code   RO          475    i.SVC_Handler       stm32f4xx_it.o
    0x08002f0a   0x08002f0a   0x00000008   Code   RO          476    i.SysTick_Handler   stm32f4xx_it.o
    0x08002f12   0x08002f12   0x00000002   PAD
    0x08002f14   0x08002f14   0x000000b4   Code   RO           14    i.SystemClock_Config  main.o
    0x08002fc8   0x08002fc8   0x0000001c   Code   RO         3850    i.SystemInit        system_stm32f4xx.o
    0x08002fe4   0x08002fe4   0x00000010   Code   RO          477    i.TIM1_BRK_TIM9_IRQHandler  stm32f4xx_it.o
    0x08002ff4   0x08002ff4   0x000000d8   Code   RO         2669    i.TIM_Base_SetConfig  stm32f4xx_hal_tim.o
    0x080030cc   0x080030cc   0x00000022   Code   RO         2670    i.TIM_CCxChannelCmd  stm32f4xx_hal_tim.o
    0x080030ee   0x080030ee   0x00000002   PAD
    0x080030f0   0x080030f0   0x00000090   Code   RO         2688    i.TIM_TI1_SetConfig  stm32f4xx_hal_tim.o
    0x08003180   0x08003180   0x0000003a   Code   RO         2690    i.TIM_TI2_SetConfig  stm32f4xx_hal_tim.o
    0x080031ba   0x080031ba   0x00000038   Code   RO         2691    i.TIM_TI3_SetConfig  stm32f4xx_hal_tim.o
    0x080031f2   0x080031f2   0x0000003c   Code   RO         2692    i.TIM_TI4_SetConfig  stm32f4xx_hal_tim.o
    0x0800322e   0x0800322e   0x00000002   PAD
    0x08003230   0x08003230   0x000003e8   Code   RO         3570    i.UART_SetConfig    stm32f4xx_hal_uart.o
    0x08003618   0x08003618   0x00000004   Code   RO          478    i.UsageFault_Handler  stm32f4xx_it.o
    0x0800361c   0x0800361c   0x00000010   Code   RO         1877    i.__NVIC_GetPriorityGrouping  stm32f4xx_hal_cortex.o
    0x0800362c   0x0800362c   0x00000028   Code   RO         1878    i.__NVIC_SetPriority  stm32f4xx_hal_cortex.o
    0x08003654   0x08003654   0x00000004   PAD
    0x08003658   0x08003658   0x00000118   Code   RO         4290    i.__hardfp_floor    m_wm.l(floor.o)
    0x08003770   0x08003770   0x0000000e   Code   RO         4416    i.__scatterload_copy  mc_w.l(handlers.o)
    0x0800377e   0x0800377e   0x00000002   Code   RO         4417    i.__scatterload_null  mc_w.l(handlers.o)
    0x08003780   0x08003780   0x0000000e   Code   RO         4418    i.__scatterload_zeroinit  mc_w.l(handlers.o)
    0x0800378e   0x0800378e   0x00000002   PAD
    0x08003790   0x08003790   0x00000038   Code   RO          349    i.delay_quarter_us  tim.o
    0x080037c8   0x080037c8   0x00000050   Code   RO         3948    i.i2cdevReadByte    soft_i2c.o
    0x08003818   0x08003818   0x00000064   Code   RO         3949    i.i2cdevWrite       soft_i2c.o
    0x0800387c   0x0800387c   0x00000050   Code   RO         3950    i.i2cdevWriteBit    soft_i2c.o
    0x080038cc   0x080038cc   0x00000052   Code   RO         3952    i.i2cdevWriteByte   soft_i2c.o
    0x0800391e   0x0800391e   0x00000002   PAD
    0x08003920   0x08003920   0x000000dc   Code   RO           15    i.main              main.o
    0x080039fc   0x080039fc   0x00000050   Code   RO         3886    i.mpu6000AccRead    mpu6000.o
    0x08003a4c   0x08003a4c   0x000000dc   Code   RO         3888    i.mpu6000Init       mpu6000.o
    0x08003b28   0x08003b28   0x00000054   Code   RO         3889    i.mpu6000SpiReadRegister  mpu6000.o
    0x08003b7c   0x08003b7c   0x00000048   Code   RO         3890    i.mpu6000SpiWriteRegister  mpu6000.o
    0x08003bc4   0x08003bc4   0x00000008   Data   RO         1594    .constdata          stm32f4xx_hal_dma.o
    0x08003bcc   0x08003bcc   0x00000018   Data   RO         3851    .constdata          system_stm32f4xx.o
    0x08003be4   0x08003be4   0x00000020   Data   RO         4414    Region$$Table       anon$$obj.o


    Execution Region RW_IRAM2 (Exec base: 0x10000000, Load base: 0x08003c50, Size: 0x00000000, Max: 0x00010000, ABSOLUTE)

    **** No section assigned to this execution region ****


    Execution Region RW_IRAM1 (Exec base: 0x20000000, Load base: 0x08003c04, Size: 0x000006f8, Max: 0x00020000, ABSOLUTE)

    Exec Addr    Load Addr    Size         Type   Attr      Idx    E Section Name        Object

    0x20000000   0x08003c04   0x0000001c   Data   RW           16    .data               main.o
    0x2000001c   0x08003c20   0x00000009   Data   RW         2026    .data               stm32f4xx_hal.o
    0x20000025   0x08003c29   0x00000003   PAD
    0x20000028   0x08003c2c   0x00000004   Data   RW         3852    .data               system_stm32f4xx.o
    0x2000002c   0x08003c30   0x00000001   Data   RW         3891    .data               mpu6000.o
    0x2000002d   0x08003c31   0x00000003   PAD
    0x20000030   0x08003c34   0x0000001c   Data   RW         4166    .data               ppm_signal.o
    0x2000004c        -       0x00000054   Zero   RW          260    .bss                i2c.o
    0x200000a0        -       0x00000118   Zero   RW          302    .bss                spi.o
    0x200001b8        -       0x000000c0   Zero   RW          351    .bss                tim.o
    0x20000278        -       0x00000040   Zero   RW          428    .bss                usart.o
    0x200002b8        -       0x00000040   Zero   RW         4165    .bss                ppm_signal.o
    0x200002f8        -       0x00000400   Zero   RW            1    STACK               startup_stm32f405xx.o


==============================================================================

Image component sizes


      Code (inc. data)   RO Data    RW Data    ZI Data      Debug   Object Name

        72          4          0          0          0        774   dma.o
       442         14          0          0          0       1822   gpio.o
       196         26          0          0         84       1665   i2c.o
       402         42          0         28          0     657907   main.o
       456         28          0          1          0       4094   mpu6000.o
       580         52          0          0          0       5777   pca9685.o
       116         22          0         28         64       1439   ppm_signal.o
       848         72          0          0          0       9134   soft_i2c.o
       352         36          0          0        280       1871   spi.o
        36          8        392          0       1024        848   startup_stm32f405xx.o
       212         36          0          9          0       9481   stm32f4xx_hal.o
       304         22          0          0          0      34535   stm32f4xx_hal_cortex.o
      1034         16          8          0          0       3948   stm32f4xx_hal_dma.o
       524         46          0          0          0       2344   stm32f4xx_hal_gpio.o
       464         18          0          0          0       2091   stm32f4xx_hal_i2c.o
        72          4          0          0          0        854   stm32f4xx_hal_msp.o
      1800         84          0          0          0       5696   stm32f4xx_hal_rcc.o
      1388          8          0          0          0       5856   stm32f4xx_hal_spi.o
      1578         76          0          0          0      13502   stm32f4xx_hal_tim.o
       184         30          0          0          0       2541   stm32f4xx_hal_tim_ex.o
      1114          8          0          0          0       1936   stm32f4xx_hal_uart.o
        80         18          0          0          0       5749   stm32f4xx_it.o
        28          4         24          4          0       1167   system_stm32f4xx.o
       540         54          0          0        192       4096   tim.o
       192         24          0          0         64       1688   usart.o

    ----------------------------------------------------------------------
     13036        756        456         76       1708     780815   Object Totals
         0          0         32          0          0          0   (incl. Generated)
        22          4          0          6          0          0   (incl. Padding)

    ----------------------------------------------------------------------

      Code (inc. data)   RO Data    RW Data    ZI Data      Debug   Library Member Name

       280         28          0          0          0        156   floor.o
         0          0          0          0          0          0   entry.o
         0          0          0          0          0          0   entry10a.o
         0          0          0          0          0          0   entry11a.o
         8          4          0          0          0          0   entry2.o
         4          0          0          0          0          0   entry5.o
         0          0          0          0          0          0   entry7b.o
         0          0          0          0          0          0   entry8b.o
         8          4          0          0          0          0   entry9a.o
        30          0          0          0          0          0   handlers.o
        36          8          0          0          0         68   init.o
         0          0          0          0          0          0   iusefp.o
        30          0          0          0          0         68   llshl.o
        36          0          0          0          0         68   llsshr.o
        32          0          0          0          0         68   llushr.o
        36          0          0          0          0        108   memseta.o
        98          0          0          0          0         92   uldiv.o
        48          0          0          0          0         68   cdrcmple.o
        56          0          0          0          0         88   d2f.o
       334          0          0          0          0        148   dadd.o
       222          0          0          0          0        100   ddiv.o
       186          0          0          0          0        176   depilogue.o
        50          0          0          0          0         76   dfixui.o
       228          0          0          0          0         96   dmul.o
        38          0          0          0          0         68   f2d.o
       110          0          0          0          0        168   fepilogue.o

    ----------------------------------------------------------------------
      1872         44          0          0          0       1616   Library Totals
         2          0          0          0          0          0   (incl. Padding)

    ----------------------------------------------------------------------

      Code (inc. data)   RO Data    RW Data    ZI Data      Debug   Library Name

       280         28          0          0          0        156   m_wm.l
       318         16          0          0          0        472   mc_w.l
      1272          0          0          0          0        988   mf_w.l

    ----------------------------------------------------------------------
      1872         44          0          0          0       1616   Library Totals

    ----------------------------------------------------------------------

==============================================================================


      Code (inc. data)   RO Data    RW Data    ZI Data      Debug   

     14908        800        456         76       1708     771411   Grand Totals
     14908        800        456         76       1708     771411   ELF Image Totals
     14908        800        456         76          0          0   ROM Totals

==============================================================================

    Total RO  Size (Code + RO Data)                15364 (  15.00kB)
    Total RW  Size (RW Data + ZI Data)              1784 (   1.74kB)
    Total ROM Size (Code + RO Data + RW Data)      15440 (  15.08kB)

==============================================================================

